[    0.000000] Initializing cgroup subsys cpuset
[    0.000000] Initializing cgroup subsys cpu
[    0.000000] Initializing cgroup subsys cpuacct
[    0.000000] Linux version 4.4.0-201-generic (buildd@lgw01-amd64-044) (gcc version 5.4.0 20160609 (Ubuntu 5.4.0-6ubuntu1~16.04.12) ) #233-Ubuntu SMP Thu Jan 14 06:10:28 UTC 2021 (Ubuntu 4.4.0-201.233-generic 4.4.247)
[    0.000000] Command line: BOOT_IMAGE=/boot/vmlinuz-4.4.0-201-generic root=LABEL=cloudimg-rootfs ro console=tty1 console=ttyS0
[    0.000000] KERNEL supported cpus:
[    0.000000]   Intel GenuineIntel
[    0.000000]   AMD AuthenticAMD
[    0.000000]   Centaur CentaurHauls
[    0.000000] [Firmware Bug]: TSC doesn't count with P0 frequency!
[    0.000000] x86/fpu: xstate_offset[2]:  576, xstate_sizes[2]:  256
[    0.000000] x86/fpu: Supporting XSAVE feature 0x01: 'x87 floating point registers'
[    0.000000] x86/fpu: Supporting XSAVE feature 0x02: 'SSE registers'
[    0.000000] x86/fpu: Supporting XSAVE feature 0x04: 'AVX registers'
[    0.000000] x86/fpu: Enabled xstate features 0x7, context size is 832 bytes, using 'standard' format.
[    0.000000] e820: BIOS-provided physical RAM map:
[    0.000000] BIOS-e820: [mem 0x0000000000000000-0x000000000009fbff] usable
[    0.000000] BIOS-e820: [mem 0x000000000009fc00-0x000000000009ffff] reserved
[    0.000000] BIOS-e820: [mem 0x00000000000f0000-0x00000000000fffff] reserved
[    0.000000] BIOS-e820: [mem 0x0000000000100000-0x00000000dffeffff] usable
[    0.000000] BIOS-e820: [mem 0x00000000dfff0000-0x00000000dfffffff] ACPI data
[    0.000000] BIOS-e820: [mem 0x00000000fec00000-0x00000000fec00fff] reserved
[    0.000000] BIOS-e820: [mem 0x00000000fee00000-0x00000000fee00fff] reserved
[    0.000000] BIOS-e820: [mem 0x00000000fffc0000-0x00000000ffffffff] reserved
[    0.000000] BIOS-e820: [mem 0x0000000100000000-0x000000021fffffff] usable
[    0.000000] NX (Execute Disable) protection: active
[    0.000000] SMBIOS 2.5 present.
[    0.000000] Hypervisor detected: KVM
[    0.000000] Kernel/User page tables isolation: disabled
[    0.000000] e820: last_pfn = 0x220000 max_arch_pfn = 0x400000000
[    0.000000] MTRR: Disabled
[    0.000000] x86/PAT: MTRRs disabled, skipping PAT initialization too.
[    0.000000] CPU MTRRs all blank - virtualized system.
[    0.000000] x86/PAT: Configuration [0-7]: WB  WT  UC- UC  WB  WT  UC- UC  
[    0.000000] e820: last_pfn = 0xdfff0 max_arch_pfn = 0x400000000
[    0.000000] found SMP MP-table at [mem 0x0009fff0-0x0009ffff] mapped at [ffff88000009fff0]
[    0.000000] Scanning 1 areas for low memory corruption
[    0.000000] RAMDISK: [mem 0x362e0000-0x37167fff]
[    0.000000] ACPI: Early table checksum verification disabled
[    0.000000] ACPI: RSDP 0x00000000000E0000 000024 (v02 VBOX  )
[    0.000000] ACPI: XSDT 0x00000000DFFF0030 00003C (v01 VBOX   VBOXXSDT 00000001 ASL  00000061)
[    0.000000] ACPI: FACP 0x00000000DFFF00F0 0000F4 (v04 VBOX   VBOXFACP 00000001 ASL  00000061)
[    0.000000] ACPI: DSDT 0x00000000DFFF0470 002325 (v02 VBOX   VBOXBIOS 00000002 INTL 20100528)
[    0.000000] ACPI: FACS 0x00000000DFFF0200 000040
[    0.000000] ACPI: FACS 0x00000000DFFF0200 000040
[    0.000000] ACPI: APIC 0x00000000DFFF0240 00005C (v02 VBOX   VBOXAPIC 00000001 ASL  00000061)
[    0.000000] ACPI: SSDT 0x00000000DFFF02A0 0001CC (v01 VBOX   VBOXCPUT 00000002 INTL 20100528)
[    0.000000] No NUMA configuration found
[    0.000000] Faking a node at [mem 0x0000000000000000-0x000000021fffffff]
[    0.000000] NODE_DATA(0) allocated [mem 0x21fff5000-0x21fff9fff]
[    0.000000] kvm-clock: Using msrs 4b564d01 and 4b564d00
[    0.000000] kvm-clock: cpu 0, msr 2:1ffed001, primary cpu clock
[    0.000000] kvm-clock: using sched offset of 3242446871 cycles
[    0.000000] clocksource: kvm-clock: mask: 0xffffffffffffffff max_cycles: 0x1cd42e4dffb, max_idle_ns: 881590591483 ns
[    0.000000] Zone ranges:
[    0.000000]   DMA      [mem 0x0000000000001000-0x0000000000ffffff]
[    0.000000]   DMA32    [mem 0x0000000001000000-0x00000000ffffffff]
[    0.000000]   Normal   [mem 0x0000000100000000-0x000000021fffffff]
[    0.000000]   Device   empty
[    0.000000] Movable zone start for each node
[    0.000000] Early memory node ranges
[    0.000000]   node   0: [mem 0x0000000000001000-0x000000000009efff]
[    0.000000]   node   0: [mem 0x0000000000100000-0x00000000dffeffff]
[    0.000000]   node   0: [mem 0x0000000100000000-0x000000021fffffff]
[    0.000000] Initmem setup node 0 [mem 0x0000000000001000-0x000000021fffffff]
[    0.000000] ACPI: PM-Timer IO Port: 0x4008
[    0.000000] IOAPIC[0]: apic_id 2, version 32, address 0xfec00000, GSI 0-23
[    0.000000] ACPI: INT_SRC_OVR (bus 0 bus_irq 0 global_irq 2 dfl dfl)
[    0.000000] ACPI: INT_SRC_OVR (bus 0 bus_irq 9 global_irq 9 low level)
[    0.000000] Using ACPI (MADT) for SMP configuration information
[    0.000000] smpboot: Allowing 2 CPUs, 0 hotplug CPUs
[    0.000000] PM: Registered nosave memory: [mem 0x00000000-0x00000fff]
[    0.000000] PM: Registered nosave memory: [mem 0x0009f000-0x0009ffff]
[    0.000000] PM: Registered nosave memory: [mem 0x000a0000-0x000effff]
[    0.000000] PM: Registered nosave memory: [mem 0x000f0000-0x000fffff]
[    0.000000] PM: Registered nosave memory: [mem 0xdfff0000-0xdfffffff]
[    0.000000] PM: Registered nosave memory: [mem 0xe0000000-0xfebfffff]
[    0.000000] PM: Registered nosave memory: [mem 0xfec00000-0xfec00fff]
[    0.000000] PM: Registered nosave memory: [mem 0xfec01000-0xfedfffff]
[    0.000000] PM: Registered nosave memory: [mem 0xfee00000-0xfee00fff]
[    0.000000] PM: Registered nosave memory: [mem 0xfee01000-0xfffbffff]
[    0.000000] PM: Registered nosave memory: [mem 0xfffc0000-0xffffffff]
[    0.000000] e820: [mem 0xe0000000-0xfebfffff] available for PCI devices
[    0.000000] Booting paravirtualized kernel on KVM
[    0.000000] clocksource: refined-jiffies: mask: 0xffffffff max_cycles: 0xffffffff, max_idle_ns: 7645519600211568 ns
[    0.000000] setup_percpu: NR_CPUS:512 nr_cpumask_bits:512 nr_cpu_ids:2 nr_node_ids:1
[    0.000000] PERCPU: Embedded 33 pages/cpu @ffff88021fc00000 s95640 r8192 d31336 u1048576
[    0.000000] Built 1 zonelists in Node order, mobility grouping on.  Total pages: 2064248
[    0.000000] Policy zone: Normal
[    0.000000] Kernel command line: BOOT_IMAGE=/boot/vmlinuz-4.4.0-201-generic root=LABEL=cloudimg-rootfs ro console=tty1 console=ttyS0
[    0.000000] PID hash table entries: 4096 (order: 3, 32768 bytes)
[    0.000000] Memory: 8156936K/8388152K available (8641K kernel code, 1337K rwdata, 4044K rodata, 1492K init, 1296K bss, 231216K reserved, 0K cma-reserved)
[    0.000000] SLUB: HWalign=64, Order=0-3, MinObjects=0, CPUs=2, Nodes=1
[    0.000000] Hierarchical RCU implementation.
[    0.000000] 	Build-time adjustment of leaf fanout to 64.
[    0.000000] 	RCU restricting CPUs from NR_CPUS=512 to nr_cpu_ids=2.
[    0.000000] RCU: Adjusting geometry for rcu_fanout_leaf=64, nr_cpu_ids=2
[    0.000000] NR_IRQS:33024 nr_irqs:440 16
[    0.000000] Console: colour VGA+ 80x25
[    0.000000] console [tty1] enabled
[    0.000000] console [ttyS0] enabled
[    0.000000] tsc: Detected 3600.002 MHz processor
[    0.693700] Calibrating delay loop (skipped) preset value.. 7200.00 BogoMIPS (lpj=14400008)
[    0.695344] pid_max: default: 32768 minimum: 301
[    0.696075] ACPI: Core revision 20150930
[    0.697664] ACPI: 2 ACPI AML tables successfully acquired and loaded
[    0.698670] Security Framework initialized
[    0.699334] Yama: becoming mindful.
[    0.700078] AppArmor: AppArmor initialized
[    0.704010] Dentry cache hash table entries: 1048576 (order: 11, 8388608 bytes)
[    0.716773] Inode-cache hash table entries: 524288 (order: 10, 4194304 bytes)
[    0.720837] Mount-cache hash table entries: 16384 (order: 5, 131072 bytes)
[    0.721870] Mountpoint-cache hash table entries: 16384 (order: 5, 131072 bytes)
[    0.723365] Initializing cgroup subsys io
[    0.724064] Initializing cgroup subsys memory
[    0.724795] Initializing cgroup subsys devices
[    0.725497] Initializing cgroup subsys freezer
[    0.726210] Initializing cgroup subsys net_cls
[    0.726945] Initializing cgroup subsys perf_event
[    0.727687] Initializing cgroup subsys net_prio
[    0.728417] Initializing cgroup subsys hugetlb
[    0.729145] Initializing cgroup subsys pids
[    0.735096] mce: CPU supports 0 MCE banks
[    0.735800] Last level iTLB entries: 4KB 1024, 2MB 1024, 4MB 512
[    0.736688] Last level dTLB entries: 4KB 1536, 2MB 1536, 4MB 768, 1GB 0
[    0.737643] Spectre V1 : Mitigation: usercopy/swapgs barriers and __user pointer sanitization
[    0.738983] Spectre V2 : Spectre mitigation: LFENCE not serializing, switching to generic retpoline
[    0.740381] Spectre V2 : Mitigation: Full generic retpoline
[    0.741238] Spectre V2 : Spectre v2 / SpectreRSB mitigation: Filling RSB on context switch
[    0.742540] Speculative Store Bypass: Mitigation: Speculative Store Bypass disabled via prctl and seccomp
[    0.746323] Freeing SMP alternatives memory: 36K
[    0.752589] ftrace: allocating 32361 entries in 127 pages
[    0.809432] smpboot: APIC(0) Converting physical 0 to logical package 0
[    0.810481] smpboot: Max logical packages: 1
[    0.811400] x2apic enabled
[    0.812130] Switched APIC routing to physical x2apic.
[    0.814022] ..TIMER: vector=0x30 apic1=0 pin1=2 apic2=-1 pin2=-1
[    0.923350] APIC calibration not consistent with PM-Timer: 109ms instead of 100ms
[    0.924795] APIC delta adjusted to PM-Timer: 6404687 (7029207)
[    0.925836] smpboot: CPU0: AMD Ryzen 5 1600X Six-Core Processor (family: 0x17, model: 0x1, stepping: 0x1)
[    0.927565] Performance Events: Broken PMU hardware detected, using software events only.
[    0.929020] Failed to access perfctr msr (MSR c0010007 is 0)
[    0.936159] KVM setup paravirtual spinlock
[    0.940402] x86: Booting SMP configuration:
[    0.941167] .... node  #0, CPUs:      #1
[    0.941964] kvm-clock: cpu 1, msr 2:1ffed041, secondary cpu clock
[    0.947996] mce: CPU supports 0 MCE banks
[    0.950508] x86: Booted up 1 node, 2 CPUs
[    0.951400] smpboot: Total of 2 processors activated (14400.00 BogoMIPS)
[    0.952764] devtmpfs: initialized
[    0.956026] evm: security.selinux
[    0.956661] evm: security.SMACK64
[    0.957310] evm: security.SMACK64EXEC
[    0.957974] evm: security.SMACK64TRANSMUTE
[    0.958701] evm: security.SMACK64MMAP
[    0.959397] evm: security.ima
[    0.960013] evm: security.capability
[    0.960892] clocksource: jiffies: mask: 0xffffffff max_cycles: 0xffffffff, max_idle_ns: 7645041785100000 ns
[    0.962517] futex hash table entries: 512 (order: 3, 32768 bytes)
[    0.963575] pinctrl core: initialized pinctrl subsystem
[    0.964728] RTC time: 19:52:29, date: 03/25/21
[    0.965713] NET: Registered protocol family 16
[    0.975183] cpuidle: using governor ladder
[    0.987814] cpuidle: using governor menu
[    0.988748] PCCT header not found.
[    0.989707] ACPI: bus type PCI registered
[    0.990399] acpiphp: ACPI Hot Plug PCI Controller Driver version: 0.5
[    0.991483] PCI: Using configuration type 1 for base access
[    0.992414] PCI: Using configuration type 1 for extended access
[    1.004445] ACPI: Added _OSI(Module Device)
[    1.005153] ACPI: Added _OSI(Processor Device)
[    1.005873] ACPI: Added _OSI(3.0 _SCP Extensions)
[    1.006585] ACPI: Added _OSI(Processor Aggregator Device)
[    1.007850] ACPI: Executed 1 blocks of module-level executable AML code
[    1.010964] ACPI: Interpreter enabled
[    1.011641] ACPI: (supports S0 S5)
[    1.012232] ACPI: Using IOAPIC for interrupt routing
[    1.021034] PCI: Using host bridge windows from ACPI; if necessary, use "pci=nocrs" and report a bug
[    1.025536] ACPI: PCI Root Bridge [PCI0] (domain 0000 [bus 00-ff])
[    1.026450] acpi PNP0A03:00: _OSC: OS supports [ExtendedConfig ASPM ClockPM Segments MSI]
[    1.028159] acpi PNP0A03:00: _OSC: platform does not support [PCIeCapability]
[    1.029533] acpi PNP0A03:00: _OSC: not requesting control; platform does not support [PCIeCapability]
[    1.031600] acpi PNP0A03:00: _OSC: OS requested [PCIeHotplug PME AER PCIeCapability]
[    1.033400] acpi PNP0A03:00: _OSC: platform willing to grant [PCIeHotplug PME AER]
[    1.034615] acpi PNP0A03:00: _OSC failed (AE_SUPPORT); disabling ASPM
[    1.035958] PCI host bridge to bus 0000:00
[    1.036686] pci_bus 0000:00: root bus resource [io  0x0000-0x0cf7 window]
[    1.038018] pci_bus 0000:00: root bus resource [io  0x0d00-0xffff window]
[    1.039108] pci_bus 0000:00: root bus resource [mem 0x000a0000-0x000bffff window]
[    1.040365] pci_bus 0000:00: root bus resource [mem 0xe0000000-0xfdffffff window]
[    1.041558] pci_bus 0000:00: root bus resource [bus 00-ff]
[    1.044108] pci 0000:00:01.1: legacy IDE quirk: reg 0x10: [io  0x01f0-0x01f7]
[    1.045232] pci 0000:00:01.1: legacy IDE quirk: reg 0x14: [io  0x03f6]
[    1.046229] pci 0000:00:01.1: legacy IDE quirk: reg 0x18: [io  0x0170-0x0177]
[    1.047310] pci 0000:00:01.1: legacy IDE quirk: reg 0x1c: [io  0x0376]
[    1.120421] pci 0000:00:07.0: quirk: [io  0x4000-0x403f] claimed by PIIX4 ACPI
[    1.121817] pci 0000:00:07.0: quirk: [io  0x4100-0x410f] claimed by PIIX4 SMB
[    1.172603] ACPI: PCI Interrupt Link [LNKA] (IRQs 5 9 10 *11)
[    1.173923] ACPI: PCI Interrupt Link [LNKB] (IRQs 5 9 *10 11)
[    1.175336] ACPI: PCI Interrupt Link [LNKC] (IRQs 5 *9 10 11)
[    1.176913] ACPI: PCI Interrupt Link [LNKD] (IRQs 5 9 10 *11)
[    1.178185] ACPI: Enabled 2 GPEs in block 00 to 07
[    1.179177] vgaarb: setting as boot device: PCI:0000:00:02.0
[    1.180011] vgaarb: device added: PCI:0000:00:02.0,decodes=io+mem,owns=io+mem,locks=none
[    1.181263] vgaarb: loaded
[    1.181906] vgaarb: bridge control possible 0000:00:02.0
[    1.183222] SCSI subsystem initialized
[    1.183969] ACPI: bus type USB registered
[    1.184727] usbcore: registered new interface driver usbfs
[    1.185568] usbcore: registered new interface driver hub
[    1.186406] usbcore: registered new device driver usb
[    1.190452] PCI: Using ACPI for IRQ routing
[    1.191433] NetLabel: Initializing
[    1.192100] NetLabel:  domain hash size = 128
[    1.192846] NetLabel:  protocols = UNLABELED CIPSOv4
[    1.193649] NetLabel:  unlabeled traffic allowed by default
[    1.194613] amd_nb: Cannot enumerate AMD northbridges
[    1.195410] clocksource: Switched to clocksource kvm-clock
[    1.206950] AppArmor: AppArmor Filesystem Enabled
[    1.207729] pnp: PnP ACPI init
[    1.208861] pnp: PnP ACPI: found 3 devices
[    1.218164] clocksource: acpi_pm: mask: 0xffffff max_cycles: 0xffffff, max_idle_ns: 2085701024 ns
[    1.219592] NET: Registered protocol family 2
[    1.220406] TCP established hash table entries: 65536 (order: 7, 524288 bytes)
[    1.221657] TCP bind hash table entries: 65536 (order: 8, 1048576 bytes)
[    1.226398] TCP: Hash tables configured (established 65536 bind 65536)
[    1.227512] UDP hash table entries: 4096 (order: 5, 131072 bytes)
[    1.228417] UDP-Lite hash table entries: 4096 (order: 5, 131072 bytes)
[    1.229408] NET: Registered protocol family 1
[    1.230119] pci 0000:00:00.0: Limiting direct PCI/PCI transfers
[    1.231013] pci 0000:00:01.0: Activating ISA DMA hang workarounds
[    1.232091] Unpacking initramfs...
[    1.473585] Freeing initrd memory: 14880K
[    1.474330] PCI-DMA: Using software bounce buffering for IO (SWIOTLB)
[    1.475442] software IO TLB: mapped [mem 0xdbff0000-0xdfff0000] (64MB)
[    1.476453] clocksource: tsc: mask: 0xffffffffffffffff max_cycles: 0x33e4559ce44, max_idle_ns: 440795364889 ns
[    1.478003] platform rtc_cmos: registered platform RTC device (no PNP device found)
[    1.479323] Scanning for low memory corruption every 60 seconds
[    1.481563] audit: initializing netlink subsys (disabled)
[    1.482631] audit: type=2000 audit(1616701954.497:1): initialized
[    1.483783] Initialise system trusted keyring
[    1.484732] HugeTLB registered 2 MB page size, pre-allocated 0 pages
[    1.486504] zbud: loaded
[    1.487358] VFS: Disk quotas dquot_6.6.0
[    1.488264] VFS: Dquot-cache hash table entries: 512 (order 0, 4096 bytes)
[    1.489654] squashfs: version 4.0 (2009/01/31) Phillip Lougher
[    1.495662] fuse init (API version 7.23)
[    1.496552] Key type big_key registered
[    1.497246] Allocating IMA MOK and blacklist keyrings.
[    1.499096] Key type asymmetric registered
[    1.500013] Asymmetric key parser 'x509' registered
[    1.500762] Block layer SCSI generic (bsg) driver version 0.4 loaded (major 249)
[    1.502271] io scheduler noop registered
[    1.502974] io scheduler deadline registered (default)
[    1.503930] io scheduler cfq registered
[    1.504673] pci_hotplug: PCI Hot Plug PCI Core version: 0.5
[    1.505527] pciehp: PCI Express Hot Plug Controller Driver version: 0.4
[    1.506580] ACPI: AC Adapter [AC] (on-line)
[    1.507318] input: Power Button as /devices/LNXSYSTM:00/LNXPWRBN:00/input/input0
[    1.508648] ACPI: Power Button [PWRF]
[    1.509752] input: Sleep Button as /devices/LNXSYSTM:00/LNXSLPBN:00/input/input1
[    1.511117] ACPI: Sleep Button [SLPF]
[    1.511933] GHES: HEST is not enabled!
[    1.512730] Serial: 8250/16550 driver, 32 ports, IRQ sharing enabled
[    1.534361] 00:02: ttyS0 at I/O 0x3f8 (irq = 4, base_baud = 115200) is a 16550A
[    1.537700] Linux agpgart interface v0.103
[    1.539777] loop: module loaded
[    1.540753] scsi host0: ata_piix
[    1.541460] scsi host1: ata_piix
[    1.542060] ata1: PATA max UDMA/33 cmd 0x1f0 ctl 0x3f6 bmdma 0xd000 irq 14
[    1.543086] ata2: PATA max UDMA/33 cmd 0x170 ctl 0x376 bmdma 0xd008 irq 15
[    1.544324] libphy: Fixed MDIO Bus: probed
[    1.545015] tun: Universal TUN/TAP device driver, 1.6
[    1.545776] tun: (C) 1999-2004 Max Krasnyansky <maxk@qualcomm.com>
[    1.546769] PPP generic driver version 2.4.2
[    1.547559] ehci_hcd: USB 2.0 'Enhanced' Host Controller (EHCI) Driver
[    1.548497] ehci-pci: EHCI PCI platform driver
[    1.549208] ehci-platform: EHCI generic platform driver
[    1.550107] ohci_hcd: USB 1.1 'Open' Host Controller (OHCI) Driver
[    1.551228] ohci-pci: OHCI PCI platform driver
[    1.552090] ohci-platform: OHCI generic platform driver
[    1.552881] uhci_hcd: USB Universal Host Controller Interface driver
[    1.553831] i8042: PNP: PS/2 Controller [PNP0303:PS2K,PNP0f03:PS2M] at 0x60,0x64 irq 1,12
[    1.555516] serio: i8042 KBD port at 0x60,0x64 irq 1
[    1.556283] serio: i8042 AUX port at 0x60,0x64 irq 12
[    1.557289] mousedev: PS/2 mouse device common for all mice
[    1.558759] input: AT Translated Set 2 keyboard as /devices/platform/i8042/serio0/input/input2
[    1.560448] rtc_cmos rtc_cmos: rtc core: registered rtc_cmos as rtc0
[    1.561409] rtc_cmos rtc_cmos: alarms up to one day, 114 bytes nvram
[    1.562381] i2c /dev entries driver
[    1.563007] device-mapper: uevent: version 1.0.3
[    1.563806] device-mapper: ioctl: 4.34.0-ioctl (2015-10-28) initialised: dm-devel@redhat.com
[    1.565642] ledtrig-cpu: registered to indicate activity on CPUs
[    1.567169] NET: Registered protocol family 10
[    1.568052] NET: Registered protocol family 17
[    1.568859] Key type dns_resolver registered
[    1.569847] registered taskstats version 1
[    1.570539] Loading compiled-in X.509 certificates
[    1.576331] Loaded X.509 cert 'Build time autogenerated kernel key: 9e5e2330314f2a00b0409bdb338e201244d5149f'
[    1.577914] zswap: loaded using pool lzo/zbud
[    1.580315] Key type trusted registered
[    1.583605] Key type encrypted registered
[    1.584344] AppArmor: AppArmor sha1 policy hashing enabled
[    1.585285] ima: No TPM chip found, activating TPM-bypass!
[    1.586233] ima: Allocated hash algorithm: sha1
[    1.587273] evm: HMAC attrs: 0x1
[    1.588097]   Magic number: 13:216:901
[    1.588755] clocksource clocksource0: hash matches
[    1.589528] acpi PNP0501:01: hash matches
[    1.590272] rtc_cmos rtc_cmos: setting system clock to 2021-03-25 19:52:29 UTC (1616701949)
[    1.599716] BIOS EDD facility v0.16 2004-Jun-25, 0 devices found
[    1.600604] EDD information not available.
[    1.731355] Freeing unused kernel memory: 1492K
[    1.732154] Write protecting the kernel read-only data: 14336k
[    1.734974] Freeing unused kernel memory: 1588K
[    1.735865] Freeing unused kernel memory: 52K
Loading, please wait...
starting version 229
[    1.746148] random: systemd-udevd: uninitialized urandom read (16 bytes read, 3 bits of entropy available)
[    1.747775] random: systemd-udevd: uninitialized urandom read (16 bytes read, 3 bits of entropy available)
[    1.748947] random: udevadm: uninitialized urandom read (16 bytes read, 3 bits of entropy available)
[    1.748969] random: udevadm: uninitialized urandom read (16 bytes read, 3 bits of entropy available)
[    1.753244] random: systemd-udevd: uninitialized urandom read (16 bytes read, 3 bits of entropy available)
[    1.754828] random: systemd-udevd: uninitialized urandom read (16 bytes read, 3 bits of entropy available)
[    1.756633] random: udevadm: uninitialized urandom read (16 bytes read, 3 bits of entropy available)
[    1.756960] random: systemd-udevd: uninitialized urandom read (16 bytes read, 3 bits of entropy available)
[    1.756977] random: systemd-udevd: uninitialized urandom read (16 bytes read, 3 bits of entropy available)
[    1.756984] random: systemd-udevd: uninitialized urandom read (16 bytes read, 3 bits of entropy available)
[    1.799250] Fusion MPT base driver 3.04.20
[    1.800270] Copyright (c) 1999-2008 LSI Corporation
[    1.807519] Fusion MPT SPI Host driver 3.04.20
[    1.808990] mptbase: ioc0: Initiating bringup
[    1.810848] e1000: Intel(R) PRO/1000 Network Driver - version 7.3.21-k8-NAPI
[    1.811930] e1000: Copyright (c) 1999-2006 Intel Corporation.
[    1.852856] AVX2 version of gcm_enc/dec engaged.
[    1.853662] AES CTR mode by8 optimization enabled
[    1.872016] ioc0: LSI53C1030 A0: Capabilities={Initiator}
[    2.036275] input: ImExPS/2 Generic Explorer Mouse as /devices/platform/i8042/serio1/input/input4
[    2.165409] scsi host2: ioc0: LSI53C1030 A0, FwRev=00000000h, Ports=1, MaxQ=256, IRQ=20
[    3.176203] scsi 2:0:0:0: Direct-Access     VBOX     HARDDISK         1.0  PQ: 0 ANSI: 5
[    3.177582] scsi target2:0:0: Beginning Domain Validation
[    3.179054] scsi target2:0:0: Domain Validation skipping write tests
[    3.180017] scsi target2:0:0: Ending Domain Validation
[    3.180890] scsi target2:0:0: asynchronous
[    3.181859] scsi 2:0:1:0: Direct-Access     VBOX     HARDDISK         1.0  PQ: 0 ANSI: 5
[    3.183288] scsi target2:0:1: Beginning Domain Validation
[    3.184728] scsi target2:0:1: Domain Validation skipping write tests
[    3.185645] scsi target2:0:1: Ending Domain Validation
[    3.186457] scsi target2:0:1: asynchronous
[    3.193512] sd 2:0:0:0: Attached scsi generic sg0 type 0
[    3.194434] sd 2:0:0:0: [sda] 83886080 512-byte logical blocks: (42.9 GB/40.0 GiB)
[    3.195773] sd 2:0:1:0: Attached scsi generic sg1 type 0
[    3.195982] sd 2:0:0:0: [sda] Write Protect is off
[    3.196040] sd 2:0:0:0: [sda] Incomplete mode parameter data
[    3.196041] sd 2:0:0:0: [sda] Assuming drive cache: write through
[    3.200648] sd 2:0:1:0: [sdb] 20480 512-byte logical blocks: (10.5 MB/10.0 MiB)
[    3.201733]  sda: sda1
[    3.202243] sd 2:0:0:0: [sda] Attached SCSI disk
[    3.203392] sd 2:0:1:0: [sdb] Write Protect is off
[    3.204387] sd 2:0:1:0: [sdb] Incomplete mode parameter data
[    3.205222] sd 2:0:1:0: [sdb] Assuming drive cache: write through
[    3.212778] sd 2:0:1:0: [sdb] Attached SCSI disk
[    3.543365] e1000 0000:00:03.0 eth0: (PCI:33MHz:32-bit) 02:d9:59:5c:1c:7b
[    3.544461] e1000 0000:00:03.0 eth0: Intel(R) PRO/1000 Network Connection
[    3.921498] e1000 0000:00:08.0 eth1: (PCI:33MHz:32-bit) 08:00:27:29:7e:e8
[    3.922502] e1000 0000:00:08.0 eth1: Intel(R) PRO/1000 Network Connection
[    3.924215] e1000 0000:00:03.0 enp0s3: renamed from eth0
[    3.939927] e1000 0000:00:08.0 enp0s8: renamed from eth1
Begin: Loading essential drivers ... [    5.230694] md: linear personality registered for level -1
[    5.233173] md: multipath personality registered for level -4
[    5.235706] md: raid0 personality registered for level 0
[    5.238906] md: raid1 personality registered for level 1
[    5.307614] raid6: sse2x1   gen()  7241 MB/s
[    5.376065] raid6: sse2x1   xor()  7594 MB/s
[    5.443980] raid6: sse2x2   gen() 15956 MB/s
[    5.511900] raid6: sse2x2   xor() 10359 MB/s
[    5.579859] raid6: sse2x4   gen() 15695 MB/s
[    5.647756] raid6: sse2x4   xor()  9473 MB/s
[    5.715683] raid6: avx2x1   gen() 15550 MB/s
[    5.784120] raid6: avx2x2   gen() 20837 MB/s
[    5.851429] raid6: avx2x4   gen() 22302 MB/s
[    5.852148] raid6: using algorithm avx2x4 gen() 22302 MB/s
[    5.853004] raid6: using avx2x2 recovery algorithm
[    5.854746] xor: automatically using best checksumming function:
[    5.897035]    avx       : 14526.000 MB/sec
[    5.898743] async_tx: api initialized (async)
[    5.906234] md: raid6 personality registered for level 6
[    5.907110] md: raid5 personality registered for level 5
[    5.907951] md: raid4 personality registered for level 4
[    5.913266] md: raid10 personality registered for level 10
done.
Begin: Running /scripts/init-premount ... done.
Begin: Mounting root file system ... Begin: Running /scripts/local-top ... done.
Begin: Running /scripts/local-premount ... [    5.940133] Btrfs loaded
Scanning for Btrfs filesystems
done.
Warning: fsck not present, so skipping root file system
[    5.959220] EXT4-fs (sda1): mounted filesystem with ordered data mode. Opts: (null)
done.
Begin: Running /scripts/local-bottom ... done.
Begin: Running /scripts/init-bottom ... done.
[    6.027214] systemd[1]: systemd 229 running in system mode. (+PAM +AUDIT +SELINUX +IMA +APPARMOR +SMACK +SYSVINIT +UTMP +LIBCRYPTSETUP +GCRYPT +GNUTLS +ACL +XZ -LZ4 +SECCOMP +BLKID +ELFUTILS +KMOD -IDN)
[    6.029900] systemd[1]: Detected virtualization oracle.
[    6.030721] systemd[1]: Detected architecture x86-64.

Welcome to [1mUbuntu 16.04.7 LTS[0m!

[    6.033632] systemd[1]: Set hostname to <ubuntu>.
[    6.036048] systemd[1]: Initializing machine ID from random generator.
[    6.037056] systemd[1]: Installed transient /etc/machine-id file.
[    6.132430] systemd[1]: Listening on Journal Socket (/dev/log).
[[0;32m  OK  [0m] Listening on Journal Socket (/dev/log).
[    6.134491] systemd[1]: Listening on Journal Audit Socket.
[[0;32m  OK  [0m] Listening on Journal Audit Socket.
[    6.136161] systemd[1]: Listening on Syslog Socket.
[[0;32m  OK  [0m] Listening on Syslog Socket.
[    6.137723] systemd[1]: Listening on Journal Socket.
[[0;32m  OK  [0m] Listening on Journal Socket.
[    6.139326] systemd[1]: Started Trigger resolvconf update for networkd DNS.
[[0;32m  OK  [0m] Started Trigger resolvconf update for networkd DNS.
[    6.141183] systemd[1]: Listening on LVM2 metadata daemon socket.
[[0;32m  OK  [0m] Listening on LVM2 metadata daemon socket.
[    6.142932] systemd[1]: Listening on udev Kernel Socket.
[[0;32m  OK  [0m] Listening on udev Kernel Socket.
[    6.144514] systemd[1]: Listening on Device-mapper event daemon FIFOs.
[[0;32m  OK  [0m] Listening on Device-mapper event daemon FIFOs.
[    6.146548] systemd[1]: Reached target System Time Synchronized.
[[0;32m  OK  [0m] Reached target System Time Synchronized.
[    6.148534] systemd[1]: Created slice System Slice.
[[0;32m  OK  [0m] Created slice System Slice.
[    6.160069] systemd[1]: Mounting Huge Pages File System...
         Mounting Huge Pages File System...
[    6.162911] systemd[1]: Created slice system-serial\x2dgetty.slice.
[[0;32m  OK  [0m] Created slice system-serial\x2dgetty.slice.
[    6.165050] systemd[1]: Mounting POSIX Message Queue File System...
         Mounting POSIX Message Queue File System...
[    6.167316] systemd[1]: Starting Nameserver information manager...
         Starting Nameserver information manager...
[    6.169254] systemd[1]: Starting Uncomplicated firewall...
         Starting Uncomplicated firewall...
[    6.171208] systemd[1]: Starting Set console keymap...
         Starting Set console keymap...
[    6.173268] systemd[1]: Mounting Debug File System...
         Mounting Debug File System...
[    6.175216] systemd[1]: Starting Monitoring of LVM2 mirrors, snapshots etc. using dmeventd or progress polling...
         Starting Monitoring of LVM2 mirrors... dmeventd or progress polling...
[    6.178190] systemd[1]: Starting Remount Root and Kernel File Systems...
         Starting Remount Root and Kernel File Systems...
[    6.180160] systemd[1]: Listening on LVM2 poll daemon socket.
[[0;32m  OK  [0m] Listening on LVM2 poll daemon socket.
[    6.182349] EXT4-fs (sda1): re-mounted. Opts: (null)
[    6.189089] systemd[1]: Starting Load Kernel Modules...
         Starting Load Kernel Modules...
[    6.190682] systemd[1]: Created slice User and Session Slice.
[[0;32m  OK  [0m] Created slice User and Session Slice.
[    6.192477] systemd[1]: Started Forward Password Requests to Wall Directory Watch.
[[0;32m  OK  [0m] Started Forward Password Requests to Wall Directory Watch.
[    6.195127] systemd[1]: Listening on /dev/initctl Compatibility Named Pipe.
[[0;32m  OK  [0m] Listening on /dev/initctl Compatibility Named Pipe.
[    6.197155] systemd[1]: Set up automount Arbitrary Executable File Formats File System Automount Point.
[[0;32m  OK  [0m] Set up automount Arbitrary Executab...ats File System Automount Point.
[    6.201096] systemd[1]: Reached target Swap.
[[0;32m  OK  [0m] Reached target Swap.
[    6.203042] systemd[1]: Starting Create list of required static device nodes for the current kernel...
         Starting Create list of required st... nodes for the current kernel...
[    6.207722] systemd[1]: Reached target Encrypted Volumes.
[[0;32m  OK  [0m] Reached target Encrypted Volumes.
[    6.209437] systemd[1]: Listening on udev Control Socket.
[[0;32m  OK  [0m] Listening on udev Control Socket.
[    6.211312] systemd[1]: Reached target Slices.
[[0;32m  OK  [0m] Reached target Slices.
[    6.212799] systemd[1]: Reached target User and Group Name Lookups.
[[0;32m  OK  [0m] Reached target User and Group Name Lookups.
[    6.218406] systemd[1]: Starting Journal Service...
         Starting Journal Service...
[    6.221196] systemd[1]: Mounted Huge Pages File System.
[[0;32m  OK  [0m] Mounted Huge Pages File System.
[    6.222829] systemd[1]: Mounted Debug File System.
[[0;32m  OK  [0m] Mounted Debug File System.
[    6.224409] systemd[1]: Mounted POSIX Message Queue File System.
[    6.225481] Loading iSCSI transport class v2.0-870.
[[0;32m  OK  [0m] Mounted POSIX Message Queue File System.
[    6.231719] systemd[1]: Started Uncomplicated firewall.
[[0;32m  OK  [0m] Started Uncomplicated firewall.
[    6.234645] systemd[1]: Started Set console keymap.
[[0;32m  OK  [0m] Started Set console keymap.
[    6.236676] systemd[1]: Started Remount Root and Kernel File Systems.
[[0;32m  OK  [0m] Started Remount Root and Kernel File Systems.
[    6.239167] systemd[1]: Started Create list of required static device nodes for the current kernel.
[[0;32m  OK  [0[    6.246219] iscsi: registered transport (tcp)
m] Started Create list of required sta...ce nodes for the current kernel.
[    6.263656] iscsi: registered transport (iser)
[    6.268182] systemd[1]: Started Nameserver information manager.
[[0;32m  OK  [0m] Started Nameserver information manager.
[    6.270336] systemd[1]: Started Load Kernel Modules.
[[0;32m  OK  [0m] Started Load Kernel Modules.
[    6.276427] systemd[1]: Started Journal Service.
[[0;32m  OK  [0m] Started Journal Service.
[[0;32m  OK  [0m] Started LVM2 metadata daemon.
         Starting Apply Kernel Variables...
         Mounting FUSE Control File System...
         Starting Create Static Device Nodes in /dev...
         Starting udev Coldplug all Devices...
         Starting Flush Journal to Persistent Storage...
         Starting Load/Save Random Seed...
[[0;32m  OK  [0m] Mounted FUSE Control File System.
[[0;32m  OK  [0m] Started Apply Kernel Variables.
[[0;32m  OK  [0m] Started Flush Journal to Persistent Storage.
[[0;32m  OK  [0m] Started Load/Save Random Seed.
[[0;32m  OK  [0m] Started Create Static Device Nodes in /dev.
         Starting udev Kernel Device Manager...
[[0;32m  OK  [0m] Started udev Coldplug all Devices.
[[0;32m  OK  [0m] Started udev Kernel Device Manager.
[[0;32m  OK  [0m] Started Dispatch Password Requests to Console Directory Watch.
[[0;32m  OK  [0m] Found device /dev/ttyS0.
[[0;32m  OK  [0m] Listening on Load/Save RF Kill Switch Status /dev/rfkill Watch.
[[0;32m  OK  [0m] Started Monitoring of LVM2 mirrors,...ng dmeventd or progress polling.
[[0;32m  OK  [0m] Reached target Local File Systems (Pre).
[[0;32m  OK  [0m] Reached target Local File Systems.
         Starting Commit a transient machine-id on disk...
         Starting Tell Plymouth To Write Out Runtime Data...
         Starting Set console font and keymap...
         Starting Initial cloud-init job (pre-networking)...
         Starting LSB: AppArmor initialization...
         Starting Create Volatile Files and Directories...
[[0;32m  OK  [0m] Started Commit a transient machine-id on disk.
[[0;32m  OK  [0m] Started Tell Plymouth To Write Out Runtime Data.
[[0;32m  OK  [0m] Started Create Volatile Files and Directories.
         Starting Update UTMP about System Boot/Shutdown...
[[0;32m  OK  [0m] Started Update UTMP about System Boot/Shutdown.
[[0;32m  OK  [0m] Started Set console font and keymap.
[[0;32m  OK  [0m] Created slice system-getty.slice.
[    7.000918] cloud-init[630]: Cloud-init v. 20.4.1-0ubuntu1~16.04.1 running 'init-local' at Thu, 25 Mar 2021 19:52:35 +0000. Up 6.70 seconds.
[[0;32m  OK  [0m] Started LSB: AppArmor initialization.
         Starting Load AppArmor profiles managed internally by snapd...
[[0;32m  OK  [0m] Started Load AppArmor profiles managed internally by snapd.
[[0;32m  OK  [0m] Started Initial cloud-init job (pre-networking).
[[0;32m  OK  [0m] Reached target Network (Pre).
         Starting Raise network interfaces...
[[0;32m  OK  [0m] Started Raise network interfaces.
[[0;32m  OK  [0m] Reached target Network.
         Starting Initial cloud-init job (metadata service crawler)...
[    7.774593] cloud-init[965]: Cloud-init v. 20.4.1-0ubuntu1~16.04.1 running 'init' at Thu, 25 Mar 2021 19:52:36 +0000. Up 7.42 seconds.
[    7.775956] cloud-init[965]: ci-info: ++++++++++++++++++++++++++++++++++++++Net device info+++++++++++++++++++++++++++++++++++++++
[    7.777411] cloud-init[965]: ci-info: +--------+-------+----------------------------+---------------+--------+-------------------+
[    7.778773] cloud-init[965]: ci-info: | Device |   Up  |          Address           |      Mask     | Scope  |     Hw-Address    |
[    7.780074] cloud-init[965]: ci-info: +--------+-------+----------------------------+---------------+--------+-------------------+
[    7.781523] cloud-init[965]: ci-info: | enp0s3 |  True |         10.0.2.15          | 255.255.255.0 | global | 02:d9:59:5c:1c:7b |
[    7.782932] cloud-init[965]: ci-info: | enp0s3 |  True | fe80::d9:59ff:fe5c:1c7b/64 |       .       |  link  | 02:d9:59:5c:1c:7b |
[    7.784329] cloud-init[965]: ci-info: | enp0s8 | False |             .              |       .       |   .    | 08:00:27:29:7e:e8 |
[    7.785696] cloud-init[965]: ci-info: |   lo   |  True |         127.0.0.1          |   255.0.0.0   |  host  |         .         |
[    7.787081] cloud-init[965]: ci-info: |   lo   |  True |          ::1/128           |       .       |  host  |         .         |
[    7.788589] cloud-init[965]: ci-info: +--------+-------+----------------------------+---------------+--------+-------------------+
[    7.790023] cloud-init[965]: ci-info: +++++++++++++++++++++++++++Route IPv4 info++++++++++++++++++++++++++++
[    7.791377] cloud-init[965]: ci-info: +-------+-------------+----------+---------------+-----------+-------+
[    7.792765] cloud-init[965]: ci-info: | Route | Destination | Gateway  |    Genmask    | Interface | Flags |
[    7.794066] cloud-init[965]: ci-info: +-------+-------------+----------+---------------+-----------+-------+
[    7.795292] cloud-init[965]: ci-info: |   0   |   0.0.0.0   | 10.0.2.2 |    0.0.0.0    |   enp0s3  |   UG  |
[    7.796807] cloud-init[965]: ci-info: |   1   |   10.0.2.0  | 0.0.0.0  | 255.255.255.0 |   enp0s3  |   U   |
[    7.798022] cloud-init[965]: ci-info: +-------+-------------+----------+---------------+-----------+-------+
[    7.799202] cloud-init[965]: ci-info: +++++++++++++++++++Route IPv6 info+++++++++++++++++++
[    7.800303] cloud-init[965]: ci-info: +-------+-------------+---------+-----------+-------+
[    7.801399] cloud-init[965]: ci-info: | Route | Destination | Gateway | Interface | Flags |
[    7.802517] cloud-init[965]: ci-info: +-------+-------------+---------+-----------+-------+
[    7.803599] cloud-init[965]: ci-info: |   0   |  fe80::/64  |    ::   |   enp0s3  |   U   |
[    7.804772] cloud-init[965]: ci-info: |   3   |   ff00::/8  |    ::   |   enp0s3  |   U   |
[    7.806020] cloud-init[[0;32m  OK  [0m] Started Initial cloud-init job (metadata service crawler).
[[0;32m  OK  [0m] Reached target Network is Online.
[965]: ci-info: +-------+-------------+---------+-----------+-------+
[    7.808143] cloud-init[965]: Generating public/private rsa key pair.
[    7.809193] cloud-init[965]: Your identification has been saved in /etc/ssh/ssh_host_rsa_key.
[    7.810310] cloud-init[965]: Your public key has been saved in /etc/ssh/ssh_host_rsa_key.pub.
[    7.811451] cloud-init[965]: The key fingerprint is:
[    7.812211] cloud-init[965]: SHA256:TYzqTCbo66k0cGw8aKBtudce8RSqF7+4je2Ovjgt1rg root@ubuntu-xenial
[    7.813435] cloud-init[965]: The key's randomart image is:
[    7.814241] cloud-init[965]: +---[RSA 2048]----+
[    7.815096] cloud-init[965]: |                 |
[    7.815830] cloud-init[965]: |         o       |
[    7.820616] cloud-init[965]: |.       o o      |
[    7.820749] cloud-init[965]: |o= o   o +       |
[    7.821229] cloud-init[965]: |+.@ . B S .      |
[    7.821557] cloud-init[965]: |o= o O *         |
[    7.822059] cloud-init[965]: | oo o+* o        |
[    7.822470] cloud-init[965]: |. .+=+oB .       |
[    7.822992] cloud-init[965]: |.o+.E=O=*        |
[    7.823271] cloud-init[965]: +----[SHA256]-----+
[    7.823747] cloud-init[965]: Generating public/private dsa key pair.
[    7.824192] cloud-init[965]: Your identification has been saved in /etc/ssh/ssh_host_dsa_key.
[    7.824743] cloud-init[965]: Your public key has been saved in /etc/ssh/ssh_host_dsa_key.pub.
[    7.825536] cloud-init[965]: The key fingerprint is:
[    7.826188] cloud-init[965]: SHA256:aJ6v2+4UuVMxqyGpWc0QYSsMnFdBH32OW0qJOy94jTc root@ubuntu-xenial
[    7.826775] cloud-init[965]: The key's randomart image is:
[    7.827936] cloud-init[965]: +---[DSA 1024]----+
[    7.828145] cloud-init[965]: | ... oBo..       |
[    7.828437] cloud-init[965]: |  oo.. + .. .    |
[    7.829156] cloud-init[965]: |   .o o ..o=     |
[    7.829414] cloud-init[965]: |     . *..++o    |
[    7.829959] cloud-init[965]: |      * Soo+     |
[    7.830228] cloud-init[965]: |     * oo*o      |
[    7.830764] cloud-init[965]: |    o o.==       |
[    7.831050] cloud-init[965]: |      .++.E      |
[    7.831572] cloud-init[965]: |      o*=o .     |
[    7.832016] cloud-init[965]: +----[SHA256]-----+
[    7.832280] cloud-init[965]: Generating public/private ecdsa key pair.
[    7.832769] cloud-init[965]: Your identification has been saved in /etc/ssh/ssh_host_ecdsa_key.
[    7.833381] cloud-init[965]: Your public key has been saved in /etc/ssh/ssh_host_ecdsa_key.pub.
[    7.834050] cloud-init[965]: The key fingerprint is:
[    7.834868] cloud-init[965]: SHA256:gdyVbIFx0lxSJPH1+m+csVT0Oa5+/ZOgxqjfdYANiR0 root@ubuntu-xenial
[    7.835117] cloud-init[965]: The key's randomart image is:
[    7.836193] cloud-init[965]: +---[ECDSA 256]---+
[    7.836501] cloud-init[965]: |        o*BE+ .  |
[    7.836999] cloud-init[965]: |     . o.+O+o. ..|
[    7.837302] cloud-init[965]: |      o oo +.  .+|
[    7.837880] cloud-init[965]: |         .  +  +o|
[    7.838356] cloud-init[965]: |        S  . oo o|
[    7.838587] cloud-init[965]: |             ..= |
[    7.839086] cloud-init[965]: |          o ..+oB|
[    7.839371] cloud-init[965]: |         ..+...*=|
[    7.839832] cloud-init[965]: |       .o.......=|
[    7.840108] cloud-init[965]: +----[SHA256]-----+
[    7.840976] cloud-init[965]: Generating public/private ed25519 key pair.
[    7.841016] cloud-init[965]: Your identification has been saved in /etc/ssh/ssh_host_ed25519_key.
[    7.841750] cloud-init[965]: Your public key has been saved in /etc/ssh/ssh_host_ed25519_key.pub.
[    7.842606] cloud-init[965]: The key fingerprint is:
[    7.843330] cloud-init[965]: SHA256:VJ1OyzJuUSFeGF2QuON9QASo31yIyyUk9j6XUumSxIs root@ubuntu-xenial
[    7.843700] cloud-init[965]: The key's randomart image is:
[    7.844861] cloud-init[965]: +--[ED25519 256]--+
[    7.845137] cloud-init[965]: |         .=O=*.  |
[    7.845659]          cloud-init[965]: |      o ooooO    |
[    7.846168] cloud-init[965]: |     . *...X .   |
[    7.846439] cloud-init[965]: |      ..* @ *    |
[    7.846937] cloud-init[965]: |       *S& O .   |
[    7.847214] cloud-init[965]: |      E @ X . .  |
[    7.847722] cloud-init[965]: |         *   .   |
[    7.847995] cloud-init[965]: |                 |
[    7.848485] cloud-init[965]: |                 |
[    7.849001] cloud-init[965]: +----[SHA256]-----+
Starting iSCSI initiator daemon (iscsid)...
[[0;32m  OK  [0m] Reached target Cloud-config availability.
[[0;32m  OK  [0m] Reached target System Initialization.
[[0;32m  OK  [0m] Listening on UUID daemon activation socket.
[[0;32m  OK  [0m] Listening on D-Bus System Message Bus Socket.
[[0;32m  OK  [0m] Started Daily apt download activities.
[[0;32m  OK  [0m] Started Daily Cleanup of Temporary Directories.
[[0;32m  OK  [0m] Listening on ACPID Listen Socket.
[[0;32m  OK  [0m] Started Daily apt upgrade and clean activities.
         Starting Socket activation for snappy daemon.
[[0;32m  OK  [0m] Started Message of the Day.
[[0;32m  OK  [0m] Reached target Timers.
[[0;32m  OK  [0m] Started ACPI Events Check.
[[0;32m  OK  [0m] Reached target Paths.
         Starting LXD - unix socket.
[[0;32m  OK  [0m] Listening on Socket activation for snappy daemon.
[[0;32m  OK  [0m] Listening on LXD - unix socket.
[[0;32m  OK  [0m] Reached target Sockets.
[[0;32m  OK  [0m] Reached target Basic System.
         Starting Accounts Service...
         Starting Virtualbox guest utils...
         Starting LSB: MD monitoring daemon...
         Starting LSB: Record successful boot for GRUB...
[[0;32m  OK  [0m] Started FUSE filesystem for LXC.
[[0;32m  OK  [0m] Started ACPI event daemon.
         Starting /etc/rc.local Compatibility...
[[0;32m  OK  [0m] Started Regular background program processing daemon.
         Starting System Logging Service...
         Starting Pollinate to seed the pseudo random number generator...
[[0;32m  OK  [0m] Started Deferred execution scheduler.
[[0;32m  OK  [0m] Started D-Bus System Message Bus.
         Starting Login Service...
         Starting LXD - container startup/shutdown...
         Starting Snap Daemon...
[[0;32m  OK  [0m] Started System Logging Service.
[[0;32m  OK  [0m] Started iSCSI initiator daemon (iscsid).
[[0;32m  OK  [0m] Started /etc/rc.local Compatibility.
         Starting Authenticate and Authorize Users to Run Privileged Tasks...
         Starting Login to default iSCSI targets...
[[0;32m  OK  [0m] Started Login Service.
[[0;32m  OK  [0m] Started Unattended Upgrades Shutdown.
[[0;32m  OK  [0m] Started Login to default iSCSI targets.
[[0;32m  OK  [0m] Reached target Remote File Systems (Pre).
[[0;32m  OK  [0m] Reached target Remote File Systems.
         Starting LSB: daemon to balance interrupts for SMP systems...
         Starting LSB: Set the CPU Frequency Scaling governor to "ondemand"...
         Starting LSB: automatic crash report generation...
         Starting Permit User Sessions...
[[0;32m  OK  [0m] Started Permit User Sessions.
         Starting Terminate Plymouth Boot Screen...
         Starting Hold until boot process finishes up...
[[0;32m  OK  [0m] Started Hold until boot process finishes up.
[[0;32m  OK  [0m] Started Getty on tty1.
         Starting Set console scheme...
[[0;32m  OK  [0m] Started Serial Getty on ttyS0.
[[0;32m  OK  [0m] Reached target Login Prompts.
[[0;32m  OK  [0m] Started Terminate Plymouth Boot Screen.
[[0;32m  OK  [0m] Started LSB: Record successful boot for GRUB.
[[0;32m  OK  [0m] Started Set console scheme.
[[0;32m  OK  [0m] Started LSB: daemon to balance interrupts for SMP systems.
[[0;32m  OK  [0m] Started LSB: Set the CPU Frequency Scaling governor to "ondemand".
[[0;32m  OK  [0m] Started Authenticate and Authorize Users to Run Privileged Tasks.
[[0;32m  OK  [0m] Started Accounts Service.
[[0;32m  OK  [0m] Started LSB: MD monitoring daemon.
[[0;32m  OK  [0m] Started LSB: automatic crash report generation.
[[0;32m  OK  [0m] Started Virtualbox guest utils.
[[0;32m  OK  [0m] Started LXD - container startup/shutdown.
[[0;32m  OK  [0m] Started Snap Daemon.
         Starting Wait until snapd is fully seeded...
[[0;32m  OK  [0m] Started Pollinate to seed the pseudo random number generator.
         Starting OpenBSD Secure Shell server...
[[0;32m  OK  [0m] Started OpenBSD Secure Shell server.
[[0;32m  OK  [0m] Started Wait until snapd is fully seeded.
         Starting Apply the settings specified in cloud-config...
[[0;32m  OK  [0m] Reached target Multi-User System.
[[0;32m  OK  [0m] Reached target Graphical Interface.
         Starting Update UTMP about System Runlevel Changes...
[[0;32m  OK  [0m] Started Update UTMP about System Runlevel Changes.
[    9.808492] cloud-init[1308]: Generating locales (this might take a while)...
[   10.376955] cloud-init[1308]:   en_US.UTF-8... done
[   10.377747] cloud-init[1308]: Generation complete.
[   10.610215] cloud-init[1308]: Cloud-init v. 20.4.1-0ubuntu1~16.04.1 running 'modules:config' at Thu, 25 Mar 2021 19:52:38 +0000. Up 9.73 seconds.
[[0;32m  OK  [0m] Started Apply the settings specified in cloud-config.
         Starting Execute cloud user/final scripts...
ci-info: no authorized SSH keys fingerprints found for user ubuntu.
<14>Mar 25 19:52:39 ec2: 
<14>Mar 25 19:52:39 ec2: #############################################################
<14>Mar 25 19:52:39 ec2: -----BEGIN SSH HOST KEY FINGERPRINTS-----
<14>Mar 25 19:52:39 ec2: 1024 SHA256:aJ6v2+4UuVMxqyGpWc0QYSsMnFdBH32OW0qJOy94jTc root@ubuntu-xenial (DSA)
<14>Mar 25 19:52:39 ec2: 256 SHA256:gdyVbIFx0lxSJPH1+m+csVT0Oa5+/ZOgxqjfdYANiR0 root@ubuntu-xenial (ECDSA)
<14>Mar 25 19:52:39 ec2: 256 SHA256:VJ1OyzJuUSFeGF2QuON9QASo31yIyyUk9j6XUumSxIs root@ubuntu-xenial (ED25519)
<14>Mar 25 19:52:39 ec2: 2048 SHA256:TYzqTCbo66k0cGw8aKBtudce8RSqF7+4je2Ovjgt1rg root@ubuntu-xenial (RSA)
<14>Mar 25 19:52:39 ec2: -----END SSH HOST KEY FINGERPRINTS-----
<14>Mar 25 19:52:39 ec2: #############################################################
-----BEGIN SSH HOST KEY KEYS-----
ecdsa-sha2-nistp256 AAAAE2VjZHNhLXNoYTItbmlzdHAyNTYAAAAIbmlzdHAyNTYAAABBBJuhiKEYXsk7lHPSwlo2rQDaX1AgCY2E2HRQr09UTZLJvlfn1yoAgUf8fp7bsEia4eg8FknndZuExKbFBLjbi7E= root@ubuntu-xenial
ssh-ed25519 AAAAC3NzaC1lZDI1NTE5AAAAIL7ggtbauNpCJ6DwMF8UTY8QjE9EKXndvXL6C9dMEU2U root@ubuntu-xenial
ssh-rsa AAAAB3NzaC1yc2EAAAADAQABAAABAQCyT3cfwfe7KwJxH32/vX80ET6tSAppdrVbZMkskKPtal/KDJaBO2pIIcE19WVzJP/s138hb+Q2ixglBYvDoG6tTcjm+7FfklrIGW8B2JprV1JgQvFfzkpXqxPXMpf8EPn6T8TF4y41P+sgELkwUe/RDb5N+/eHdZrzTkgdmeu/q+MTw/rcQnDZPBwr2O/U0o4bqT588BwGkMHHXX9aTcE6sdB6dT8LOsgC7AU8afeaPiCYZoDhvDs6cULcJ+x8uaPVdH2GBrpd9uTIAYa6ZuoVv5CiKig9VAdA9cFXKyBS3n0ecHHrMwbg5etfl2OaZuN61fUydyFtxKYcLq28wOev root@ubuntu-xenial
-----END SSH HOST KEY KEYS-----
[   10.982461] cloud-init[1351]: Cloud-init v. 20.4.1-0ubuntu1~16.04.1 running 'modules:final' at Thu, 25 Mar 2021 19:52:39 +0000. Up 10.87 seconds.
[   10.983870] cloud-init[1351]: ci-info: no authorized SSH keys fingerprints found for user ubuntu.
[   10.985095] cloud-init[1351]: Cloud-init v. 20.4.1-0ubuntu1~16.04.1 finished at Thu, 25 Mar 2021 19:52:39 +0000. Datasource DataSourceNoCloud [seed=/dev/sdb][dsmode=net].  Up 10.97 seconds
[[0;32m  OK  [0m] Started Execute cloud user/final scripts.
[[0;32m  OK  [0m] Reached target Cloud-init target.

Ubuntu 16.04.7 LTS ubuntu-xenial ttyS0

ubuntu-xenial login: 