[    0.000000] Initializing cgroup subsys cpuset
[    0.000000] Initializing cgroup subsys cpu
[    0.000000] Initializing cgroup subsys cpuacct
[    0.000000] Linux version 4.4.0-201-generic (buildd@lgw01-amd64-044) (gcc version 5.4.0 20160609 (Ubuntu 5.4.0-6ubuntu1~16.04.12) ) #233-Ubuntu SMP Thu Jan 14 06:10:28 UTC 2021 (Ubuntu 4.4.0-201.233-generic 4.4.247)
[    0.000000] Command line: BOOT_IMAGE=/boot/vmlinuz-4.4.0-201-generic root=LABEL=cloudimg-rootfs ro console=tty1 console=ttyS0
[    0.000000] KERNEL supported cpus:
[    0.000000]   Intel GenuineIntel
[    0.000000]   AMD AuthenticAMD
[    0.000000]   Centaur CentaurHauls
[    0.000000] [Firmware Bug]: TSC doesn't count with P0 frequency!
[    0.000000] x86/fpu: xstate_offset[2]:  576, xstate_sizes[2]:  256
[    0.000000] x86/fpu: Supporting XSAVE feature 0x01: 'x87 floating point registers'
[    0.000000] x86/fpu: Supporting XSAVE feature 0x02: 'SSE registers'
[    0.000000] x86/fpu: Supporting XSAVE feature 0x04: 'AVX registers'
[    0.000000] x86/fpu: Enabled xstate features 0x7, context size is 832 bytes, using 'standard' format.
[    0.000000] e820: BIOS-provided physical RAM map:
[    0.000000] BIOS-e820: [mem 0x0000000000000000-0x000000000009fbff] usable
[    0.000000] BIOS-e820: [mem 0x000000000009fc00-0x000000000009ffff] reserved
[    0.000000] BIOS-e820: [mem 0x00000000000f0000-0x00000000000fffff] reserved
[    0.000000] BIOS-e820: [mem 0x0000000000100000-0x00000000dffeffff] usable
[    0.000000] BIOS-e820: [mem 0x00000000dfff0000-0x00000000dfffffff] ACPI data
[    0.000000] BIOS-e820: [mem 0x00000000fec00000-0x00000000fec00fff] reserved
[    0.000000] BIOS-e820: [mem 0x00000000fee00000-0x00000000fee00fff] reserved
[    0.000000] BIOS-e820: [mem 0x00000000fffc0000-0x00000000ffffffff] reserved
[    0.000000] BIOS-e820: [mem 0x0000000100000000-0x000000021fffffff] usable
[    0.000000] NX (Execute Disable) protection: active
[    0.000000] SMBIOS 2.5 present.
[    0.000000] Hypervisor detected: KVM
[    0.000000] Kernel/User page tables isolation: disabled
[    0.000000] e820: last_pfn = 0x220000 max_arch_pfn = 0x400000000
[    0.000000] MTRR: Disabled
[    0.000000] x86/PAT: MTRRs disabled, skipping PAT initialization too.
[    0.000000] CPU MTRRs all blank - virtualized system.
[    0.000000] x86/PAT: Configuration [0-7]: WB  WT  UC- UC  WB  WT  UC- UC  
[    0.000000] e820: last_pfn = 0xdfff0 max_arch_pfn = 0x400000000
[    0.000000] found SMP MP-table at [mem 0x0009fff0-0x0009ffff] mapped at [ffff88000009fff0]
[    0.000000] Scanning 1 areas for low memory corruption
[    0.000000] RAMDISK: [mem 0x362e0000-0x37167fff]
[    0.000000] ACPI: Early table checksum verification disabled
[    0.000000] ACPI: RSDP 0x00000000000E0000 000024 (v02 VBOX  )
[    0.000000] ACPI: XSDT 0x00000000DFFF0030 00003C (v01 VBOX   VBOXXSDT 00000001 ASL  00000061)
[    0.000000] ACPI: FACP 0x00000000DFFF00F0 0000F4 (v04 VBOX   VBOXFACP 00000001 ASL  00000061)
[    0.000000] ACPI: DSDT 0x00000000DFFF0470 002325 (v02 VBOX   VBOXBIOS 00000002 INTL 20100528)
[    0.000000] ACPI: FACS 0x00000000DFFF0200 000040
[    0.000000] ACPI: FACS 0x00000000DFFF0200 000040
[    0.000000] ACPI: APIC 0x00000000DFFF0240 00005C (v02 VBOX   VBOXAPIC 00000001 ASL  00000061)
[    0.000000] ACPI: SSDT 0x00000000DFFF02A0 0001CC (v01 VBOX   VBOXCPUT 00000002 INTL 20100528)
[    0.000000] No NUMA configuration found
[    0.000000] Faking a node at [mem 0x0000000000000000-0x000000021fffffff]
[    0.000000] NODE_DATA(0) allocated [mem 0x21fff5000-0x21fff9fff]
[    0.000000] kvm-clock: Using msrs 4b564d01 and 4b564d00
[    0.000000] kvm-clock: cpu 0, msr 2:1ffed001, primary cpu clock
[    0.000000] kvm-clock: using sched offset of 3155914132 cycles
[    0.000000] clocksource: kvm-clock: mask: 0xffffffffffffffff max_cycles: 0x1cd42e4dffb, max_idle_ns: 881590591483 ns
[    0.000000] Zone ranges:
[    0.000000]   DMA      [mem 0x0000000000001000-0x0000000000ffffff]
[    0.000000]   DMA32    [mem 0x0000000001000000-0x00000000ffffffff]
[    0.000000]   Normal   [mem 0x0000000100000000-0x000000021fffffff]
[    0.000000]   Device   empty
[    0.000000] Movable zone start for each node
[    0.000000] Early memory node ranges
[    0.000000]   node   0: [mem 0x0000000000001000-0x000000000009efff]
[    0.000000]   node   0: [mem 0x0000000000100000-0x00000000dffeffff]
[    0.000000]   node   0: [mem 0x0000000100000000-0x000000021fffffff]
[    0.000000] Initmem setup node 0 [mem 0x0000000000001000-0x000000021fffffff]
[    0.000000] ACPI: PM-Timer IO Port: 0x4008
[    0.000000] IOAPIC[0]: apic_id 2, version 32, address 0xfec00000, GSI 0-23
[    0.000000] ACPI: INT_SRC_OVR (bus 0 bus_irq 0 global_irq 2 dfl dfl)
[    0.000000] ACPI: INT_SRC_OVR (bus 0 bus_irq 9 global_irq 9 low level)
[    0.000000] Using ACPI (MADT) for SMP configuration information
[    0.000000] smpboot: Allowing 2 CPUs, 0 hotplug CPUs
[    0.000000] PM: Registered nosave memory: [mem 0x00000000-0x00000fff]
[    0.000000] PM: Registered nosave memory: [mem 0x0009f000-0x0009ffff]
[    0.000000] PM: Registered nosave memory: [mem 0x000a0000-0x000effff]
[    0.000000] PM: Registered nosave memory: [mem 0x000f0000-0x000fffff]
[    0.000000] PM: Registered nosave memory: [mem 0xdfff0000-0xdfffffff]
[    0.000000] PM: Registered nosave memory: [mem 0xe0000000-0xfebfffff]
[    0.000000] PM: Registered nosave memory: [mem 0xfec00000-0xfec00fff]
[    0.000000] PM: Registered nosave memory: [mem 0xfec01000-0xfedfffff]
[    0.000000] PM: Registered nosave memory: [mem 0xfee00000-0xfee00fff]
[    0.000000] PM: Registered nosave memory: [mem 0xfee01000-0xfffbffff]
[    0.000000] PM: Registered nosave memory: [mem 0xfffc0000-0xffffffff]
[    0.000000] e820: [mem 0xe0000000-0xfebfffff] available for PCI devices
[    0.000000] Booting paravirtualized kernel on KVM
[    0.000000] clocksource: refined-jiffies: mask: 0xffffffff max_cycles: 0xffffffff, max_idle_ns: 7645519600211568 ns
[    0.000000] setup_percpu: NR_CPUS:512 nr_cpumask_bits:512 nr_cpu_ids:2 nr_node_ids:1
[    0.000000] PERCPU: Embedded 33 pages/cpu @ffff88021fc00000 s95640 r8192 d31336 u1048576
[    0.000000] Built 1 zonelists in Node order, mobility grouping on.  Total pages: 2064248
[    0.000000] Policy zone: Normal
[    0.000000] Kernel command line: BOOT_IMAGE=/boot/vmlinuz-4.4.0-201-generic root=LABEL=cloudimg-rootfs ro console=tty1 console=ttyS0
[    0.000000] PID hash table entries: 4096 (order: 3, 32768 bytes)
[    0.000000] Memory: 8156936K/8388152K available (8641K kernel code, 1337K rwdata, 4044K rodata, 1492K init, 1296K bss, 231216K reserved, 0K cma-reserved)
[    0.000000] SLUB: HWalign=64, Order=0-3, MinObjects=0, CPUs=2, Nodes=1
[    0.000000] Hierarchical RCU implementation.
[    0.000000] 	Build-time adjustment of leaf fanout to 64.
[    0.000000] 	RCU restricting CPUs from NR_CPUS=512 to nr_cpu_ids=2.
[    0.000000] RCU: Adjusting geometry for rcu_fanout_leaf=64, nr_cpu_ids=2
[    0.000000] NR_IRQS:33024 nr_irqs:440 16
[    0.000000] Console: colour VGA+ 80x25
[    0.000000] console [tty1] enabled
[    0.000000] console [ttyS0] enabled
[    0.000000] tsc: Detected 3600.004 MHz processor
[    0.307407] Calibrating delay loop (skipped) preset value.. 7200.00 BogoMIPS (lpj=14400016)
[    0.308820] pid_max: default: 32768 minimum: 301
[    0.309555] ACPI: Core revision 20150930
[    0.310998] ACPI: 2 ACPI AML tables successfully acquired and loaded
[    0.312018] Security Framework initialized
[    0.312680] Yama: becoming mindful.
[    0.313275] AppArmor: AppArmor initialized
[    0.316540] Dentry cache hash table entries: 1048576 (order: 11, 8388608 bytes)
[    0.330815] Inode-cache hash table entries: 524288 (order: 10, 4194304 bytes)
[    0.337255] Mount-cache hash table entries: 16384 (order: 5, 131072 bytes)
[    0.338334] Mountpoint-cache hash table entries: 16384 (order: 5, 131072 bytes)
[    0.339745] Initializing cgroup subsys io
[    0.340473] Initializing cgroup subsys memory
[    0.341202] Initializing cgroup subsys devices
[    0.341915] Initializing cgroup subsys freezer
[    0.342634] Initializing cgroup subsys net_cls
[    0.343351] Initializing cgroup subsys perf_event
[    0.344114] Initializing cgroup subsys net_prio
[    0.344868] Initializing cgroup subsys hugetlb
[    0.345570] Initializing cgroup subsys pids
[    0.351623] mce: CPU supports 0 MCE banks
[    0.352355] Last level iTLB entries: 4KB 1024, 2MB 1024, 4MB 512
[    0.353249] Last level dTLB entries: 4KB 1536, 2MB 1536, 4MB 768, 1GB 0
[    0.354274] Spectre V1 : Mitigation: usercopy/swapgs barriers and __user pointer sanitization
[    0.355647] Spectre V2 : Spectre mitigation: LFENCE not serializing, switching to generic retpoline
[    0.357055] Spectre V2 : Mitigation: Full generic retpoline
[    0.358091] Spectre V2 : Spectre v2 / SpectreRSB mitigation: Filling RSB on context switch
[    0.359449] Speculative Store Bypass: Mitigation: Speculative Store Bypass disabled via prctl and seccomp
[    0.363106] Freeing SMP alternatives memory: 36K
[    0.369079] ftrace: allocating 32361 entries in 127 pages
[    0.425577] smpboot: APIC(0) Converting physical 0 to logical package 0
[    0.426630] smpboot: Max logical packages: 1
[    0.427586] x2apic enabled
[    0.428368] Switched APIC routing to physical x2apic.
[    0.430233] ..TIMER: vector=0x30 apic1=0 pin1=2 apic2=-1 pin2=-1
[    0.539350] APIC calibration not consistent with PM-Timer: 104ms instead of 100ms
[    0.540929] APIC delta adjusted to PM-Timer: 6429015 (6690609)
[    0.541919] smpboot: CPU0: AMD Ryzen 5 1600X Six-Core Processor (family: 0x17, model: 0x1, stepping: 0x1)
[    0.543698] Performance Events: Broken PMU hardware detected, using software events only.
[    0.545225] Failed to access perfctr msr (MSR c0010007 is 0)
[    0.552590] KVM setup paravirtual spinlock
[    0.558309] x86: Booting SMP configuration:
[    0.559419] .... node  #0, CPUs:      #1
[    0.560469] kvm-clock: cpu 1, msr 2:1ffed041, secondary cpu clock
[    0.566714] mce: CPU supports 0 MCE banks
[    0.569377] x86: Booted up 1 node, 2 CPUs
[    0.570302] smpboot: Total of 2 processors activated (14400.01 BogoMIPS)
[    0.572035] devtmpfs: initialized
[    0.574953] evm: security.selinux
[    0.575599] evm: security.SMACK64
[    0.576233] evm: security.SMACK64EXEC
[    0.576896] evm: security.SMACK64TRANSMUTE
[    0.577594] evm: security.SMACK64MMAP
[    0.578276] evm: security.ima
[    0.578843] evm: security.capability
[    0.579583] clocksource: jiffies: mask: 0xffffffff max_cycles: 0xffffffff, max_idle_ns: 7645041785100000 ns
[    0.581163] futex hash table entries: 512 (order: 3, 32768 bytes)
[    0.582307] pinctrl core: initialized pinctrl subsystem
[    0.583265] RTC time: 19:41:27, date: 03/25/21
[    0.584336] NET: Registered protocol family 16
[    0.594391] cpuidle: using governor ladder
[    0.609970] cpuidle: using governor menu
[    0.610930] PCCT header not found.
[    0.612321] ACPI: bus type PCI registered
[    0.613080] acpiphp: ACPI Hot Plug PCI Controller Driver version: 0.5
[    0.614269] PCI: Using configuration type 1 for base access
[    0.615308] PCI: Using configuration type 1 for extended access
[    0.631272] ACPI: Added _OSI(Module Device)
[    0.632152] ACPI: Added _OSI(Processor Device)
[    0.633030] ACPI: Added _OSI(3.0 _SCP Extensions)
[    0.634009] ACPI: Added _OSI(Processor Aggregator Device)
[    0.635395] ACPI: Executed 1 blocks of module-level executable AML code
[    0.638174] ACPI: Interpreter enabled
[    0.638920] ACPI: (supports S0 S5)
[    0.639568] ACPI: Using IOAPIC for interrupt routing
[    0.648241] PCI: Using host bridge windows from ACPI; if necessary, use "pci=nocrs" and report a bug
[    0.652494] ACPI: PCI Root Bridge [PCI0] (domain 0000 [bus 00-ff])
[    0.653504] acpi PNP0A03:00: _OSC: OS supports [ExtendedConfig ASPM ClockPM Segments MSI]
[    0.655439] acpi PNP0A03:00: _OSC: platform does not support [PCIeCapability]
[    0.656751] acpi PNP0A03:00: _OSC: not requesting control; platform does not support [PCIeCapability]
[    0.658278] acpi PNP0A03:00: _OSC: OS requested [PCIeHotplug PME AER PCIeCapability]
[    0.659620] acpi PNP0A03:00: _OSC: platform willing to grant [PCIeHotplug PME AER]
[    0.660914] acpi PNP0A03:00: _OSC failed (AE_SUPPORT); disabling ASPM
[    0.662165] PCI host bridge to bus 0000:00
[    0.662878] pci_bus 0000:00: root bus resource [io  0x0000-0x0cf7 window]
[    0.663911] pci_bus 0000:00: root bus resource [io  0x0d00-0xffff window]
[    0.664942] pci_bus 0000:00: root bus resource [mem 0x000a0000-0x000bffff window]
[    0.666267] pci_bus 0000:00: root bus resource [mem 0xe0000000-0xfdffffff window]
[    0.667576] pci_bus 0000:00: root bus resource [bus 00-ff]
[    0.670183] pci 0000:00:01.1: legacy IDE quirk: reg 0x10: [io  0x01f0-0x01f7]
[    0.671330] pci 0000:00:01.1: legacy IDE quirk: reg 0x14: [io  0x03f6]
[    0.672330] pci 0000:00:01.1: legacy IDE quirk: reg 0x18: [io  0x0170-0x0177]
[    0.673417] pci 0000:00:01.1: legacy IDE quirk: reg 0x1c: [io  0x0376]
[    0.757291] pci 0000:00:07.0: quirk: [io  0x4000-0x403f] claimed by PIIX4 ACPI
[    0.758619] pci 0000:00:07.0: quirk: [io  0x4100-0x410f] claimed by PIIX4 SMB
[    0.815953] ACPI: PCI Interrupt Link [LNKA] (IRQs 5 9 10 *11)
[    0.817445] ACPI: PCI Interrupt Link [LNKB] (IRQs 5 9 *10 11)
[    0.818735] ACPI: PCI Interrupt Link [LNKC] (IRQs 5 *9 10 11)
[    0.820056] ACPI: PCI Interrupt Link [LNKD] (IRQs 5 9 10 *11)
[    0.821376] ACPI: Enabled 2 GPEs in block 00 to 07
[    0.822401] vgaarb: setting as boot device: PCI:0000:00:02.0
[    0.823296] vgaarb: device added: PCI:0000:00:02.0,decodes=io+mem,owns=io+mem,locks=none
[    0.824867] vgaarb: loaded
[    0.825402] vgaarb: bridge control possible 0000:00:02.0
[    0.826405] SCSI subsystem initialized
[    0.827247] ACPI: bus type USB registered
[    0.828089] usbcore: registered new interface driver usbfs
[    0.829028] usbcore: registered new interface driver hub
[    0.830100] usbcore: registered new device driver usb
[    0.835741] PCI: Using ACPI for IRQ routing
[    0.836768] NetLabel: Initializing
[    0.837617] NetLabel:  domain hash size = 128
[    0.838355] NetLabel:  protocols = UNLABELED CIPSOv4
[    0.839491] NetLabel:  unlabeled traffic allowed by default
[    0.840578] amd_nb: Cannot enumerate AMD northbridges
[    0.841501] clocksource: Switched to clocksource kvm-clock
[    0.861199] AppArmor: AppArmor Filesystem Enabled
[    0.862004] pnp: PnP ACPI init
[    0.863142] pnp: PnP ACPI: found 3 devices
[    0.872240] clocksource: acpi_pm: mask: 0xffffff max_cycles: 0xffffff, max_idle_ns: 2085701024 ns
[    0.874187] NET: Registered protocol family 2
[    0.875368] TCP established hash table entries: 65536 (order: 7, 524288 bytes)
[    0.876628] TCP bind hash table entries: 65536 (order: 8, 1048576 bytes)
[    0.885928] TCP: Hash tables configured (established 65536 bind 65536)
[    0.887073] UDP hash table entries: 4096 (order: 5, 131072 bytes)
[    0.888028] UDP-Lite hash table entries: 4096 (order: 5, 131072 bytes)
[    0.889216] NET: Registered protocol family 1
[    0.889924] pci 0000:00:00.0: Limiting direct PCI/PCI transfers
[    0.890819] pci 0000:00:01.0: Activating ISA DMA hang workarounds
[    0.891827] Unpacking initramfs...
[    1.192486] Freeing initrd memory: 14880K
[    1.193241] PCI-DMA: Using software bounce buffering for IO (SWIOTLB)
[    1.194488] software IO TLB: mapped [mem 0xdbff0000-0xdfff0000] (64MB)
[    1.195520] clocksource: tsc: mask: 0xffffffffffffffff max_cycles: 0x33e456ed7d0, max_idle_ns: 440795322762 ns
[    1.197153] platform rtc_cmos: registered platform RTC device (no PNP device found)
[    1.198435] Scanning for low memory corruption every 60 seconds
[    1.199847] audit: initializing netlink subsys (disabled)
[    1.200736] audit: type=2000 audit(1616701293.219:1): initialized
[    1.201988] Initialise system trusted keyring
[    1.202831] HugeTLB registered 2 MB page size, pre-allocated 0 pages
[    1.204621] zbud: loaded
[    1.205459] VFS: Disk quotas dquot_6.6.0
[    1.206231] VFS: Dquot-cache hash table entries: 512 (order 0, 4096 bytes)
[    1.207548] squashfs: version 4.0 (2009/01/31) Phillip Lougher
[    1.214353] fuse init (API version 7.23)
[    1.215281] Key type big_key registered
[    1.216145] Allocating IMA MOK and blacklist keyrings.
[    1.218142] Key type asymmetric registered
[    1.218827] Asymmetric key parser 'x509' registered
[    1.219975] Block layer SCSI generic (bsg) driver version 0.4 loaded (major 249)
[    1.221481] io scheduler noop registered
[    1.222167] io scheduler deadline registered (default)
[    1.223084] io scheduler cfq registered
[    1.223854] pci_hotplug: PCI Hot Plug PCI Core version: 0.5
[    1.224767] pciehp: PCI Express Hot Plug Controller Driver version: 0.4
[    1.225942] ACPI: AC Adapter [AC] (on-line)
[    1.226869] input: Power Button as /devices/LNXSYSTM:00/LNXPWRBN:00/input/input0
[    1.228370] ACPI: Power Button [PWRF]
[    1.229190] input: Sleep Button as /devices/LNXSYSTM:00/LNXSLPBN:00/input/input1
[    1.230458] ACPI: Sleep Button [SLPF]
[    1.231274] GHES: HEST is not enabled!
[    1.232020] Serial: 8250/16550 driver, 32 ports, IRQ sharing enabled
[    1.253616] 00:02: ttyS0 at I/O 0x3f8 (irq = 4, base_baud = 115200) is a 16550A
[    1.257289] Linux agpgart interface v0.103
[    1.259582] loop: module loaded
[    1.260704] scsi host0: ata_piix
[    1.261592] scsi host1: ata_piix
[    1.262291] ata1: PATA max UDMA/33 cmd 0x1f0 ctl 0x3f6 bmdma 0xd000 irq 14
[    1.263502] ata2: PATA max UDMA/33 cmd 0x170 ctl 0x376 bmdma 0xd008 irq 15
[    1.264522] libphy: Fixed MDIO Bus: probed
[    1.265214] tun: Universal TUN/TAP device driver, 1.6
[    1.266118] tun: (C) 1999-2004 Max Krasnyansky <maxk@qualcomm.com>
[    1.267117] PPP generic driver version 2.4.2
[    1.268080] ehci_hcd: USB 2.0 'Enhanced' Host Controller (EHCI) Driver
[    1.269082] ehci-pci: EHCI PCI platform driver
[    1.269815] ehci-platform: EHCI generic platform driver
[    1.270621] ohci_hcd: USB 1.1 'Open' Host Controller (OHCI) Driver
[    1.271535] ohci-pci: OHCI PCI platform driver
[    1.272260] ohci-platform: OHCI generic platform driver
[    1.273048] uhci_hcd: USB Universal Host Controller Interface driver
[    1.273999] i8042: PNP: PS/2 Controller [PNP0303:PS2K,PNP0f03:PS2M] at 0x60,0x64 irq 1,12
[    1.275821] serio: i8042 KBD port at 0x60,0x64 irq 1
[    1.276840] serio: i8042 AUX port at 0x60,0x64 irq 12
[    1.277798] mousedev: PS/2 mouse device common for all mice
[    1.278887] input: AT Translated Set 2 keyboard as /devices/platform/i8042/serio0/input/input2
[    1.280575] rtc_cmos rtc_cmos: rtc core: registered rtc_cmos as rtc0
[    1.281640] rtc_cmos rtc_cmos: alarms up to one day, 114 bytes nvram
[    1.282901] i2c /dev entries driver
[    1.283563] device-mapper: uevent: version 1.0.3
[    1.286599] device-mapper: ioctl: 4.34.0-ioctl (2015-10-28) initialised: dm-devel@redhat.com
[    1.288024] ledtrig-cpu: registered to indicate activity on CPUs
[    1.289650] NET: Registered protocol family 10
[    1.290499] NET: Registered protocol family 17
[    1.291206] Key type dns_resolver registered
[    1.292223] registered taskstats version 1
[    1.292889] Loading compiled-in X.509 certificates
[    1.294284] Loaded X.509 cert 'Build time autogenerated kernel key: 9e5e2330314f2a00b0409bdb338e201244d5149f'
[    1.295858] zswap: loaded using pool lzo/zbud
[    1.298188] Key type trusted registered
[    1.300996] Key type encrypted registered
[    1.301661] AppArmor: AppArmor sha1 policy hashing enabled
[    1.302530] ima: No TPM chip found, activating TPM-bypass!
[    1.303409] ima: Allocated hash algorithm: sha1
[    1.304176] evm: HMAC attrs: 0x1
[    1.305344]   Magic number: 13:10:699
[    1.306140] rtc_cmos rtc_cmos: setting system clock to 2021-03-25 19:41:28 UTC (1616701288)
[    1.307683] BIOS EDD facility v0.16 2004-Jun-25, 0 devices found
[    1.308796] EDD information not available.
[    1.442034] Freeing unused kernel memory: 1492K
[    1.442834] Write protecting the kernel read-only data: 14336k
[    1.444122] Freeing unused kernel memory: 1588K
[    1.445039] Freeing unused kernel memory: 52K
Loading, please wait...
starting version 229
[    1.455368] random: systemd-udevd: uninitialized urandom read (16 bytes read, 3 bits of entropy available)
[    1.457094] random: systemd-udevd: uninitialized urandom read (16 bytes read, 3 bits of entropy available)
[    1.458887] random: udevadm: uninitialized urandom read (16 bytes read, 3 bits of entropy available)
[    1.458902] random: udevadm: uninitialized urandom read (16 bytes read, 3 bits of entropy available)
[    1.461855] random: systemd-udevd: uninitialized urandom read (16 bytes read, 3 bits of entropy available)
[    1.463539] random: systemd-udevd: uninitialized urandom read (16 bytes read, 3 bits of entropy available)
[    1.467946] random: systemd-udevd: uninitialized urandom read (16 bytes read, 3 bits of entropy available)
[    1.468427] random: udevadm: uninitialized urandom read (16 bytes read, 3 bits of entropy available)
[    1.468469] random: udevadm: uninitialized urandom read (16 bytes read, 3 bits of entropy available)
[    1.468582] random: udevadm: uninitialized urandom read (16 bytes read, 3 bits of entropy available)
[    1.505304] e1000: Intel(R) PRO/1000 Network Driver - version 7.3.21-k8-NAPI
[    1.514198] e1000: Copyright (c) 1999-2006 Intel Corporation.
[    1.516928] Fusion MPT base driver 3.04.20
[    1.517630] Copyright (c) 1999-2008 LSI Corporation
[    1.522455] Fusion MPT SPI Host driver 3.04.20
[    1.537274] AVX2 version of gcm_enc/dec engaged.
[    1.538489] AES CTR mode by8 optimization enabled
[    1.728812] input: ImExPS/2 Generic Explorer Mouse as /devices/platform/i8042/serio1/input/input4
[    1.857713] e1000 0000:00:03.0 eth0: (PCI:33MHz:32-bit) 02:d9:59:5c:1c:7b
[    1.858976] e1000 0000:00:03.0 eth0: Intel(R) PRO/1000 Network Connection
[    2.313770] e1000 0000:00:08.0 eth1: (PCI:33MHz:32-bit) 08:00:27:c4:9c:2d
[    2.314857] e1000 0000:00:08.0 eth1: Intel(R) PRO/1000 Network Connection
[    2.316452] mptbase: ioc0: Initiating bringup
[    2.316912] e1000 0000:00:03.0 enp0s3: renamed from eth0
[    2.326744] e1000 0000:00:08.0 enp0s8: renamed from eth1
[    2.382023] ioc0: LSI53C1030 A0: Capabilities={Initiator}
[    2.544095] scsi host2: ioc0: LSI53C1030 A0, FwRev=00000000h, Ports=1, MaxQ=256, IRQ=20
[    2.654811] scsi 2:0:0:0: Direct-Access     VBOX     HARDDISK         1.0  PQ: 0 ANSI: 5
[    2.656167] scsi target2:0:0: Beginning Domain Validation
[    2.657908] scsi target2:0:0: Domain Validation skipping write tests
[    2.658869] scsi target2:0:0: Ending Domain Validation
[    2.659815] scsi target2:0:0: asynchronous
[    2.661147] scsi 2:0:1:0: Direct-Access     VBOX     HARDDISK         1.0  PQ: 0 ANSI: 5
[    2.662668] scsi target2:0:1: Beginning Domain Validation
[    2.664695] scsi target2:0:1: Domain Validation skipping write tests
[    2.665825] scsi target2:0:1: Ending Domain Validation
[    2.667048] scsi target2:0:1: asynchronous
[    2.672388] sd 2:0:0:0: Attached scsi generic sg0 type 0
[    2.672656] sd 2:0:0:0: [sda] 83886080 512-byte logical blocks: (42.9 GB/40.0 GiB)
[    2.672799] sd 2:0:0:0: [sda] Write Protect is off
[    2.672885] sd 2:0:0:0: [sda] Incomplete mode parameter data
[    2.672886] sd 2:0:0:0: [sda] Assuming drive cache: write through
[    2.674199]  sda: sda1
[    2.674729] sd 2:0:0:0: [sda] Attached SCSI disk
[    2.679214] sd 2:0:1:0: Attached scsi generic sg1 type 0
[    2.679332] sd 2:0:1:0: [sdb] 20480 512-byte logical blocks: (10.5 MB/10.0 MiB)
[    2.679417] sd 2:0:1:0: [sdb] Write Protect is off
[    2.679476] sd 2:0:1:0: [sdb] Incomplete mode parameter data
[    2.679478] sd 2:0:1:0: [sdb] Assuming drive cache: write through
[    2.681223] sd 2:0:1:0: [sdb] Attached SCSI disk
Begin: Loading essential drivers ... [    3.980449] md: linear personality registered for level -1
[    3.983643] md: multipath personality registered for level -4
[    3.986142] md: raid0 personality registered for level 0
[    3.989487] md: raid1 personality registered for level 1
[    4.058674] raid6: sse2x1   gen()  7571 MB/s
[    4.126098] raid6: sse2x1   xor()  7375 MB/s
[    4.194483] raid6: sse2x2   gen() 15596 MB/s
[    4.262905] raid6: sse2x2   xor() 10372 MB/s
[    4.331336] raid6: sse2x4   gen() 16636 MB/s
[    4.397802] raid6: sse2x4   xor()  8823 MB/s
[    4.466674] raid6: avx2x1   gen() 17042 MB/s
[    4.535066] raid6: avx2x2   gen() 22419 MB/s
[    4.603399] raid6: avx2x4   gen() 22982 MB/s
[    4.604195] raid6: using algorithm avx2x4 gen() 22982 MB/s
[    4.605095] raid6: using avx2x2 recovery algorithm
[    4.607066] xor: automatically using best checksumming function:
[    4.645514]    avx       : 12947.000 MB/sec
[    4.647176] async_tx: api initialized (async)
[    4.655301] md: raid6 personality registered for level 6
[    4.656196] md: raid5 personality registered for level 5
[    4.657062] md: raid4 personality registered for level 4
[    4.662526] md: raid10 personality registered for level 10
done.
Begin: Running /scripts/init-premount ... done.
Begin: Mounting root file system ... Begin: Running /scripts/local-top ... done.
Begin: Running /scripts/local-premount ... [    4.689429] Btrfs loaded
Scanning for Btrfs filesystems
done.
Warning: fsck not present, so skipping root file system
[    4.709914] EXT4-fs (sda1): mounted filesystem with ordered data mode. Opts: (null)
done.
Begin: Running /scripts/local-bottom ... done.
Begin: Running /scripts/init-bottom ... done.
[    4.783968] systemd[1]: systemd 229 running in system mode. (+PAM +AUDIT +SELINUX +IMA +APPARMOR +SMACK +SYSVINIT +UTMP +LIBCRYPTSETUP +GCRYPT +GNUTLS +ACL +XZ -LZ4 +SECCOMP +BLKID +ELFUTILS +KMOD -IDN)
[    4.786979] systemd[1]: Detected virtualization oracle.
[    4.787848] systemd[1]: Detected architecture x86-64.

Welcome to [1mUbuntu 16.04.7 LTS[0m!

[    4.790904] systemd[1]: Set hostname to <ubuntu>.
[    4.793362] systemd[1]: Initializing machine ID from random generator.
[    4.794903] systemd[1]: Installed transient /etc/machine-id file.
[    4.889181] systemd[1]: Listening on udev Kernel Socket.
[[0;32m  OK  [0m] Listening on udev Kernel Socket.
[    4.891095] systemd[1]: Reached target User and Group Name Lookups.
[[0;32m  OK  [0m] Reached target User and Group Name Lookups.
[    4.892785] systemd[1]: Reached target Encrypted Volumes.
[[0;32m  OK  [0m] Reached target Encrypted Volumes.
[    4.894443] systemd[1]: Listening on LVM2 metadata daemon socket.
[[0;32m  OK  [0m] Listening on LVM2 metadata daemon socket.
[    4.896528] systemd[1]: Listening on Journal Socket (/dev/log).
[[0;32m  OK  [0m] Listening on Journal Socket (/dev/log).
[    4.898292] systemd[1]: Reached target Swap.
[[0;32m  OK  [0m] Reached target Swap.
[    4.900110] systemd[1]: Listening on /dev/initctl Compatibility Named Pipe.
[[0;32m  OK  [0m] Listening on /dev/initctl Compatibility Named Pipe.
[    4.902148] systemd[1]: Started Trigger resolvconf update for networkd DNS.
[[0;32m  OK  [0m] Started Trigger resolvconf update for networkd DNS.
[    4.904300] systemd[1]: Created slice User and Session Slice.
[[0;32m  OK  [0m] Created slice User and Session Slice.
[    4.906135] systemd[1]: Listening on Device-mapper event daemon FIFOs.
[[0;32m  OK  [0m] Listening on Device-mapper event daemon FIFOs.
[    4.908207] systemd[1]: Listening on Syslog Socket.
[[0;32m  OK  [0m] Listening on Syslog Socket.
[    4.909715] systemd[1]: Started Forward Password Requests to Wall Directory Watch.
[[0;32m  OK  [0m] Started Forward Password Requests to Wall Directory Watch.
[    4.912024] systemd[1]: Reached target System Time Synchronized.
[[0;32m  OK  [0m] Reached target System Time Synchronized.
[    4.914236] systemd[1]: Created slice System Slice.
[[0;32m  OK  [0m] Created slice System Slice.
[    4.915940] systemd[1]: Created slice system-serial\x2dgetty.slice.
[[0;32m  OK  [0m] Created slice system-serial\x2dgetty.slice.
[    4.917646] systemd[1]: Reached target Slices.
[[0;32m  OK  [0m] Reached target Slices.
[    4.919266] systemd[1]: Listening on Journal Socket.
[[0;32m  OK  [0m] Listening on Journal Socket.
[    4.934329] systemd[1]: Starting Remount Root and Kernel File Systems...
         Starting Remount Root and Kernel File Systems...
[    4.936731] systemd[1]: Starting Monitoring of LVM2 mirrors, snapshots etc. using dmeventd or progress polling...
[    4.939723] EXT4-fs (sda1): re-mounted. Opts: (null)
         Starting Monitoring of LVM2 mirrors... dmeventd or progress polling...
[    4.950485] systemd[1]: Mounting Debug File System...
         Mounting Debug File System...
[    4.952344] systemd[1]: Starting Uncomplicated firewall...
         Starting Uncomplicated firewall...
[    4.954437] systemd[1]: Starting Create list of required static device nodes for the current kernel...
         Starting Create list of required st... nodes for the current kernel...
[    4.957371] systemd[1]: Mounting Huge Pages File System...
         Mounting Huge Pages File System...
[    4.959272] systemd[1]: Set up automount Arbitrary Executable File Formats File System Automount Point.
[[0;32m  OK  [0m] Set up automount Arbitrary Executab...ats File System Automount Point.
[    4.963448] systemd[1]: Starting Set console keymap...
         Starting Set console keymap...
[    4.964969] systemd[1]: Listening on LVM2 poll daemon socket.
[[0;32m  OK  [0m] Listening on LVM2 poll daemon socket.
[    4.967271] systemd[1]: Listening on udev Control Socket.
[[0;32m  OK  [0m] Listening on udev Control Socket.
[    4.969026] systemd[1]: Listening on Journal Audit Socket.
[[0;32m  OK  [0m] Listening on Journal Audit Socket.
[    4.973949] systemd[1]: Starting Journal Service...
         Starting Journal Service...
[    4.976223] systemd[1]: Starting Nameserver information manager...
         Starting Nameserver information manager...
[    4.978685] systemd[1]: Mounting POSIX Message Queue File System...
         Mounting POSIX Message Queue File System...
[    4.983037] systemd[1]: Starting Load Kernel Modules...
         Starting Load Kernel Modules...
[    4.986383] systemd[1]: Mounted Huge Pages File System.
[[0;32m  OK  [0m] Mounted Huge Pages File System.
[    4.988354] systemd[1]: Mounted Debug File System.
[[0;32m  OK  [0m] Mounted Debug File System.
[    4.989885] systemd[1]: Mounted POSIX Message Queue File System.
[[0;32m  OK  [0m] Mounted POSIX Message Queue File System.
[    4.992821] systemd[1]: Started Remount Root and Kernel File Systems.
[[0;32m  OK  [0m] Started Remount Root and Kernel File Systems.
[    4.995745] systemd[1]: Started Uncomplicated firewall.
[[0;32m  OK  [0m] Started Uncomplicated firewall.
[    4.998125] systemd[1]: Started Create list of required static device nodes for the current kernel.
[[0;32m  OK  [0m] Started Create list of required sta...ce nodes for the current kernel.
[    5.008288] systemd[1]: Started LVM2 metadata daemon.
[[0;32m  OK  [0m] Started LVM2 metadata daemon.
[    5.013453] systemd[1]: Starting Create Static Device Nodes in /dev...
         Starting Create Static Device Nodes in /dev...
[    5.016222] Loading iSCSI transport class v2.0-870.
[    5.017687] systemd[1]: Starting udev Coldplug all Devices...
         Starting udev Coldplug all Devices...
[    5.021796] systemd[1]: Starting Load/Save Random Seed...
         Starting Load/Save Random Seed...
[    5.024033] systemd[1]: Started Set console keymap.
[[0;32m  OK  [0m] Started Set console keymap.
[    5.033731] systemd[1]: Started Nameserver information manager.
[[0;32m  OK  [0m] Started Nameserver information manager.
[    5.037925] systemd[1]: Started Load/Save Random Seed.
[[0;32m  OK  [0m] Started Load/Save Random Seed.
[    5.045787] iscsi: registered transport (tcp)
[    5.054218] systemd[1]: Started Journal Service.
[[0;32m  OK  [0m] Started Journal Service.
         Starting Flush Journal to Persistent Storage...
[    5.066316] systemd-journald[387]: Received request to flush runtime journal from PID 1
[[0;32m  OK  [0m] Started Flush Journal to Persistent Storage.
[[0;32m  OK  [0m] Started udev Coldplug all Devices.
[[0;32m  OK  [0m] Started Create Static Device Nodes in /dev.
[    5.089367] iscsi: registered transport (iser)
         Starting udev Kernel Device Manager...
[[0;32m  OK  [0m] Started Load Kernel Modules.
         Starting Apply Kernel Variables...
         Mounting FUSE Control File System...
[[0;32m  OK  [0m] Mounted FUSE Control File System.
[[0;32m  OK  [0m] Started Apply Kernel Variables.
[[0;32m  OK  [0m] Started udev Kernel Device Manager.
[[0;32m  OK  [0m] Started Dispatch Password Requests to Console Directory Watch.
[[0;32m  OK  [0m] Started Monitoring of LVM2 mirrors,...ng dmeventd or progress polling.
[[0;32m  OK  [0m] Reached target Local File Systems (Pre).
[[0;32m  OK  [0m] Reached target Local File Systems.
         Starting Create Volatile Files and Directories...
         Starting Commit a transient machine-id on disk...
         Starting Initial cloud-init job (pre-networking)...
         Starting Tell Plymouth To Write Out Runtime Data...
         Starting Set console font and keymap...
         Starting LSB: AppArmor initialization...
[[0;32m  OK  [0m] Started Create Volatile Files and Directories.
[[0;32m  OK  [0m] Started Tell Plymouth To Write Out Runtime Data.
         Starting Update UTMP about System Boot/Shutdown...
[[0;32m  OK  [0m] Started Update UTMP about System Boot/Shutdown.
[[0;32m  OK  [0m] Found device /dev/ttyS0.
[[0;32m  OK  [0m] Started Commit a transient machine-id on disk.
[[0;32m  OK  [0m] Listening on Load/Save RF Kill Switch Status /dev/rfkill Watch.
[[0;32m  OK  [0m] Started LSB: AppArmor initialization.
         Starting Load AppArmor profiles managed internally by snapd...
[[0;32m  OK  [0m] Started Load AppArmor profiles managed internally by snapd.
[    5.951409] cloud-init[501]: Cloud-init v. 20.4.1-0ubuntu1~16.04.1 running 'init-local' at Thu, 25 Mar 2021 19:41:33 +0000. Up 5.57 seconds.
[[0;32m  OK  [0m] Started Initial cloud-init job (pre-networking).
[[0;32m  OK  [0m] Reached target Network (Pre).
         Starting Raise network interfaces...
[[0;32m  OK  [0m] Started Set console font and keymap.
[[0;32m  OK  [0m] Created slice system-getty.slice.
[[0;32m  OK  [0m] Started Raise network interfaces.
         Starting Initial cloud-init job (metadata service crawler)...
[[0;32m  OK  [0m] Reached target Network.
[    6.942180] cloud-init[947]: Cloud-init v. 20.4.1-0ubuntu1~16.04.1 running 'init' at Thu, 25 Mar 2021 19:41:34 +0000. Up 6.43 seconds.
[    6.943667] cloud-init[947]: ci-info: ++++++++++++++++++++++++++++++++++++++Net device info+++++++++++++++++++++++++++++++++++++++
[    6.945102] cloud-init[947]: ci-info: +--------+-------+----------------------------+---------------+--------+-------------------+
[    6.946719] cloud-init[947]: ci-info: | Device |   Up  |          Address           |      Mask     | Scope  |     Hw-Address    |
[    6.948406] cloud-init[947]: ci-info: +--------+-------+----------------------------+---------------+--------+-------------------+
[    6.950386] cloud-init[947]: ci-info: | enp0s3 |  True |         10.0.2.15          | 255.255.255.0 | global | 02:d9:59:5c:1c:7b |
[    6.951936] cloud-init[947]: ci-info: | enp0s3 |  True | fe80::d9:59ff:fe5c:1c7b/64 |       .       |  link  | 02:d9:59:5c:1c:7b |
[    6.953499] cloud-init[947]: ci-info: | enp0s8 | False |             .              |       .       |   .    | 08:00:27:c4:9c:2d |
[    6.955392] cloud-init[947]: ci-info: |   lo   |  True |         127.0.0.1          |   255.0.0.0   |  host  |         .         |
[    6.957178] cloud-init[947]: ci-info: |   lo   |  True |          ::1/128           |       .       |  host  |         .         |
[    6.958843] cloud-init[947]: ci-info: +--------+-------+----------------------------+---------------+--------+-------------------+
[    6.960252] cloud-init[947]: ci-info: +++++++++++++++++++++++++++Route IPv4 info++++++++++++++++++++++++++++
[    6.961887] cloud-init[947]: ci-info: +-------+-------------+----------+---------------+-----------+-------+
[    6.973932] cloud-init[947]: ci-info: | Route | Destination | Gateway  |    Genmask    | Interface | Flags |
[    6.975280] cloud-init[947]: ci-info: +-------+-------------+----------+---------------+-----------+-------+
[    6.976792] cloud-init[947]: ci-info: |   0   |   0.0.0.0   | 10.0.2.2 |    0.0.0.0    |   enp0s3  |   UG  |
[    6.978575] cloud-init[947]: ci-info: |   1   |   10.0.2.0  | 0.0.0.0  | 255.255.255.0 |   enp0s3  |   U   |
[    6.980147] cloud-init[947]: ci-info: +-------+-------------+----------+---------------+-----------+-------+
[[0;32m  OK  [0m] Started Initial cloud-init job (metadata service crawler).
[[0;32m  OK  [0m] Reached target Network is Online.
[    6.984576] cloud-init[947]: ci-info: +++++++++++++++++++Route IPv6 info+++++++++++++++++++
[    6.985733] cloud-init[947]: ci-info: +-------+-------------+---------+-----------+-------+
[    6.986791] cloud-init[947]: ci-info: | Route | Destination | Gateway | Interface | Flags |
[    6.987808] cloud-init[947]: ci-info: +-------+-------------+---------+-----------+-------+
[    6.988899] cloud-init[947]: ci-info: |   0   |  fe80::/64  |    ::   |   enp0s3  |   U   |
[    6.990288] cloud-init[947]: ci-info: |   3   |   ff00::/8  |    ::   |   enp0s3  |   U   |
[    6.991413] cloud-init[947]: ci-info: +-------+-------------+---------+-----------+-------+
[    6.992485] cloud-init[947]: Generating public/private rsa key pair.
[    6.993371] cloud-init[947]: Your identification has been saved in /etc/ssh/ssh_host_rsa_key.
[    6.994556] cloud-init[947]: Your public key has been saved in /etc/ssh/ssh_host_rsa_key.pub.
[    6.995753] cloud-init[947]: The key fingerprint is:
[    6.996675] cloud-init[947]: SHA256:51LF0HfufjeERppxegHb1xtbbsmB1VNgCF1Ec0oWEN4 root@ubuntu-xenial
[    6.997823] cloud-init[947]: The key's randomart image is:
[    6.998996] cloud-init[947]: +---[RSA 2048]----+
[    6.999828] cloud-init[947]: |          o+oB@o=|
[    7.000734] cloud-init[947]: |           =+=.*o|
[    7.001644] cloud-init[947]: |            B.Eoo|
[    7.002424] cloud-init[947]: |           + * ++|
[    7.003481] cloud-init[947]: |        S o B =oB|
         Starting iSCSI initiator daemon (iscsid)...
[[0;32m  OK  [0m] Reached target Cloud-config availability.
[    7.004419] cloud-init[[0;32m  OK  [0m] Reached target System Initialization.
[[0;32m  OK  [0m] Listening on ACPID Listen Socket.
         Starting LXD - unix socket.
[[0;32m  OK  [0m] Started Daily Cleanup of Temporary Directories.
[947]: |         + + + *+|
[    7.009175] cloud-init[947]: |        . . o .o |
[    7.009905] [[0;32m  OK  [0m] Started ACPI Events Check.
[[0;32m  OK  [0m] Reached target Paths.
         Starting Socket activation for snappy daemon.
cloud-init[947]: |         .     .+|
[[0;32m  OK  [0m] Listening on D-Bus System Message Bus Socket.
[    7.012852] [[0;32m  OK  [0m] Listening on UUID daemon activation socket.
[[0;32m  OK  [0m] Started Daily apt download activities.
[[0;32m  OK  [0m] Started Daily apt upgrade and clean activities.
[[0;32m  OK  [0m] Started Message of the Day.
[[0;32m  OK  [0m] Reached target Timers.
[[0;32m  OK  [0m] Listening on LXD - unix socket.
[[0;32m  OK  [0m] Listening on Socket activation for snappy daemon.
[[0;32m  OK  [0m] Reached target Sockets.
[[0;32m  OK  [0m] Reached target Basic System.
cloud-init[947]: |                +|         Starting Pollinate to seed the pseudo random number generator...
[[0;32m  OK  [0m] Started ACPI event daemon.
         Starting LXD - container startup/shutdown...
[[0;32m  OK  [0m] Started FUSE filesystem for LXC.

         Starting System Logging Service...
[    7.027368]          Starting LSB: MD monitoring daemon...
         Starting Accounts Service...
[[0;32m  OK  [0m] Started Deferred execution scheduler.
         Starting /etc/rc.local Compatibility...
         Starting Virtualbox guest utils...
[[0;32m  OK  [0m] Started Regular background program processing daemon.
         Starting LSB: Record successful boot for GRUB...
         Starting Snap Daemon...
[[0;32m  OK  [0m] Started D-Bus System Message Bus.
cloud-init[947]: +----[SHA256]-----+
[    7.067355] cloud-init[947]: Generating public/private dsa key pair.
[    7.074009] cloud-init[947]: Your identification has been saved in /etc/ssh/ssh_host_dsa_key.
[    7.077221] cloud-init[947]: Your public key has been saved in /etc/ssh/ssh_host_dsa_key.pub.
[    7.078723] cloud-init[947]: The key fingerprint is:
[    7.084114] cloud-init[947]: SHA256:Sco1IVx+U9FBmClplHW2eLCIpKsA22nAO9cFvy4EGjY root@ubuntu-xenial
[    7.085484] cloud-init[947]: The key's randomart image is:
[    7.088983] cloud-init[947]: +---[DSA 1024]----+
[    7.090396] cloud-init[947]: |     o..+..+=B=. |
[    7.094617] cloud-init[947]: |.     += o=o+*.. |
[    7.096331] cloud-init[947]: |oE .  .o*.+.o o  |
[    7.100374] cloud-init[947]: |.==.o..=.+ . .   |
[    7.101774] cloud-init[947]: |.+=. o+.S        |
[    7.104565] cloud-init[947]: | .o....          |
[    7.106119] cloud-init[947]: |    .. .         |
[    7.107302] cloud-init[947]: |      .          |
         Starting Login Service...
[    7.113368] cloud-init[947]: |                 |
[[0;32m  OK  [0m] Started System Logging Service.
[[0;32m  OK  [0m] Started /etc/rc.local Compatibility.
[    7.117354] cloud-init[947]: +----[SHA256]-----+
[    7.131466] cloud-init[947]: Generating public/private ecdsa key pair.
[    7.132484] cloud-init[947]: Your identification has been saved in /etc/ssh/ssh_host_ecdsa_key.
[    7.133570] cloud-init[947]: Your public key has been saved in /etc/ssh/ssh_host_ecdsa_key.pub.
[    7.134617] cloud-init[947]: The key fingerprint is:
[    7.135443] cloud-init[947]: SHA256:Vr+5g2XdGfaCwGpBCvkc987QDKRkEKQabxKNo+RZl3c root@ubuntu-xenial
[    7.140316] cloud-init[947]: The key's randomart image is:
[    7.141037] cloud-init[947]: +---[ECDSA 256]---+
[[0;32m  OK  [0m] Started iSCSI initiator daemon (iscsid).
[    7.145066] cloud-init[947]: |   .++o..        |
[    7.158496] cloud-init[947]: | o .ooo.+        |
[    7.159199] cloud-init[947]: |=.o. *.* E.      |
[    7.161417] cloud-init[947]: |+*o . = +.*.   o |
[    7.162200] cloud-init[947]: |+oo     S* ..o..+|
[    7.162960] cloud-init[947]: | o     .o o +oo.o|
         Starting Authenticate and Authorize Users to Run Privileged Tasks...
[    7.167941] cloud-init[947]: |       .   +o  . |
[    7.170063] cloud-init[947]: |          . ..   |
         Starting Login to default iSCSI targets...
[[0;32m  OK  [0m[    7.170737] cloud-init[947]: |            ..   |
[    7.172390] cloud-init[947]: +----[SHA256]-----+
[    7.172603] cloud-init[947]: Generating public/private ed25519 key pair.
[    7.174897] cloud-init[947]: Your identification has been saved in /etc/ssh/ssh_host_ed25519_key.
[    7.174992] cloud-init[947]: Your public key has been saved in /etc/ssh/ssh_host_ed25519_key.pub.
[    7.176236] cloud-init[947]: The key fingerprint is:
[    7.177212] cloud-init[947]: SHA256:4GjR+5iupf6ibBjFsRAfXRpDq7Y9OjmoM5rn4a/aSWQ root@ubuntu-xenial
[    7.177680] cloud-init[947]: The key's randomart image is:
[    7.178623] cloud-init[947]: +--[ED25519 256]--+
] Started Login Service.
[[0;32m  OK  [0m] Started LSB: MD monitoring daemon.
[[0;32m  OK  [0m] Started LSB: Record successful boot for GRUB.[    7.178928] cloud-init[947]: |...o+..          |
[    7.183075] cloud-init[947]: |.....*           |

[    7.184156] cloud-init[947]: | o.o+ o          |
[    7.185072] cloud-init[947]: |  +. + o         |
[[0;32m  OK  [0m[    7.197285] cloud-init[947]: | .E o o S        |
[    7.197551] cloud-init[947]: |.+ +   +         |
[    7.197615] cloud-init[947]: | ++.o + .        |
[    7.198647] cloud-init[947]: |=**+.=           |
[    7.199165] cloud-init[947]: |BBXB=+o          |
[    7.199436] cloud-init[947]: +----[SHA256]-----+
] Started Unattended Upgrades Shutdown.
[[0;32m  OK  [0m] Started Authenticate and Authorize Users to Run Privileged Tasks.
[[0;32m  OK  [0m] Started Accounts Service.
[[0;32m  OK  [0m] Started LXD - container startup/shutdown.
[[0;32m  OK  [0m] Started Login to default iSCSI targets.
[[0;32m  OK  [0m] Reached target Remote File Systems (Pre).
[[0;32m  OK  [0m] Reached target Remote File Systems.
         Starting LSB: automatic crash report generation...
         Starting LSB: Set the CPU Frequency Scaling governor to "ondemand"...
         Starting LSB: daemon to balance interrupts for SMP systems...
         Starting Permit User Sessions...
[[0;32m  OK  [0m] Started Permit User Sessions.
         Starting Hold until boot process finishes up...
         Starting Terminate Plymouth Boot Screen...
[[0;32m  OK  [0m] Started LSB: automatic crash report generation.
[[0;32m  OK  [0m] Started LSB: Set the CPU Frequency Scaling governor to "ondemand".
[[0;32m  OK  [0m] Started Hold until boot process finishes up.
[[0;32m  OK  [0m] Started Terminate Plymouth Boot Screen.
         Starting Set console scheme...
[[0;32m  OK  [0m] Started Serial Getty on ttyS0.
[[0;32m  OK  [0m] Started Getty on tty1.
[[0;32m  OK  [0m] Reached target Login Prompts.
[[0;32m  OK  [0m] Started Virtualbox guest utils.
[[0;32m  OK  [0m] Started LSB: daemon to balance interrupts for SMP systems.
[[0;32m  OK  [0m] Started Set console scheme.
[[0;32m  OK  [0m] Started Snap Daemon.
         Starting Wait until snapd is fully seeded...
[[0;32m  OK  [0m] Started Pollinate to seed the pseudo random number generator.
         Starting OpenBSD Secure Shell server...
[[0;32m  OK  [0m] Started OpenBSD Secure Shell server.
[[0;32m  OK  [0m] Started Wait until snapd is fully seeded.
         Starting Apply the settings specified in cloud-config...
[[0;32m  OK  [0m] Reached target Multi-User System.
[[0;32m  OK  [0m] Reached target Graphical Interface.
         Starting Update UTMP about System Runlevel Changes...
[[0;32m  OK  [0m] Started Update UTMP about System Runlevel Changes.
[    8.871635] cloud-init[1285]: Generating locales (this might take a while)...
[    9.801737] cloud-init[1285]:   en_US.UTF-8... done
[    9.802673] cloud-init[1285]: Generation complete.
[   10.054125] cloud-init[1285]: Cloud-init v. 20.4.1-0ubuntu1~16.04.1 running 'modules:config' at Thu, 25 Mar 2021 19:41:36 +0000. Up 8.78 seconds.
[[0;32m  OK  [0m] Started Apply the settings specified in cloud-config.
         Starting Execute cloud user/final scripts...
ci-info: no authorized SSH keys fingerprints found for user ubuntu.
<14>Mar 25 19:41:38 ec2: 
<14>Mar 25 19:41:38 ec2: #############################################################
<14>Mar 25 19:41:38 ec2: -----BEGIN SSH HOST KEY FINGERPRINTS-----
<14>Mar 25 19:41:38 ec2: 1024 SHA256:Sco1IVx+U9FBmClplHW2eLCIpKsA22nAO9cFvy4EGjY root@ubuntu-xenial (DSA)
<14>Mar 25 19:41:38 ec2: 256 SHA256:Vr+5g2XdGfaCwGpBCvkc987QDKRkEKQabxKNo+RZl3c root@ubuntu-xenial (ECDSA)
<14>Mar 25 19:41:38 ec2: 256 SHA256:4GjR+5iupf6ibBjFsRAfXRpDq7Y9OjmoM5rn4a/aSWQ root@ubuntu-xenial (ED25519)
<14>Mar 25 19:41:38 ec2: 2048 SHA256:51LF0HfufjeERppxegHb1xtbbsmB1VNgCF1Ec0oWEN4 root@ubuntu-xenial (RSA)
<14>Mar 25 19:41:38 ec2: -----END SSH HOST KEY FINGERPRINTS-----
<14>Mar 25 19:41:38 ec2: #############################################################
-----BEGIN SSH HOST KEY KEYS-----
ecdsa-sha2-nistp256 AAAAE2VjZHNhLXNoYTItbmlzdHAyNTYAAAAIbmlzdHAyNTYAAABBBPdRm0XnsZWlzruKAMoiK1fTJxtppUoUR577+A59GR0oplmfxnBznRkKJnlVB6lFYO98X5B+Sc0LX99GKDquv5Q= root@ubuntu-xenial
ssh-ed25519 AAAAC3NzaC1lZDI1NTE5AAAAIHFYaED5pCpzcodMKz6DWchfZYe6g1f1kLkGypDBkDjM root@ubuntu-xenial
ssh-rsa AAAAB3NzaC1yc2EAAAADAQABAAABAQCsdaO849tKiAlCnChp+mLz0EljUMTaA78H87x5tL7E2dFs03Dn1PS6AOkcCUdRL0FsR+u0gSVYbbrhcLeMYNYLr1QESCuZwYWiy1JcvQ8YmPtgsycf55XZ2w+tluGJh71CT0+P8lfNbE6FHwt3b84mipua6Hkkh31MU6RBfSGmzU8ZwnQG/ODrzqxDjFTDgv3zLhrfUkxPW9cAlANlsEjDr3KcOrKTQkIUpjraFrPGdmw1PMX4QXxxhl5BURHGeiRUZNC5IN30zNK6cZ1rMC8rdp9YhYhA9E9Non40X0Nb3fI27241ESTK86kLwrOG1OGbjdpYRExe2uj2yhZm/H63 root@ubuntu-xenial
-----END SSH HOST KEY KEYS-----
[   10.467045] cloud-init[1329]: Cloud-init v. 20.4.1-0ubuntu1~16.04.1 running 'modules:final' at Thu, 25 Mar 2021 19:41:37 +0000. Up 10.34 seconds.
[   10.468764] cloud-init[1329]: ci-info: no authorized SSH keys fingerprints found for user ubuntu.
[   10.470740] cloud-init[1329]: Cloud-init v. 20.4.1-0ubuntu1~16.04.1 finished at Thu, 25 Mar 2021 19:41:38 +0000. Datasource DataSourceNoCloud [seed=/dev/sdb][dsmode=net].  Up 10.46 seconds
[[0;32m  OK  [0m] Started Execute cloud user/final scripts.
[[0;32m  OK  [0m] Reached target Cloud-init target.

Ubuntu 16.04.7 LTS ubuntu-xenial ttyS0

ubuntu-xenial login: 