[    0.000000] Initializing cgroup subsys cpuset
[    0.000000] Initializing cgroup subsys cpu
[    0.000000] Initializing cgroup subsys cpuacct
[    0.000000] Linux version 4.4.0-201-generic (buildd@lgw01-amd64-044) (gcc version 5.4.0 20160609 (Ubuntu 5.4.0-6ubuntu1~16.04.12) ) #233-Ubuntu SMP Thu Jan 14 06:10:28 UTC 2021 (Ubuntu 4.4.0-201.233-generic 4.4.247)
[    0.000000] Command line: BOOT_IMAGE=/boot/vmlinuz-4.4.0-201-generic root=LABEL=cloudimg-rootfs ro console=tty1 console=ttyS0
[    0.000000] KERNEL supported cpus:
[    0.000000]   Intel GenuineIntel
[    0.000000]   AMD AuthenticAMD
[    0.000000]   Centaur CentaurHauls
[    0.000000] [Firmware Bug]: TSC doesn't count with P0 frequency!
[    0.000000] x86/fpu: xstate_offset[2]:  576, xstate_sizes[2]:  256
[    0.000000] x86/fpu: Supporting XSAVE feature 0x01: 'x87 floating point registers'
[    0.000000] x86/fpu: Supporting XSAVE feature 0x02: 'SSE registers'
[    0.000000] x86/fpu: Supporting XSAVE feature 0x04: 'AVX registers'
[    0.000000] x86/fpu: Enabled xstate features 0x7, context size is 832 bytes, using 'standard' format.
[    0.000000] e820: BIOS-provided physical RAM map:
[    0.000000] BIOS-e820: [mem 0x0000000000000000-0x000000000009fbff] usable
[    0.000000] BIOS-e820: [mem 0x000000000009fc00-0x000000000009ffff] reserved
[    0.000000] BIOS-e820: [mem 0x00000000000f0000-0x00000000000fffff] reserved
[    0.000000] BIOS-e820: [mem 0x0000000000100000-0x000000003ffeffff] usable
[    0.000000] BIOS-e820: [mem 0x000000003fff0000-0x000000003fffffff] ACPI data
[    0.000000] BIOS-e820: [mem 0x00000000fec00000-0x00000000fec00fff] reserved
[    0.000000] BIOS-e820: [mem 0x00000000fee00000-0x00000000fee00fff] reserved
[    0.000000] BIOS-e820: [mem 0x00000000fffc0000-0x00000000ffffffff] reserved
[    0.000000] NX (Execute Disable) protection: active
[    0.000000] SMBIOS 2.5 present.
[    0.000000] Hypervisor detected: KVM
[    0.000000] Kernel/User page tables isolation: disabled
[    0.000000] e820: last_pfn = 0x3fff0 max_arch_pfn = 0x400000000
[    0.000000] MTRR: Disabled
[    0.000000] x86/PAT: MTRRs disabled, skipping PAT initialization too.
[    0.000000] CPU MTRRs all blank - virtualized system.
[    0.000000] x86/PAT: Configuration [0-7]: WB  WT  UC- UC  WB  WT  UC- UC  
[    0.000000] found SMP MP-table at [mem 0x0009fff0-0x0009ffff] mapped at [ffff88000009fff0]
[    0.000000] Scanning 1 areas for low memory corruption
[    0.000000] RAMDISK: [mem 0x362e0000-0x37167fff]
[    0.000000] ACPI: Early table checksum verification disabled
[    0.000000] ACPI: RSDP 0x00000000000E0000 000024 (v02 VBOX  )
[    0.000000] ACPI: XSDT 0x000000003FFF0030 00003C (v01 VBOX   VBOXXSDT 00000001 ASL  00000061)
[    0.000000] ACPI: FACP 0x000000003FFF00F0 0000F4 (v04 VBOX   VBOXFACP 00000001 ASL  00000061)
[    0.000000] ACPI: DSDT 0x000000003FFF0470 002325 (v02 VBOX   VBOXBIOS 00000002 INTL 20100528)
[    0.000000] ACPI: FACS 0x000000003FFF0200 000040
[    0.000000] ACPI: FACS 0x000000003FFF0200 000040
[    0.000000] ACPI: APIC 0x000000003FFF0240 00005C (v02 VBOX   VBOXAPIC 00000001 ASL  00000061)
[    0.000000] ACPI: SSDT 0x000000003FFF02A0 0001CC (v01 VBOX   VBOXCPUT 00000002 INTL 20100528)
[    0.000000] No NUMA configuration found
[    0.000000] Faking a node at [mem 0x0000000000000000-0x000000003ffeffff]
[    0.000000] NODE_DATA(0) allocated [mem 0x3ffeb000-0x3ffeffff]
[    0.000000] kvm-clock: Using msrs 4b564d01 and 4b564d00
[    0.000000] kvm-clock: cpu 0, msr 0:3ffe3001, primary cpu clock
[    0.000000] kvm-clock: using sched offset of 3423665868 cycles
[    0.000000] clocksource: kvm-clock: mask: 0xffffffffffffffff max_cycles: 0x1cd42e4dffb, max_idle_ns: 881590591483 ns
[    0.000000] Zone ranges:
[    0.000000]   DMA      [mem 0x0000000000001000-0x0000000000ffffff]
[    0.000000]   DMA32    [mem 0x0000000001000000-0x000000003ffeffff]
[    0.000000]   Normal   empty
[    0.000000]   Device   empty
[    0.000000] Movable zone start for each node
[    0.000000] Early memory node ranges
[    0.000000]   node   0: [mem 0x0000000000001000-0x000000000009efff]
[    0.000000]   node   0: [mem 0x0000000000100000-0x000000003ffeffff]
[    0.000000] Initmem setup node 0 [mem 0x0000000000001000-0x000000003ffeffff]
[    0.000000] ACPI: PM-Timer IO Port: 0x4008
[    0.000000] IOAPIC[0]: apic_id 2, version 32, address 0xfec00000, GSI 0-23
[    0.000000] ACPI: INT_SRC_OVR (bus 0 bus_irq 0 global_irq 2 dfl dfl)
[    0.000000] ACPI: INT_SRC_OVR (bus 0 bus_irq 9 global_irq 9 low level)
[    0.000000] Using ACPI (MADT) for SMP configuration information
[    0.000000] smpboot: Allowing 2 CPUs, 0 hotplug CPUs
[    0.000000] PM: Registered nosave memory: [mem 0x00000000-0x00000fff]
[    0.000000] PM: Registered nosave memory: [mem 0x0009f000-0x0009ffff]
[    0.000000] PM: Registered nosave memory: [mem 0x000a0000-0x000effff]
[    0.000000] PM: Registered nosave memory: [mem 0x000f0000-0x000fffff]
[    0.000000] e820: [mem 0x40000000-0xfebfffff] available for PCI devices
[    0.000000] Booting paravirtualized kernel on KVM
[    0.000000] clocksource: refined-jiffies: mask: 0xffffffff max_cycles: 0xffffffff, max_idle_ns: 7645519600211568 ns
[    0.000000] setup_percpu: NR_CPUS:512 nr_cpumask_bits:512 nr_cpu_ids:2 nr_node_ids:1
[    0.000000] PERCPU: Embedded 33 pages/cpu @ffff88003fc00000 s95640 r8192 d31336 u1048576
[    0.000000] Built 1 zonelists in Node order, mobility grouping on.  Total pages: 257912
[    0.000000] Policy zone: DMA32
[    0.000000] Kernel command line: BOOT_IMAGE=/boot/vmlinuz-4.4.0-201-generic root=LABEL=cloudimg-rootfs ro console=tty1 console=ttyS0
[    0.000000] PID hash table entries: 4096 (order: 3, 32768 bytes)
[    0.000000] Memory: 997664K/1048120K available (8641K kernel code, 1337K rwdata, 4044K rodata, 1492K init, 1296K bss, 50456K reserved, 0K cma-reserved)
[    0.000000] SLUB: HWalign=64, Order=0-3, MinObjects=0, CPUs=2, Nodes=1
[    0.000000] Hierarchical RCU implementation.
[    0.000000] 	Build-time adjustment of leaf fanout to 64.
[    0.000000] 	RCU restricting CPUs from NR_CPUS=512 to nr_cpu_ids=2.
[    0.000000] RCU: Adjusting geometry for rcu_fanout_leaf=64, nr_cpu_ids=2
[    0.000000] NR_IRQS:33024 nr_irqs:440 16
[    0.000000] Console: colour VGA+ 80x25
[    0.000000] console [tty1] enabled
[    0.000000] console [ttyS0] enabled
[    0.000000] tsc: Detected 3599.998 MHz processor
[    0.176762] Calibrating delay loop (skipped) preset value.. 7199.99 BogoMIPS (lpj=14399992)
[    0.178110] pid_max: default: 32768 minimum: 301
[    0.178834] ACPI: Core revision 20150930
[    0.180286] ACPI: 2 ACPI AML tables successfully acquired and loaded
[    0.181321] Security Framework initialized
[    0.181985] Yama: becoming mindful.
[    0.182591] AppArmor: AppArmor initialized
[    0.183316] Dentry cache hash table entries: 131072 (order: 8, 1048576 bytes)
[    0.184452] Inode-cache hash table entries: 65536 (order: 7, 524288 bytes)
[    0.210109] Mount-cache hash table entries: 2048 (order: 2, 16384 bytes)
[    0.211116] Mountpoint-cache hash table entries: 2048 (order: 2, 16384 bytes)
[    0.212256] Initializing cgroup subsys io
[    0.212933] Initializing cgroup subsys memory
[    0.213651] Initializing cgroup subsys devices
[    0.214352] Initializing cgroup subsys freezer
[    0.215087] Initializing cgroup subsys net_cls
[    0.215807] Initializing cgroup subsys perf_event
[    0.216601] Initializing cgroup subsys net_prio
[    0.217337] Initializing cgroup subsys hugetlb
[    0.218057] Initializing cgroup subsys pids
[    0.224058] mce: CPU supports 0 MCE banks
[    0.224752] Last level iTLB entries: 4KB 1024, 2MB 1024, 4MB 512
[    0.225655] Last level dTLB entries: 4KB 1536, 2MB 1536, 4MB 768, 1GB 0
[    0.226643] Spectre V1 : Mitigation: usercopy/swapgs barriers and __user pointer sanitization
[    0.227993] Spectre V2 : Spectre mitigation: LFENCE not serializing, switching to generic retpoline
[    0.229399] Spectre V2 : Mitigation: Full generic retpoline
[    0.230294] Spectre V2 : Spectre v2 / SpectreRSB mitigation: Filling RSB on context switch
[    0.231619] Speculative Store Bypass: Mitigation: Speculative Store Bypass disabled via prctl and seccomp
[    0.235246] Freeing SMP alternatives memory: 36K
[    0.241204] ftrace: allocating 32361 entries in 127 pages
[    0.296145] smpboot: APIC(0) Converting physical 0 to logical package 0
[    0.297156] smpboot: Max logical packages: 1
[    0.298074] x2apic enabled
[    0.298804] Switched APIC routing to physical x2apic.
[    0.300587] ..TIMER: vector=0x30 apic1=0 pin1=2 apic2=-1 pin2=-1
[    0.409545] APIC calibration not consistent with PM-Timer: 102ms instead of 100ms
[    0.410821] APIC delta adjusted to PM-Timer: 6289299 (6455829)
[    0.411753] smpboot: CPU0: AMD Ryzen 5 1600X Six-Core Processor (family: 0x17, model: 0x1, stepping: 0x1)
[    0.413403] Performance Events: Broken PMU hardware detected, using software events only.
[    0.414798] Failed to access perfctr msr (MSR c0010007 is 0)
[    0.421554] KVM setup paravirtual spinlock
[    0.422808] x86: Booting SMP configuration:
[    0.423510] .... node  #0, CPUs:      #1
[    0.424233] kvm-clock: cpu 1, msr 0:3ffe3041, secondary cpu clock
[    0.430136] mce: CPU supports 0 MCE banks
[    0.432576] x86: Booted up 1 node, 2 CPUs
[    0.433428] smpboot: Total of 2 processors activated (14399.99 BogoMIPS)
[    0.434784] devtmpfs: initialized
[    0.437275] evm: security.selinux
[    0.437869] evm: security.SMACK64
[    0.438474] evm: security.SMACK64EXEC
[    0.439110] evm: security.SMACK64TRANSMUTE
[    0.439795] evm: security.SMACK64MMAP
[    0.440432] evm: security.ima
[    0.440987] evm: security.capability
[    0.465770] clocksource: jiffies: mask: 0xffffffff max_cycles: 0xffffffff, max_idle_ns: 7645041785100000 ns
[    0.467350] futex hash table entries: 512 (order: 3, 32768 bytes)
[    0.468349] pinctrl core: initialized pinctrl subsystem
[    0.469289] RTC time: 21:24:13, date: 03/13/21
[    0.470264] NET: Registered protocol family 16
[    0.484147] cpuidle: using governor ladder
[    0.496851] cpuidle: using governor menu
[    0.497599] PCCT header not found.
[    0.498477] ACPI: bus type PCI registered
[    0.499153] acpiphp: ACPI Hot Plug PCI Controller Driver version: 0.5
[    0.500191] PCI: Using configuration type 1 for base access
[    0.501072] PCI: Using configuration type 1 for extended access
[    0.514857] ACPI: Added _OSI(Module Device)
[    0.515565] ACPI: Added _OSI(Processor Device)
[    0.516288] ACPI: Added _OSI(3.0 _SCP Extensions)
[    0.517073] ACPI: Added _OSI(Processor Aggregator Device)
[    0.518365] ACPI: Executed 1 blocks of module-level executable AML code
[    0.520906] ACPI: Interpreter enabled
[    0.521566] ACPI: (supports S0 S5)
[    0.522176] ACPI: Using IOAPIC for interrupt routing
[    0.523075] PCI: Using host bridge windows from ACPI; if necessary, use "pci=nocrs" and report a bug
[    0.527171] ACPI: PCI Root Bridge [PCI0] (domain 0000 [bus 00-ff])
[    0.528105] acpi PNP0A03:00: _OSC: OS supports [ExtendedConfig ASPM ClockPM Segments MSI]
[    0.529906] acpi PNP0A03:00: _OSC: platform does not support [PCIeCapability]
[    0.531187] acpi PNP0A03:00: _OSC: not requesting control; platform does not support [PCIeCapability]
[    0.532673] acpi PNP0A03:00: _OSC: OS requested [PCIeHotplug PME AER PCIeCapability]
[    0.533946] acpi PNP0A03:00: _OSC: platform willing to grant [PCIeHotplug PME AER]
[    0.542924] acpi PNP0A03:00: _OSC failed (AE_SUPPORT); disabling ASPM
[    0.544208] PCI host bridge to bus 0000:00
[    0.544924] pci_bus 0000:00: root bus resource [io  0x0000-0x0cf7 window]
[    0.545950] pci_bus 0000:00: root bus resource [io  0x0d00-0xffff window]
[    0.546997] pci_bus 0000:00: root bus resource [mem 0x000a0000-0x000bffff window]
[    0.548232] pci_bus 0000:00: root bus resource [mem 0x40000000-0xfdffffff window]
[    0.549467] pci_bus 0000:00: root bus resource [bus 00-ff]
[    0.551894] pci 0000:00:01.1: legacy IDE quirk: reg 0x10: [io  0x01f0-0x01f7]
[    0.552949] pci 0000:00:01.1: legacy IDE quirk: reg 0x14: [io  0x03f6]
[    0.553960] pci 0000:00:01.1: legacy IDE quirk: reg 0x18: [io  0x0170-0x0177]
[    0.555014] pci 0000:00:01.1: legacy IDE quirk: reg 0x1c: [io  0x0376]
[    0.562476] pci 0000:00:07.0: quirk: [io  0x4000-0x403f] claimed by PIIX4 ACPI
[    0.563726] pci 0000:00:07.0: quirk: [io  0x4100-0x410f] claimed by PIIX4 SMB
[    0.568782] ACPI: PCI Interrupt Link [LNKA] (IRQs 5 9 10 *11)
[    0.570180] ACPI: PCI Interrupt Link [LNKB] (IRQs 5 9 *10 11)
[    0.571452] ACPI: PCI Interrupt Link [LNKC] (IRQs 5 *9 10 11)
[    0.572737] ACPI: PCI Interrupt Link [LNKD] (IRQs 5 9 10 *11)
[    0.574037] ACPI: Enabled 2 GPEs in block 00 to 07
[    0.575057] vgaarb: setting as boot device: PCI:0000:00:02.0
[    0.575939] vgaarb: device added: PCI:0000:00:02.0,decodes=io+mem,owns=io+mem,locks=none
[    0.577273] vgaarb: loaded
[    0.577800] vgaarb: bridge control possible 0000:00:02.0
[    0.578794] SCSI subsystem initialized
[    0.579517] ACPI: bus type USB registered
[    0.580216] usbcore: registered new interface driver usbfs
[    0.581076] usbcore: registered new interface driver hub
[    0.581927] usbcore: registered new device driver usb
[    0.582861] PCI: Using ACPI for IRQ routing
[    0.583798] NetLabel: Initializing
[    0.584434] NetLabel:  domain hash size = 128
[    0.585157] NetLabel:  protocols = UNLABELED CIPSOv4
[    0.585947] NetLabel:  unlabeled traffic allowed by default
[    0.586892] amd_nb: Cannot enumerate AMD northbridges
[    0.587727] clocksource: Switched to clocksource kvm-clock
[    0.640065] AppArmor: AppArmor Filesystem Enabled
[    0.640912] pnp: PnP ACPI init
[    0.642160] pnp: PnP ACPI: found 3 devices
[    0.650369] clocksource: acpi_pm: mask: 0xffffff max_cycles: 0xffffff, max_idle_ns: 2085701024 ns
[    0.651776] NET: Registered protocol family 2
[    0.652596] TCP established hash table entries: 8192 (order: 4, 65536 bytes)
[    0.653611] TCP bind hash table entries: 8192 (order: 5, 131072 bytes)
[    0.654595] TCP: Hash tables configured (established 8192 bind 8192)
[    0.655549] UDP hash table entries: 512 (order: 2, 16384 bytes)
[    0.656465] UDP-Lite hash table entries: 512 (order: 2, 16384 bytes)
[    0.657443] NET: Registered protocol family 1
[    0.658155] pci 0000:00:00.0: Limiting direct PCI/PCI transfers
[    0.659040] pci 0000:00:01.0: Activating ISA DMA hang workarounds
[    0.684707] Unpacking initramfs...
[    1.463327] Freeing initrd memory: 14880K
[    1.464140] clocksource: tsc: mask: 0xffffffffffffffff max_cycles: 0x33e451ab1a6, max_idle_ns: 440795278720 ns
[    1.465798] platform rtc_cmos: registered platform RTC device (no PNP device found)
[    1.467220] Scanning for low memory corruption every 60 seconds
[    1.468590] audit: initializing netlink subsys (disabled)
[    1.469454] audit: type=2000 audit(1615670659.829:1): initialized
[    1.470570] Initialise system trusted keyring
[    1.471455] HugeTLB registered 2 MB page size, pre-allocated 0 pages
[    1.473379] zbud: loaded
[    1.474300] VFS: Disk quotas dquot_6.6.0
[    1.475008] VFS: Dquot-cache hash table entries: 512 (order 0, 4096 bytes)
[    1.476146] squashfs: version 4.0 (2009/01/31) Phillip Lougher
[    1.510303] fuse init (API version 7.23)
[    1.511372] Key type big_key registered
[    1.512072] Allocating IMA MOK and blacklist keyrings.
[    1.513807] Key type asymmetric registered
[    1.514504] Asymmetric key parser 'x509' registered
[    1.515300] Block layer SCSI generic (bsg) driver version 0.4 loaded (major 249)
[    1.516575] io scheduler noop registered
[    1.517248] io scheduler deadline registered (default)
[    1.518080] io scheduler cfq registered
[    1.518810] pci_hotplug: PCI Hot Plug PCI Core version: 0.5
[    1.519689] pciehp: PCI Express Hot Plug Controller Driver version: 0.4
[    1.520745] ACPI: AC Adapter [AC] (on-line)
[    1.521491] input: Power Button as /devices/LNXSYSTM:00/LNXPWRBN:00/input/input0
[    1.522734] ACPI: Power Button [PWRF]
[    1.523419] input: Sleep Button as /devices/LNXSYSTM:00/LNXSLPBN:00/input/input1
[    1.524713] ACPI: Sleep Button [SLPF]
[    1.525485] GHES: HEST is not enabled!
[    1.526220] Serial: 8250/16550 driver, 32 ports, IRQ sharing enabled
[    1.547638] 00:02: ttyS0 at I/O 0x3f8 (irq = 4, base_baud = 115200) is a 16550A
[    1.550537] Linux agpgart interface v0.103
[    1.552463] loop: module loaded
[    1.553442] scsi host0: ata_piix
[    1.554130] scsi host1: ata_piix
[    1.554752] ata1: PATA max UDMA/33 cmd 0x1f0 ctl 0x3f6 bmdma 0xd000 irq 14
[    1.555752] ata2: PATA max UDMA/33 cmd 0x170 ctl 0x376 bmdma 0xd008 irq 15
[    1.556822] libphy: Fixed MDIO Bus: probed
[    1.557690] tun: Universal TUN/TAP device driver, 1.6
[    1.558493] tun: (C) 1999-2004 Max Krasnyansky <maxk@qualcomm.com>
[    1.559473] PPP generic driver version 2.4.2
[    1.560242] ehci_hcd: USB 2.0 'Enhanced' Host Controller (EHCI) Driver
[    1.561191] ehci-pci: EHCI PCI platform driver
[    1.561909] ehci-platform: EHCI generic platform driver
[    1.562714] ohci_hcd: USB 1.1 'Open' Host Controller (OHCI) Driver
[    1.563622] ohci-pci: OHCI PCI platform driver
[    1.564364] ohci-platform: OHCI generic platform driver
[    1.565165] uhci_hcd: USB Universal Host Controller Interface driver
[    1.566122] i8042: PNP: PS/2 Controller [PNP0303:PS2K,PNP0f03:PS2M] at 0x60,0x64 irq 1,12
[    1.567866] serio: i8042 KBD port at 0x60,0x64 irq 1
[    1.568670] serio: i8042 AUX port at 0x60,0x64 irq 12
[    1.569617] mousedev: PS/2 mouse device common for all mice
[    1.570910] input: AT Translated Set 2 keyboard as /devices/platform/i8042/serio0/input/input2
[    1.572276] rtc_cmos rtc_cmos: rtc core: registered rtc_cmos as rtc0
[    1.573289] rtc_cmos rtc_cmos: alarms up to one day, 114 bytes nvram
[    1.574309] i2c /dev entries driver
[    1.574962] device-mapper: uevent: version 1.0.3
[    1.575795] device-mapper: ioctl: 4.34.0-ioctl (2015-10-28) initialised: dm-devel@redhat.com
[    1.577215] ledtrig-cpu: registered to indicate activity on CPUs
[    1.578469] NET: Registered protocol family 10
[    1.579329] NET: Registered protocol family 17
[    1.580080] Key type dns_resolver registered
[    1.581138] registered taskstats version 1
[    1.581821] Loading compiled-in X.509 certificates
[    1.583026] Loaded X.509 cert 'Build time autogenerated kernel key: 9e5e2330314f2a00b0409bdb338e201244d5149f'
[    1.584563] zswap: loaded using pool lzo/zbud
[    1.586537] Key type trusted registered
[    1.589300] Key type encrypted registered
[    1.589976] AppArmor: AppArmor sha1 policy hashing enabled
[    1.590809] ima: No TPM chip found, activating TPM-bypass!
[    1.591643] ima: Allocated hash algorithm: sha1
[    1.592371] evm: HMAC attrs: 0x1
[    1.593225]   Magic number: 13:560:449
[    1.593948] rtc_cmos rtc_cmos: setting system clock to 2021-03-13 21:24:15 UTC (1615670655)
[    1.595382] BIOS EDD facility v0.16 2004-Jun-25, 0 devices found
[    1.596316] EDD information not available.
[    1.735325] Freeing unused kernel memory: 1492K
[    1.736111] Write protecting the kernel read-only data: 14336k
[    1.737376] Freeing unused kernel memory: 1588K
[    1.738276] Freeing unused kernel memory: 52K
Loading, please wait...
starting version 229
[    1.747289] random: systemd-udevd: uninitialized urandom read (16 bytes read, 3 bits of entropy available)
[    1.747606] random: udevadm: uninitialized urandom read (16 bytes read, 3 bits of entropy available)
[    1.747621] random: udevadm: uninitialized urandom read (16 bytes read, 3 bits of entropy available)
[    1.751707] random: systemd-udevd: uninitialized urandom read (16 bytes read, 3 bits of entropy available)
[    1.753298] random: systemd-udevd: uninitialized urandom read (16 bytes read, 3 bits of entropy available)
[    1.754110] random: udevadm: uninitialized urandom read (16 bytes read, 3 bits of entropy available)
[    1.754144] random: udevadm: uninitialized urandom read (16 bytes read, 3 bits of entropy available)
[    1.754245] random: udevadm: uninitialized urandom read (16 bytes read, 3 bits of entropy available)
[    1.754282] random: udevadm: uninitialized urandom read (16 bytes read, 3 bits of entropy available)
[    1.754319] random: udevadm: uninitialized urandom read (16 bytes read, 3 bits of entropy available)
[    1.786435] e1000: Intel(R) PRO/1000 Network Driver - version 7.3.21-k8-NAPI
[    1.787510] e1000: Copyright (c) 1999-2006 Intel Corporation.
[    1.795030] Fusion MPT base driver 3.04.20
[    1.795737] Copyright (c) 1999-2008 LSI Corporation
[    1.803053] AVX2 version of gcm_enc/dec engaged.
[    1.803825] AES CTR mode by8 optimization enabled
[    1.808059] Fusion MPT SPI Host driver 3.04.20
[    2.013464] input: ImExPS/2 Generic Explorer Mouse as /devices/platform/i8042/serio1/input/input4
[    2.455211] e1000 0000:00:03.0 eth0: (PCI:33MHz:32-bit) 02:d9:59:5c:1c:7b
[    2.456321] e1000 0000:00:03.0 eth0: Intel(R) PRO/1000 Network Connection
[    2.457834] mptbase: ioc0: Initiating bringup
[    2.520771] ioc0: LSI53C1030 A0: Capabilities={Initiator}
[    2.681391] scsi host2: ioc0: LSI53C1030 A0, FwRev=00000000h, Ports=1, MaxQ=256, IRQ=20
[    2.792928] scsi 2:0:0:0: Direct-Access     VBOX     HARDDISK         1.0  PQ: 0 ANSI: 5
[    2.801915] scsi target2:0:0: Beginning Domain Validation
[    2.803277] scsi target2:0:0: Domain Validation skipping write tests
[    2.804232] scsi target2:0:0: Ending Domain Validation
[    2.805081] scsi target2:0:0: asynchronous
[    2.806085] scsi 2:0:1:0: Direct-Access     VBOX     HARDDISK         1.0  PQ: 0 ANSI: 5
[    2.807464] scsi target2:0:1: Beginning Domain Validation
[    2.808880] scsi target2:0:1: Domain Validation skipping write tests
[    2.809834] scsi target2:0:1: Ending Domain Validation
[    2.810678] scsi target2:0:1: asynchronous
[    2.814919] sd 2:0:0:0: Attached scsi generic sg0 type 0
[    2.815154] sd 2:0:0:0: [sda] 83886080 512-byte logical blocks: (42.9 GB/40.0 GiB)
[    2.815242] sd 2:0:0:0: [sda] Write Protect is off
[    2.815299] sd 2:0:0:0: [sda] Incomplete mode parameter data
[    2.815301] sd 2:0:0:0: [sda] Assuming drive cache: write through
[    2.816405]  sda: sda1
[    2.816904] sd 2:0:0:0: [sda] Attached SCSI disk
[    2.828766] sd 2:0:1:0: [sdb] 20480 512-byte logical blocks: (10.5 MB/10.0 MiB)
[    2.830249] sd 2:0:1:0: [sdb] Write Protect is off
[    2.831130] sd 2:0:1:0: [sdb] Incomplete mode parameter data
[    2.832053] sd 2:0:1:0: [sdb] Assuming drive cache: write through
[    2.833051] sd 2:0:1:0: Attached scsi generic sg1 type 0
[    2.837605] sd 2:0:1:0: [sdb] Attached SCSI disk
[    3.642099] e1000 0000:00:08.0 eth1: (PCI:33MHz:32-bit) 08:00:27:17:0c:4c
[    3.643109] e1000 0000:00:08.0 eth1: Intel(R) PRO/1000 Network Connection
[    3.644900] e1000 0000:00:08.0 enp0s8: renamed from eth1
[    3.660129] e1000 0000:00:03.0 enp0s3: renamed from eth0
Begin: Loading essential drivers ... [    4.935449] md: linear personality registered for level -1
[    4.937805] md: multipath personality registered for level -4
[    4.940137] md: raid0 personality registered for level 0
[    4.943187] md: raid1 personality registered for level 1
[    5.012768] raid6: sse2x1   gen()  7667 MB/s
[    5.080148] raid6: sse2x1   xor()  7572 MB/s
[    5.148073] raid6: sse2x2   gen() 16009 MB/s
[    5.215996] raid6: sse2x2   xor() 10288 MB/s
[    5.284349] raid6: sse2x4   gen() 16696 MB/s
[    5.352205] raid6: sse2x4   xor()  9709 MB/s
[    5.419776] raid6: avx2x1   gen() 17414 MB/s
[    5.488129] raid6: avx2x2   gen() 21308 MB/s
[    5.556092] raid6: avx2x4   gen() 22761 MB/s
[    5.556812] raid6: using algorithm avx2x4 gen() 22761 MB/s
[    5.557665] raid6: using avx2x2 recovery algorithm
[    5.559291] xor: automatically using best checksumming function:
[    5.600042]    avx       : 17152.000 MB/sec
[    5.601554] async_tx: api initialized (async)
[    5.608578] md: raid6 personality registered for level 6
[    5.609399] md: raid5 personality registered for level 5
[    5.610230] md: raid4 personality registered for level 4
[    5.614977] md: raid10 personality registered for level 10
done.
Begin: Running /scripts/init-premount ... done.
Begin: Mounting root file system ... Begin: Running /scripts/local-top ... done.
Begin: Running /scripts/local-premount ... [    5.638582] Btrfs loaded
Scanning for Btrfs filesystems
done.
Warning: fsck not present, so skipping root file system
[    5.655861] EXT4-fs (sda1): mounted filesystem with ordered data mode. Opts: (null)
done.
Begin: Running /scripts/local-bottom ... done.
Begin: Running /scripts/init-bottom ... done.
[    5.719641] systemd[1]: systemd 229 running in system mode. (+PAM +AUDIT +SELINUX +IMA +APPARMOR +SMACK +SYSVINIT +UTMP +LIBCRYPTSETUP +GCRYPT +GNUTLS +ACL +XZ -LZ4 +SECCOMP +BLKID +ELFUTILS +KMOD -IDN)
[    5.722329] systemd[1]: Detected virtualization oracle.
[    5.723148] systemd[1]: Detected architecture x86-64.

Welcome to [1mUbuntu 16.04.7 LTS[0m!

[    5.725759] systemd[1]: Set hostname to <ubuntu>.
[    5.728044] systemd[1]: Initializing machine ID from random generator.
[    5.729028] systemd[1]: Installed transient /etc/machine-id file.
[    5.817622] systemd[1]: Listening on LVM2 metadata daemon socket.
[[0;32m  OK  [0m] Listening on LVM2 metadata daemon socket.
[    5.819345] systemd[1]: Listening on Device-mapper event daemon FIFOs.
[[0;32m  OK  [0m] Listening on Device-mapper event daemon FIFOs.
[    5.821151] systemd[1]: Listening on LVM2 poll daemon socket.
[[0;32m  OK  [0m] Listening on LVM2 poll daemon socket.
[    5.822856] systemd[1]: Listening on /dev/initctl Compatibility Named Pipe.
[[0;32m  OK  [0m] Listening on /dev/initctl Compatibility Named Pipe.
[    5.825099] systemd[1]: Created slice User and Session Slice.
[[0;32m  OK  [0m] Created slice User and Session Slice.
[    5.826935] systemd[1]: Created slice System Slice.
[[0;32m  OK  [0m] Created slice System Slice.
[    5.828513] systemd[1]: Reached target Slices.
[[0;32m  OK  [0m] Reached target Slices.
[    5.829997] systemd[1]: Listening on Journal Audit Socket.
[[0;32m  OK  [0m] Listening on Journal Audit Socket.
[    5.831615] systemd[1]: Reached target Swap.
[[0;32m  OK  [0m] Reached target Swap.
[    5.833152] systemd[1]: Set up automount Arbitrary Executable File Formats File System Automount Point.
[[0;32m  OK  [0m] Set up automount Arbitrary Executab...ats File System Automount Point.
[    5.835690] systemd[1]: Listening on udev Control Socket.
[[0;32m  OK  [0m] Listening on udev Control Socket.
[    5.837311] systemd[1]: Reached target User and Group Name Lookups.
[[0;32m  OK  [0m] Reached target User and Group Name Lookups.
[    5.839108] systemd[1]: Listening on Syslog Socket.
[[0;32m  OK  [0m] Listening on Syslog Socket.
[    5.840621] systemd[1]: Reached target Encrypted Volumes.
[[0;32m  OK  [0m] Reached target Encrypted Volumes.
[    5.842228] systemd[1]: Listening on udev Kernel Socket.
[[0;32m  OK  [0m] Listening on udev Kernel Socket.
[    5.843822] systemd[1]: Reached target System Time Synchronized.
[[0;32m  OK  [0m] Reached target System Time Synchronized.
[    5.845786] systemd[1]: Created slice system-serial\x2dgetty.slice.
[[0;32m  OK  [0m] Created slice system-serial\x2dgetty.slice.
[    5.847590] systemd[1]: Started Trigger resolvconf update for networkd DNS.
[[0;32m  OK  [0m] Started Trigger resolvconf update for networkd DNS.
[    5.849556] systemd[1]: Listening on Journal Socket.
[[0;32m  OK  [0m] Listening on Journal Socket.
[    5.859932] systemd[1]: Mounting Huge Pages File System...
         Mounting Huge Pages File System...
[    5.863334] systemd[1]: Starting Load Kernel Modules...
         Starting Load Kernel Modules...
[    5.865182] systemd[1]: Starting Create list of required static device nodes for the current kernel...
         Starting Create list of required st... nodes for the current kernel...
[    5.868399] systemd[1]: Starting Uncomplicated firewall...
         Starting Uncomplicated firewall...
[    5.871187] systemd[1]: Starting Nameserver information manager...
         Starting Nameserver information manager...
[    5.872955] Loading iSCSI transport class v2.0-870.
[    5.873017] systemd[1]: Started Forward Password Requests to Wall Directory Watch.
[[0;32m  OK  [0m] Started Forward Password Requests to Wall Directory Watch.
[    5.876190] systemd[1]: Listening on Journal Socket (/dev/log).
[[0;32m  OK  [0m] Listening on Journal Socket (/dev/log).
[    5.878401] systemd[1]: Starting Journal Service...
         Starting Journal Service...
[    5.880226] systemd[1]: Mounting Debug File System...
         Mounting Debug File System...
[    5.882082] systemd[1]: Mounting POSIX Message Queue File System...
[    5.883191] iscsi: registered transport (tcp)
         Mounting POSIX Message Queue File System...
[    5.884766] systemd[1]: Starting Set console keymap...
         Starting Set console keymap...
[    5.888711] systemd[1]: Starting Monitoring of LVM2 mirrors, snapshots etc. using dmeventd or progress polling...
         Starting Monitoring of LVM2 mirrors... dmeventd or progress polling...
[    5.891802] systemd[1]: Starting Remount Root and Kernel File Systems...
         Starting Remount Root and Kernel File Systems...
[    5.932686] EXT4-fs (sda1): re-mounted. Opts: (null)
[    5.934865] systemd[1]: Mounted Huge Pages File System.
[[0;32m  OK  [0m] Mounted Huge Pages File System.
[    5.936737] systemd[1]: Mounted Debug File System.
[[0;32m  OK  [0m] Mounted Debug File System.
[    5.938496] systemd[1]: Mounted POSIX Message Queue File System.
[[0;32m  OK  [0m] Mounted POSIX Message Queue File System.
[    5.940782] systemd[1]: Started Create list of required static device nodes for the current kernel.
[[0;32m  OK  [0m] Started Create list of required sta...ce nodes for the current kernel.
[    5.979386] systemd[1]: Started Uncomplicated firewall.
[[0;32m  OK  [0m] Started Uncomplicated firewall.
[    5.982041] systemd[1]: Started Remount Root and Kernel File Systems.
[[0;32m  OK  [0m] Started Remount Root and Kernel File Systems.
[    5.985675] systemd[1]: Starting Load/Save Random Seed...
         Starting Load/Save Random Seed...
[    6.024939] systemd[1]: Starting udev Coldplug all Devices...
         Starting udev Coldplug all Devices...
[    6.027303] systemd[1]: Starting Create Static Device Nodes in /dev...
         Starting Create Static Device Nodes in /dev...
[    6.029510] systemd[1]: Started Journal Service.
[[0;32m  OK  [0m] Started Journal Service.
         Starting Flush Journal to Persistent Storage...
[[0;32m  OK  [0m] Started LVM2 metadata daemon.
[[0;32m  OK  [0m] Started Nameserver information manager.
[[0;32m  OK  [0m] Started Load/Save Random Seed.
[    6.045341] iscsi: registered transport (iser)
[    6.045345] systemd-journald[383]: Received request to flush runtime journal from PID 1
[[0;32m  OK  [0m] Started Flush Journal to Persistent Storage.
[[0;32m  OK  [0m] Started Load Kernel Modules.
         Starting Apply Kernel Variables...
         Mounting FUSE Control File System...
[[0;32m  OK  [0m] Mounted FUSE Control File System.
[    6.093470] random: nonblocking pool is initialized
[[0;32m  OK  [0m] Started Apply Kernel Variables.
[[0;32m  OK  [0m] Started Create Static Device Nodes in /dev.
         Starting udev Kernel Device Manager...
[[0;32m  OK  [0m] Started Monitoring of LVM2 mirrors,...ng dmeventd or progress polling.
[[0;32m  OK  [0m] Started udev Coldplug all Devices.
[[0;32m  OK  [0m] Started udev Kernel Device Manager.
[[0;32m  OK  [0m] Started Set console keymap.
[[0;32m  OK  [0m] Started Dispatch Password Requests to Console Directory Watch.
[[0;32m  OK  [0m] Reached target Local File Systems (Pre).
[[0;32m  OK  [0m] Reached target Local File Systems.
         Starting Commit a transient machine-id on disk...
         Starting Create Volatile Files and Directories...
         Starting Tell Plymouth To Write Out Runtime Data...
         Starting Initial cloud-init job (pre-networking)...
         Starting LSB: AppArmor initialization...
         Starting Set console font and keymap...
[[0;32m  OK  [0m] Started Create Volatile Files and Directories.
         Starting Update UTMP about System Boot/Shutdown...
[[0;32m  OK  [0m] Started Update UTMP about System Boot/Shutdown.
[[0;32m  OK  [0m] Started Tell Plymouth To Write Out Runtime Data.
[[0;32m  OK  [0m] Started Commit a transient machine-id on disk.
[[0;32m  OK  [0m] Found device /dev/ttyS0.
[[0;32m  OK  [0m] Listening on Load/Save RF Kill Switch Status /dev/rfkill Watch.
[[0;32m  OK  [0m] Started LSB: AppArmor initialization.
         Starting Load AppArmor profiles managed internally by snapd...
[[0;32m  OK  [0m] Started Load AppArmor profiles managed internally by snapd.
[    8.573128] cloud-init[487]: Cloud-init v. 20.4.1-0ubuntu1~16.04.1 running 'init-local' at Sat, 13 Mar 2021 21:24:22 +0000. Up 8.33 seconds.
[[0;32m  OK  [0m] Started Set console font and keymap.
[[0;32m  OK  [0m] Started Initial cloud-init job (pre-networking).
[[0;32m  OK  [0m] Reached target Network (Pre).
         Starting Raise network interfaces...
[[0;32m  OK  [0m] Created slice system-getty.slice.
[[0;32m  OK  [0m] Started Raise network interfaces.
         Starting Initial cloud-init job (metadata service crawler)...
[[0;32m  OK  [0m] Reached target Network.
[    9.438948] cloud-init[954]: Cloud-init v. 20.4.1-0ubuntu1~16.04.1 running 'init' at Sat, 13 Mar 2021 21:24:23 +0000. Up 8.99 seconds.
[    9.440381] cloud-init[954]: ci-info: ++++++++++++++++++++++++++++++++++++++Net device info+++++++++++++++++++++++++++++++++++++++
[    9.441696] cloud-init[954]: ci-info: +--------+-------+----------------------------+---------------+--------+-------------------+
[    9.443100] cloud-init[954]: ci-info: | Device |   Up  |          Address           |      Mask     | Scope  |     Hw-Address    |
[    9.444430] cloud-init[954]: ci-info: +--------+-------+----------------------------+---------------+--------+-------------------+
[    9.445672] cloud-init[954]: ci-info: | enp0s3 |  True |         10.0.2.15          | 255.255.255.0 | global | 02:d9:59:5c:1c:7b |
[    9.452993] cloud-init[954]: ci-info: | enp0s3 |  True | fe80::d9:59ff:fe5c:1c7b/64 |       .       |  link  | 02:d9:59:5c:1c:7b |
[    9.454426] cloud-init[954]: ci-info: | enp0s8 | False |             .              |       .       |   .    | 08:00:27:17:0c:4c |
[    9.455832] cloud-init[954]: ci-info: |   lo   |  True |         127.0.0.1          |   255.0.0.0   |  host  |         .         |
[    9.457295] cloud-init[954]: ci-info: |   lo   |  True |          ::1/128           |       .       |  host  |         .         |
[    9.458607] cloud-init[954]: ci-info: +--------+-------+----------------------------+---------------+--------+-------------------+
[    9.459927] cloud-init[954]: ci-info: +++++++++++++++++++++++++++Route IPv4 info++++++++++++++++++++++++++++
[    9.468625] cloud-init[954]: ci-info: +-------+-------------+----------+---------------+-----------+-------+
[    9.469726] cloud-init[954]: ci-info: | Route | Destination | Gateway  |    Genmask    | Interface | Flags |
[    9.470935] cloud-init[954]: ci-info: +-------+-------------+----------+---------------+-----------+-------+
[    9.472186] cloud-init[954]: ci-info: |   0   |   0.0.0.0   | 10.0.2.2 |    0.0.0.0    |   enp0s3  |   UG  |
[    9.473363] cloud-init[954]: ci-info: |   1   |   10.0.2.0  | 0.0.0.0  | 255.255.255.0 |   enp0s3  |   U   |
[    9.480697] cloud-init[954]: ci-info: +-------+-------------+----------+---------------+-----------+-------+
[    9.489063] [[0;32m  OK  [0m] Started Initial cloud-init job (metadata service crawler).
[[0;32m  OK  [0m] Reached target Cloud-config availability.
[[0;32m  OK  [0m] Reached target Network is Online.
cloud-init[954]: ci-info: +++++++++++++++++++Route IPv6 info+++++++++++++++++++
[    9.491507] cloud-init[954]: ci-info: +-------+-------------+---------+-----------+-------+
[    9.492530] cloud-init[954]: ci-info: | Route | Destination | Gateway | Interface | Flags |
[    9.493648] cloud-init[954]: ci-info: +-------+-------------+---------+-----------+-------+
[    9.494728] cloud-init[954]: ci-info: |   0   |  fe80::/64  |    ::   |   enp0s3  |   U   |
[    9.495843] cloud-init[954]: ci-info: |   3   |   ff00::/8  |    ::   |   enp0s3  |   U   |
[    9.496843] cloud-init[954]: ci-info: +-------+-------------+---------+-----------+-------+
[    9.497893] cloud-init[954]: Generating public/private rsa key pair.
[    9.498755] cloud-init[954]: Your identification has been saved in /etc/ssh/ssh_host_rsa_key.
[    9.499901] cloud-init[954]: Your public key has been saved in /etc/ssh/ssh_host_rsa_key.pub.         Starting iSCSI initiator daemon (iscsid)...
[[0;32m  OK  [0m] Reached target System Initialization.
[[0;32m  OK  [0m] Started Message of the Day.
[[0;32m  OK  [0m] Started Daily Cleanup of Temporary Directories.
[[0;32m  OK  [0m] Listening on ACPID Listen Socket.
[[0;32m  OK  [0m] Started Daily apt download activities.

         Starting LXD - unix socket.
[    9.504445] [[0;32m  OK  [0m] Started ACPI Events Check.
[[0;32m  OK  [0m] Reached target Paths.
[[0;32m  OK  [0m] Listening on D-Bus System Message Bus Socket.
[[0;32m  OK  [0m] Started Daily apt upgrade and clean activities.
[[0;32m  OK  [0m] Reached target Timers.
[[0;32m  OK  [0m] Listening on UUID daemon activation socket.
         Starting Socket activation for snappy daemon.
[[0;32m  OK  [0m] Listening on LXD - unix socket.
[[0;32m  OK  [0m] Listening on Socket activation for snappy daemon.
[[0;32m  OK  [0m] Reached target Sockets.
[[0;32m  OK  [0m] Reached target Basic System.
         Starting /etc/rc.local Compatibility...
cloud-init[954]: The key fingerprint is:[[0;32m  OK  [0m] Started ACPI event daemon.
[[0;32m  OK  [0m] Started Regular background program processing daemon.
         Starting Accounts Service...
         Starting LSB: Record successful boot for GRUB...
         Starting Virtualbox guest utils...
[[0;32m  OK  [0m] Started FUSE filesystem for LXC.
[[0;32m  OK  [0m] Started D-Bus System Message Bus.

[    9.515440] cloud-init[954]: SHA256:bPqpdA0rxY6CN6EugFnpQmlouB/vt3xDM9Bft0xqNGg root@ubuntu-xenial
[    9.521466] cloud-init[954]: The key's randomart image is:
[    9.522838] cloud-init[954]: +---[RSA 2048]----+
[    9.525293] cloud-init[954]: |                 |
[    9.526012] cloud-init[954]: |                 |
[    9.526727] cloud-init[954]: |o ..   .   .     |
[    9.527451] cloud-init[954]: |o=o   .o. E + o  |
[    9.528176] cloud-init[954]: |==  .  .So o * . |
[    9.528909] cloud-init[954]: |* oo . *++. o o  |
[    9.529658] cloud-init[954]: |.ooo+ =.+o..     |
[    9.530391] cloud-init[954]: |.....=.+o.       |
[    9.531214] cloud-init[954]: | .....++o.       |
[    9.532137] cloud-init[954]: +----[SHA256]-----+
[    9.532939] cloud-init[954]: Generating public/private dsa key pair.
[    9.534073] cloud-init[954]: Your identification has been saved in /etc/ssh/ssh_host_dsa_key.
[    9.535256] cloud-init[954]: Your public key has been saved in /etc/ssh/ssh_host_dsa_key.pub.
[    9.536721] cloud-init[954]: The key fingerprint is:
[    9.537626] cloud-init[954]: SHA256:w1nF613I/7Gl/zEpcHpFYdd0LAeTmqlF2BExHi+QhkE root@ubuntu-xenial
[    9.538761] cloud-init[954]: The key's randomart image is:
[    9.539715] cloud-init[954]: +---[DSA 1024]----+
[    9.540580] cloud-init[954]: |       .Eo.=B+oB=|
[    9.541377] cloud-init[954]: |        . +++++.B|
[    9.542128] cloud-init[954]: |         ...o*.= |
[    9.542866] cloud-init[954]: |       . o  *.+ .|
[    9.543614] cloud-init[954]: |        S  = o + |
[    9.544354] cloud-init[954]: |         .. = o.+|
[    9.545135] cloud-init[954]: |           . o ==|
[    9.545888] cloud-init[954]: |            . o.+|
[    9.546687] cloud-init[954]: |               .+|
[    9.547475] cloud-init[954]: +----[SHA256]-----+
[    9.548224] cloud-init[954]: Generating public/private ecdsa key pair.
[    9.549300] cloud-init[954]: Your identification has been saved in /etc/ssh/ssh_host_ecdsa_key.
[    9.550452] cloud-init[954]: Your public key has been saved in /etc/ssh/ssh_host_ecdsa_key.pub.
[    9.551519] cloud-init[954]: The key fingerprint is:
[    9.552288] cloud-init[954]: SHA256:VvHrYGGRpFBSNJ4bYB+hZniWIBfurtxxlkA7cv6wklc root@ubuntu-xenial
[    9.553332] cloud-init[954]: The key's randomart image is:
[    9.554107] cloud-init[954]: +---[ECDSA 256]---+
[    9.554831] cloud-init[954]: |  . +.=+Bo+.     |
[    9.555573] cloud-init[954]: |   + + O =.+     |
[    9.556344] cloud-init[954]: |    + B * + .    |
[    9.557176] cloud-init[954]: |   o *   = . .   |
[    9.557929] cloud-init[954]: |  . *   S o .    |
[    9.558647] cloud-init[954]: |   = oEo . o     |
[    9.559366] cloud-init[954]: |   .=.+     .    |
[    9.560085] [[0;32m  OK  [0m] Started Deferred execution scheduler.
cloud-init[954]: | .oo.B           |
         Starting Pollinate to seed the pseudo random number generator...
[    9.562483] cloud-init[954]: |  ooo .          |
[    9.563552]          Starting Snap Daemon...
cloud-init         Starting LSB: MD monitoring daemon...
[954]:          Starting Login Service...
         Starting LXD - container startup/shutdown...
         Starting System Logging Service...
[[0;32m  OK  [0m] Started /etc/rc.local Compatibility.
+----[SHA256]-----+
         Starting Authenticate and Authorize Users to Run Privileged Tasks...
[[0;32m  OK  [0m] Started iSCSI initiator daemon (iscsid).
         Starting Login to default iSCSI targets...
[    9.579539] cloud-init[954]: Generating public/private ed25519 key pair.
[    9.589146] cloud-init[954]: Your identification has been saved in /etc/ssh/ssh_host_ed25519_key.
[    9.591195] cloud-init[954]: Your public key has been saved in /etc/ssh/ssh_host_ed25519_key.pub.
[    9.595998] cloud-init[954]: The key fingerprint is:
[    9.596140] cloud-init[954]: SHA256:907VUtuhUeUGc8+5CGU1AzpZhYM5vN/tI5+58axUK4s root@ubuntu-xenial
[[0;32m  OK  [0m[    9.597534] cloud-init[954]: The key's randomart image is:
[    9.597697] cloud-init[954]: +--[ED25519 256]--+
[    9.598257] cloud-init[954]: |          . o=B*+|
[    9.598594] cloud-init[954]: |           =*o.*=|
[    9.599580] cloud-init[954]: |           =o..o*|
[    9.599674] cloud-init[954]: |           .o ++=|
[    9.599702] cloud-init[954]: |        S . .o+o=|
[    9.599730] cloud-init[954]: |         . . o +o|
[    9.601392] cloud-init[954]: |            o..+ |
[    9.601430] cloud-init[954]: |           o.ooo*|
[    9.601966] cloud-init[954]: |           E..+*=|
[    9.602022] cloud-init[954]: +----[SHA256]-----+
] Started LSB: Record successful boot for GRUB.
[[0;32m  OK  [0m] Started Login to default iSCSI targets.
[[0;32m  OK  [0m] Reached target Remote File Systems (Pre).
[[0;32m  OK  [0m] Reached target Remote File Systems.
         Starting LSB: Set the CPU Frequency Scaling governor to "ondemand"...
         Starting LSB: daemon to balance interrupts for SMP systems...
         Starting LSB: automatic crash report generation...
         Starting Permit User Sessions...
[[0;32m  OK  [0m] Started System Logging Service.
[[0;32m  OK  [0m] Started LSB: MD monitoring daemon.
[[0;32m  OK  [0m] Started Login Service.
[[0;32m  OK  [0m] Started Permit User Sessions.
[[0;32m  OK  [0m] Started Authenticate and Authorize Users to Run Privileged Tasks.
[[0;32m  OK  [0m] Started Accounts Service.
         Starting Terminate Plymouth Boot Screen...
         Starting Hold until boot process finishes up...
[[0;32m  OK  [0m] Started Unattended Upgrades Shutdown.
[[0;32m  OK  [0m] Started LSB: Set the CPU Frequency Scaling governor to "ondemand".
[[0;32m  OK  [0m] Started Hold until boot process finishes up.
[[0;32m  OK  [0m] Started Getty on tty1.
         Starting Set console scheme...
[[0;32m  OK  [0m] Started Serial Getty on ttyS0.
[[0;32m  OK  [0m] Reached target Login Prompts.
[[0;32m  OK  [0m] Started Terminate Plymouth Boot Screen.
[[0;32m  OK  [0m] Started Set console scheme.
[[0;32m  OK  [0m] Started LSB: daemon to balance interrupts for SMP systems.
[[0;32m  OK  [0m] Started LSB: automatic crash report generation.
[[0;32m  OK  [0m] Started Virtualbox guest utils.
[[0;32m  OK  [0m] Started LXD - container startup/shutdown.
[[0;32m  OK  [0m] Started Pollinate to seed the pseudo random number generator.
         Starting OpenBSD Secure Shell server...
[[0;32m  OK  [0m] Started OpenBSD Secure Shell server.
[[0;32m  OK  [0m] Started Snap Daemon.
         Starting Wait until snapd is fully seeded...
[[0;32m  OK  [0m] Created slice User Slice of vagrant.
         Starting User Manager for UID 1000...
[[0;32m  OK  [0m] Started Wait until snapd is fully seeded.
[[0;32m  OK  [0m] Started Session 1 of user vagrant.
         Starting Apply the settings specified in cloud-config...
[[0;32m  OK  [0m] Reached target Multi-User System.
[[0;32m  OK  [0m] Reached target Graphical Interface.
         Starting Update UTMP about System Runlevel Changes...
[[0;32m  OK  [0m] Started Update UTMP about System Runlevel Changes.
[[0;32m  OK  [0m] Started User Manager for UID 1000.
[   13.791668] cloud-init[1307]: Generating locales (this might take a while)...

Ubuntu 16.04.7 LTS ubuntu-xenial ttyS0

ubuntu-xenial login: [   17.759167] cloud-init[1307]:   en_US.UTF-8... done
[   17.760075] cloud-init[1307]: Generation complete.
[   18.027283] cloud-init[1307]: Cloud-init v. 20.4.1-0ubuntu1~16.04.1 running 'modules:config' at Sat, 13 Mar 2021 21:24:27 +0000. Up 13.59 seconds.
ci-info: no authorized SSH keys fingerprints found for user ubuntu.
<14>Mar 13 21:24:32 ec2: 
<14>Mar 13 21:24:32 ec2: #############################################################
<14>Mar 13 21:24:32 ec2: -----BEGIN SSH HOST KEY FINGERPRINTS-----
<14>Mar 13 21:24:32 ec2: 1024 SHA256:w1nF613I/7Gl/zEpcHpFYdd0LAeTmqlF2BExHi+QhkE root@ubuntu-xenial (DSA)
<14>Mar 13 21:24:32 ec2: 256 SHA256:VvHrYGGRpFBSNJ4bYB+hZniWIBfurtxxlkA7cv6wklc root@ubuntu-xenial (ECDSA)
<14>Mar 13 21:24:32 ec2: 256 SHA256:907VUtuhUeUGc8+5CGU1AzpZhYM5vN/tI5+58axUK4s root@ubuntu-xenial (ED25519)
<14>Mar 13 21:24:32 ec2: 2048 SHA256:bPqpdA0rxY6CN6EugFnpQmlouB/vt3xDM9Bft0xqNGg root@ubuntu-xenial (RSA)
<14>Mar 13 21:24:32 ec2: -----END SSH HOST KEY FINGERPRINTS-----
<14>Mar 13 21:24:32 ec2: #############################################################
-----BEGIN SSH HOST KEY KEYS-----
ecdsa-sha2-nistp256 AAAAE2VjZHNhLXNoYTItbmlzdHAyNTYAAAAIbmlzdHAyNTYAAABBBGi3PQOP+vCREpTN0woT98Pnnfs+nPDtbpd3pAW8L6YUvm1j6cc3m2+vjIdGuEJA5J0iHw709bnPvlNu13D8zG8= root@ubuntu-xenial
ssh-ed25519 AAAAC3NzaC1lZDI1NTE5AAAAIObIzigQrav2KiJqJtbMBjhsI0CO5FCYvgkjIBcpTGgD root@ubuntu-xenial
ssh-rsa AAAAB3NzaC1yc2EAAAADAQABAAABAQDTSKicbXZfFDJhIKkCsxaBJvRAqx+Pn4kj1DCQcZjrro5aZNVAj/vzUP/bpLbUg3sIoCpBAsF6vKROhFiQaZr6dOJT+onlmD/O/PBWL9CCeT3Ngd2G5Qv4CFGW7n7tDB1i2NXat6bK8eOZ4IKVHhDkftGSSNfi95iLUnbdergmFINp2KDXgQBX/XV+idBQYNaBH7QXp3BRlcBStGZt7CD6O4LIIMPabGeYHWm/5S+YZgxfMo6nbFqpJQlIB2FhWI7SyFEqjxHCMPhIJipJ4ezo3zVyKrTUqAgESBxDaJS9uhquO7SS8Q/I8nmkyJwvXOtw3lZI8na0XtU0EJi+fSEd root@ubuntu-xenial
-----END SSH HOST KEY KEYS-----
[   18.377431] cloud-init[1490]: Cloud-init v. 20.4.1-0ubuntu1~16.04.1 running 'modules:final' at Sat, 13 Mar 2021 21:24:32 +0000. Up 18.27 seconds.
[   18.379869] cloud-init[1490]: ci-info: no authorized SSH keys fingerprints found for user ubuntu.
[   18.380832] cloud-init[1490]: Cloud-init v. 20.4.1-0ubuntu1~16.04.1 finished at Sat, 13 Mar 2021 21:24:32 +0000. Datasource DataSourceNoCloud [seed=/dev/sdb][dsmode=net].  Up 18.36 seconds
