[    0.000000] Initializing cgroup subsys cpuset
[    0.000000] Initializing cgroup subsys cpu
[    0.000000] Initializing cgroup subsys cpuacct
[    0.000000] Linux version 4.4.0-201-generic (buildd@lgw01-amd64-044) (gcc version 5.4.0 20160609 (Ubuntu 5.4.0-6ubuntu1~16.04.12) ) #233-Ubuntu SMP Thu Jan 14 06:10:28 UTC 2021 (Ubuntu 4.4.0-201.233-generic 4.4.247)
[    0.000000] Command line: BOOT_IMAGE=/boot/vmlinuz-4.4.0-201-generic root=LABEL=cloudimg-rootfs ro console=tty1 console=ttyS0
[    0.000000] KERNEL supported cpus:
[    0.000000]   Intel GenuineIntel
[    0.000000]   AMD AuthenticAMD
[    0.000000]   Centaur CentaurHauls
[    0.000000] [Firmware Bug]: TSC doesn't count with P0 frequency!
[    0.000000] x86/fpu: xstate_offset[2]:  576, xstate_sizes[2]:  256
[    0.000000] x86/fpu: Supporting XSAVE feature 0x01: 'x87 floating point registers'
[    0.000000] x86/fpu: Supporting XSAVE feature 0x02: 'SSE registers'
[    0.000000] x86/fpu: Supporting XSAVE feature 0x04: 'AVX registers'
[    0.000000] x86/fpu: Enabled xstate features 0x7, context size is 832 bytes, using 'standard' format.
[    0.000000] e820: BIOS-provided physical RAM map:
[    0.000000] BIOS-e820: [mem 0x0000000000000000-0x000000000009fbff] usable
[    0.000000] BIOS-e820: [mem 0x000000000009fc00-0x000000000009ffff] reserved
[    0.000000] BIOS-e820: [mem 0x00000000000f0000-0x00000000000fffff] reserved
[    0.000000] BIOS-e820: [mem 0x0000000000100000-0x00000000dffeffff] usable
[    0.000000] BIOS-e820: [mem 0x00000000dfff0000-0x00000000dfffffff] ACPI data
[    0.000000] BIOS-e820: [mem 0x00000000fec00000-0x00000000fec00fff] reserved
[    0.000000] BIOS-e820: [mem 0x00000000fee00000-0x00000000fee00fff] reserved
[    0.000000] BIOS-e820: [mem 0x00000000fffc0000-0x00000000ffffffff] reserved
[    0.000000] BIOS-e820: [mem 0x0000000100000000-0x000000021fffffff] usable
[    0.000000] NX (Execute Disable) protection: active
[    0.000000] SMBIOS 2.5 present.
[    0.000000] Hypervisor detected: KVM
[    0.000000] Kernel/User page tables isolation: disabled
[    0.000000] e820: last_pfn = 0x220000 max_arch_pfn = 0x400000000
[    0.000000] MTRR: Disabled
[    0.000000] x86/PAT: MTRRs disabled, skipping PAT initialization too.
[    0.000000] CPU MTRRs all blank - virtualized system.
[    0.000000] x86/PAT: Configuration [0-7]: WB  WT  UC- UC  WB  WT  UC- UC  
[    0.000000] e820: last_pfn = 0xdfff0 max_arch_pfn = 0x400000000
[    0.000000] found SMP MP-table at [mem 0x0009fff0-0x0009ffff] mapped at [ffff88000009fff0]
[    0.000000] Scanning 1 areas for low memory corruption
[    0.000000] RAMDISK: [mem 0x362e0000-0x37167fff]
[    0.000000] ACPI: Early table checksum verification disabled
[    0.000000] ACPI: RSDP 0x00000000000E0000 000024 (v02 VBOX  )
[    0.000000] ACPI: XSDT 0x00000000DFFF0030 00003C (v01 VBOX   VBOXXSDT 00000001 ASL  00000061)
[    0.000000] ACPI: FACP 0x00000000DFFF00F0 0000F4 (v04 VBOX   VBOXFACP 00000001 ASL  00000061)
[    0.000000] ACPI: DSDT 0x00000000DFFF0470 002325 (v02 VBOX   VBOXBIOS 00000002 INTL 20100528)
[    0.000000] ACPI: FACS 0x00000000DFFF0200 000040
[    0.000000] ACPI: FACS 0x00000000DFFF0200 000040
[    0.000000] ACPI: APIC 0x00000000DFFF0240 00005C (v02 VBOX   VBOXAPIC 00000001 ASL  00000061)
[    0.000000] ACPI: SSDT 0x00000000DFFF02A0 0001CC (v01 VBOX   VBOXCPUT 00000002 INTL 20100528)
[    0.000000] No NUMA configuration found
[    0.000000] Faking a node at [mem 0x0000000000000000-0x000000021fffffff]
[    0.000000] NODE_DATA(0) allocated [mem 0x21fff5000-0x21fff9fff]
[    0.000000] kvm-clock: Using msrs 4b564d01 and 4b564d00
[    0.000000] kvm-clock: cpu 0, msr 2:1ffed001, primary cpu clock
[    0.000000] kvm-clock: using sched offset of 3148533653 cycles
[    0.000000] clocksource: kvm-clock: mask: 0xffffffffffffffff max_cycles: 0x1cd42e4dffb, max_idle_ns: 881590591483 ns
[    0.000000] Zone ranges:
[    0.000000]   DMA      [mem 0x0000000000001000-0x0000000000ffffff]
[    0.000000]   DMA32    [mem 0x0000000001000000-0x00000000ffffffff]
[    0.000000]   Normal   [mem 0x0000000100000000-0x000000021fffffff]
[    0.000000]   Device   empty
[    0.000000] Movable zone start for each node
[    0.000000] Early memory node ranges
[    0.000000]   node   0: [mem 0x0000000000001000-0x000000000009efff]
[    0.000000]   node   0: [mem 0x0000000000100000-0x00000000dffeffff]
[    0.000000]   node   0: [mem 0x0000000100000000-0x000000021fffffff]
[    0.000000] Initmem setup node 0 [mem 0x0000000000001000-0x000000021fffffff]
[    0.000000] ACPI: PM-Timer IO Port: 0x4008
[    0.000000] IOAPIC[0]: apic_id 2, version 32, address 0xfec00000, GSI 0-23
[    0.000000] ACPI: INT_SRC_OVR (bus 0 bus_irq 0 global_irq 2 dfl dfl)
[    0.000000] ACPI: INT_SRC_OVR (bus 0 bus_irq 9 global_irq 9 low level)
[    0.000000] Using ACPI (MADT) for SMP configuration information
[    0.000000] smpboot: Allowing 2 CPUs, 0 hotplug CPUs
[    0.000000] PM: Registered nosave memory: [mem 0x00000000-0x00000fff]
[    0.000000] PM: Registered nosave memory: [mem 0x0009f000-0x0009ffff]
[    0.000000] PM: Registered nosave memory: [mem 0x000a0000-0x000effff]
[    0.000000] PM: Registered nosave memory: [mem 0x000f0000-0x000fffff]
[    0.000000] PM: Registered nosave memory: [mem 0xdfff0000-0xdfffffff]
[    0.000000] PM: Registered nosave memory: [mem 0xe0000000-0xfebfffff]
[    0.000000] PM: Registered nosave memory: [mem 0xfec00000-0xfec00fff]
[    0.000000] PM: Registered nosave memory: [mem 0xfec01000-0xfedfffff]
[    0.000000] PM: Registered nosave memory: [mem 0xfee00000-0xfee00fff]
[    0.000000] PM: Registered nosave memory: [mem 0xfee01000-0xfffbffff]
[    0.000000] PM: Registered nosave memory: [mem 0xfffc0000-0xffffffff]
[    0.000000] e820: [mem 0xe0000000-0xfebfffff] available for PCI devices
[    0.000000] Booting paravirtualized kernel on KVM
[    0.000000] clocksource: refined-jiffies: mask: 0xffffffff max_cycles: 0xffffffff, max_idle_ns: 7645519600211568 ns
[    0.000000] setup_percpu: NR_CPUS:512 nr_cpumask_bits:512 nr_cpu_ids:2 nr_node_ids:1
[    0.000000] PERCPU: Embedded 33 pages/cpu @ffff88021fc00000 s95640 r8192 d31336 u1048576
[    0.000000] Built 1 zonelists in Node order, mobility grouping on.  Total pages: 2064248
[    0.000000] Policy zone: Normal
[    0.000000] Kernel command line: BOOT_IMAGE=/boot/vmlinuz-4.4.0-201-generic root=LABEL=cloudimg-rootfs ro console=tty1 console=ttyS0
[    0.000000] PID hash table entries: 4096 (order: 3, 32768 bytes)
[    0.000000] Memory: 8156936K/8388152K available (8641K kernel code, 1337K rwdata, 4044K rodata, 1492K init, 1296K bss, 231216K reserved, 0K cma-reserved)
[    0.000000] SLUB: HWalign=64, Order=0-3, MinObjects=0, CPUs=2, Nodes=1
[    0.000000] Hierarchical RCU implementation.
[    0.000000] 	Build-time adjustment of leaf fanout to 64.
[    0.000000] 	RCU restricting CPUs from NR_CPUS=512 to nr_cpu_ids=2.
[    0.000000] RCU: Adjusting geometry for rcu_fanout_leaf=64, nr_cpu_ids=2
[    0.000000] NR_IRQS:33024 nr_irqs:440 16
[    0.000000] Console: colour VGA+ 80x25
[    0.000000] console [tty1] enabled
[    0.000000] console [ttyS0] enabled
[    0.000000] tsc: Detected 3600.002 MHz processor
[    0.421463] Calibrating delay loop (skipped) preset value.. 7200.00 BogoMIPS (lpj=14400008)
[    0.422954] pid_max: default: 32768 minimum: 301
[    0.423716] ACPI: Core revision 20150930
[    0.425161] ACPI: 2 ACPI AML tables successfully acquired and loaded
[    0.426451] Security Framework initialized
[    0.427332] Yama: becoming mindful.
[    0.427983] AppArmor: AppArmor initialized
[    0.432147] Dentry cache hash table entries: 1048576 (order: 11, 8388608 bytes)
[    0.448569] Inode-cache hash table entries: 524288 (order: 10, 4194304 bytes)
[    0.454051] Mount-cache hash table entries: 16384 (order: 5, 131072 bytes)
[    0.455095] Mountpoint-cache hash table entries: 16384 (order: 5, 131072 bytes)
[    0.456451] Initializing cgroup subsys io
[    0.457141] Initializing cgroup subsys memory
[    0.457938] Initializing cgroup subsys devices
[    0.458776] Initializing cgroup subsys freezer
[    0.459504] Initializing cgroup subsys net_cls
[    0.460224] Initializing cgroup subsys perf_event
[    0.461197] Initializing cgroup subsys net_prio
[    0.461964] Initializing cgroup subsys hugetlb
[    0.462729] Initializing cgroup subsys pids
[    0.468765] mce: CPU supports 0 MCE banks
[    0.469533] Last level iTLB entries: 4KB 1024, 2MB 1024, 4MB 512
[    0.470476] Last level dTLB entries: 4KB 1536, 2MB 1536, 4MB 768, 1GB 0
[    0.471479] Spectre V1 : Mitigation: usercopy/swapgs barriers and __user pointer sanitization
[    0.472894] Spectre V2 : Spectre mitigation: LFENCE not serializing, switching to generic retpoline
[    0.474337] Spectre V2 : Mitigation: Full generic retpoline
[    0.475345] Spectre V2 : Spectre v2 / SpectreRSB mitigation: Filling RSB on context switch
[    0.476760] Speculative Store Bypass: Mitigation: Speculative Store Bypass disabled via prctl and seccomp
[    0.480420] Freeing SMP alternatives memory: 36K
[    0.486421] ftrace: allocating 32361 entries in 127 pages
[    0.543599] smpboot: APIC(0) Converting physical 0 to logical package 0
[    0.544672] smpboot: Max logical packages: 1
[    0.545662] x2apic enabled
[    0.546414] Switched APIC routing to physical x2apic.
[    0.548237] ..TIMER: vector=0x30 apic1=0 pin1=2 apic2=-1 pin2=-1
[    0.657214] APIC calibration not consistent with PM-Timer: 112ms instead of 100ms
[    0.658931] APIC delta adjusted to PM-Timer: 6467285 (7297318)
[    0.659901] smpboot: CPU0: AMD Ryzen 5 1600X Six-Core Processor (family: 0x17, model: 0x1, stepping: 0x1)
[    0.661635] Performance Events: Broken PMU hardware detected, using software events only.
[    0.663119] Failed to access perfctr msr (MSR c0010007 is 0)
[    0.669977] KVM setup paravirtual spinlock
[    0.674950] x86: Booting SMP configuration:
[    0.675807] .... node  #0, CPUs:      #1
[    0.676577] kvm-clock: cpu 1, msr 2:1ffed041, secondary cpu clock
[    0.682657] mce: CPU supports 0 MCE banks
[    0.685114] x86: Booted up 1 node, 2 CPUs
[    0.685981] smpboot: Total of 2 processors activated (14400.00 BogoMIPS)
[    0.687396] devtmpfs: initialized
[    0.690382] evm: security.selinux
[    0.691089] evm: security.SMACK64
[    0.691802] evm: security.SMACK64EXEC
[    0.692623] evm: security.SMACK64TRANSMUTE
[    0.693324] evm: security.SMACK64MMAP
[    0.693957] evm: security.ima
[    0.694514] evm: security.capability
[    0.695285] clocksource: jiffies: mask: 0xffffffff max_cycles: 0xffffffff, max_idle_ns: 7645041785100000 ns
[    0.696812] futex hash table entries: 512 (order: 3, 32768 bytes)
[    0.697814] pinctrl core: initialized pinctrl subsystem
[    0.698850] RTC time: 18:32:33, date: 03/22/21
[    0.699805] NET: Registered protocol family 16
[    0.709693] cpuidle: using governor ladder
[    0.723333] cpuidle: using governor menu
[    0.724106] PCCT header not found.
[    0.725083] ACPI: bus type PCI registered
[    0.726058] acpiphp: ACPI Hot Plug PCI Controller Driver version: 0.5
[    0.727196] PCI: Using configuration type 1 for base access
[    0.728080] PCI: Using configuration type 1 for extended access
[    0.739544] ACPI: Added _OSI(Module Device)
[    0.740276] ACPI: Added _OSI(Processor Device)
[    0.741027] ACPI: Added _OSI(3.0 _SCP Extensions)
[    0.741842] ACPI: Added _OSI(Processor Aggregator Device)
[    0.743239] ACPI: Executed 1 blocks of module-level executable AML code
[    0.745806] ACPI: Interpreter enabled
[    0.746469] ACPI: (supports S0 S5)
[    0.747103] ACPI: Using IOAPIC for interrupt routing
[    0.756306] PCI: Using host bridge windows from ACPI; if necessary, use "pci=nocrs" and report a bug
[    0.760695] ACPI: PCI Root Bridge [PCI0] (domain 0000 [bus 00-ff])
[    0.761669] acpi PNP0A03:00: _OSC: OS supports [ExtendedConfig ASPM ClockPM Segments MSI]
[    0.763606] acpi PNP0A03:00: _OSC: platform does not support [PCIeCapability]
[    0.764880] acpi PNP0A03:00: _OSC: not requesting control; platform does not support [PCIeCapability]
[    0.766347] acpi PNP0A03:00: _OSC: OS requested [PCIeHotplug PME AER PCIeCapability]
[    0.767619] acpi PNP0A03:00: _OSC: platform willing to grant [PCIeHotplug PME AER]
[    0.768883] acpi PNP0A03:00: _OSC failed (AE_SUPPORT); disabling ASPM
[    0.770126] PCI host bridge to bus 0000:00
[    0.770834] pci_bus 0000:00: root bus resource [io  0x0000-0x0cf7 window]
[    0.771877] pci_bus 0000:00: root bus resource [io  0x0d00-0xffff window]
[    0.772913] pci_bus 0000:00: root bus resource [mem 0x000a0000-0x000bffff window]
[    0.774218] pci_bus 0000:00: root bus resource [mem 0xe0000000-0xfdffffff window]
[    0.775550] pci_bus 0000:00: root bus resource [bus 00-ff]
[    0.778010] pci 0000:00:01.1: legacy IDE quirk: reg 0x10: [io  0x01f0-0x01f7]
[    0.779081] pci 0000:00:01.1: legacy IDE quirk: reg 0x14: [io  0x03f6]
[    0.780093] pci 0000:00:01.1: legacy IDE quirk: reg 0x18: [io  0x0170-0x0177]
[    0.781118] pci 0000:00:01.1: legacy IDE quirk: reg 0x1c: [io  0x0376]
[    0.852374] pci 0000:00:07.0: quirk: [io  0x4000-0x403f] claimed by PIIX4 ACPI
[    0.853625] pci 0000:00:07.0: quirk: [io  0x4100-0x410f] claimed by PIIX4 SMB
[    0.902487] ACPI: PCI Interrupt Link [LNKA] (IRQs 5 9 10 *11)
[    0.903885] ACPI: PCI Interrupt Link [LNKB] (IRQs 5 9 *10 11)
[    0.905210] ACPI: PCI Interrupt Link [LNKC] (IRQs 5 *9 10 11)
[    0.906484] ACPI: PCI Interrupt Link [LNKD] (IRQs 5 9 10 *11)
[    0.907998] ACPI: Enabled 2 GPEs in block 00 to 07
[    0.909200] vgaarb: setting as boot device: PCI:0000:00:02.0
[    0.910262] vgaarb: device added: PCI:0000:00:02.0,decodes=io+mem,owns=io+mem,locks=none
[    0.911599] vgaarb: loaded
[    0.912156] vgaarb: bridge control possible 0000:00:02.0
[    0.913193] SCSI subsystem initialized
[    0.913971] ACPI: bus type USB registered
[    0.914648] usbcore: registered new interface driver usbfs
[    0.915589] usbcore: registered new interface driver hub
[    0.916538] usbcore: registered new device driver usb
[    0.920861] PCI: Using ACPI for IRQ routing
[    0.921836] NetLabel: Initializing
[    0.922451] NetLabel:  domain hash size = 128
[    0.923175] NetLabel:  protocols = UNLABELED CIPSOv4
[    0.923985] NetLabel:  unlabeled traffic allowed by default
[    0.925109] amd_nb: Cannot enumerate AMD northbridges
[    0.925976] clocksource: Switched to clocksource kvm-clock
[    0.939021] AppArmor: AppArmor Filesystem Enabled
[    0.939841] pnp: PnP ACPI init
[    0.941347] pnp: PnP ACPI: found 3 devices
[    0.950489] clocksource: acpi_pm: mask: 0xffffff max_cycles: 0xffffff, max_idle_ns: 2085701024 ns
[    0.951974] NET: Registered protocol family 2
[    0.952817] TCP established hash table entries: 65536 (order: 7, 524288 bytes)
[    0.954127] TCP bind hash table entries: 65536 (order: 8, 1048576 bytes)
[    0.958615] TCP: Hash tables configured (established 65536 bind 65536)
[    0.960019] UDP hash table entries: 4096 (order: 5, 131072 bytes)
[    0.960959] UDP-Lite hash table entries: 4096 (order: 5, 131072 bytes)
[    0.962015] NET: Registered protocol family 1
[    0.962872] pci 0000:00:00.0: Limiting direct PCI/PCI transfers
[    0.963820] pci 0000:00:01.0: Activating ISA DMA hang workarounds
[    0.964902] Unpacking initramfs...
[    1.207190] Freeing initrd memory: 14880K
[    1.208080] PCI-DMA: Using software bounce buffering for IO (SWIOTLB)
[    1.209489] software IO TLB: mapped [mem 0xdbff0000-0xdfff0000] (64MB)
[    1.210606] clocksource: tsc: mask: 0xffffffffffffffff max_cycles: 0x33e4559ce44, max_idle_ns: 440795364889 ns
[    1.212609] platform rtc_cmos: registered platform RTC device (no PNP device found)
[    1.214050] Scanning for low memory corruption every 60 seconds
[    1.215938] audit: initializing netlink subsys (disabled)
[    1.216901] audit: type=2000 audit(1616437958.689:1): initialized
[    1.218058] Initialise system trusted keyring
[    1.219071] HugeTLB registered 2 MB page size, pre-allocated 0 pages
[    1.220918] zbud: loaded
[    1.221821] VFS: Disk quotas dquot_6.6.0
[    1.222649] VFS: Dquot-cache hash table entries: 512 (order 0, 4096 bytes)
[    1.224159] squashfs: version 4.0 (2009/01/31) Phillip Lougher
[    1.228633] fuse init (API version 7.23)
[    1.229532] Key type big_key registered
[    1.230274] Allocating IMA MOK and blacklist keyrings.
[    1.232410] Key type asymmetric registered
[    1.233167] Asymmetric key parser 'x509' registered
[    1.233961] Block layer SCSI generic (bsg) driver version 0.4 loaded (major 249)
[    1.235354] io scheduler noop registered
[    1.236048] io scheduler deadline registered (default)
[    1.236886] io scheduler cfq registered
[    1.237639] pci_hotplug: PCI Hot Plug PCI Core version: 0.5
[    1.238599] pciehp: PCI Express Hot Plug Controller Driver version: 0.4
[    1.239779] ACPI: AC Adapter [AC] (on-line)
[    1.240574] input: Power Button as /devices/LNXSYSTM:00/LNXPWRBN:00/input/input0
[    1.242383] ACPI: Power Button [PWRF]
[    1.243468] input: Sleep Button as /devices/LNXSYSTM:00/LNXSLPBN:00/input/input1
[    1.244743] ACPI: Sleep Button [SLPF]
[    1.245554] GHES: HEST is not enabled!
[    1.246385] Serial: 8250/16550 driver, 32 ports, IRQ sharing enabled
[    1.268279] 00:02: ttyS0 at I/O 0x3f8 (irq = 4, base_baud = 115200) is a 16550A
[    1.271589] Linux agpgart interface v0.103
[    1.273513] loop: module loaded
[    1.274889] scsi host0: ata_piix
[    1.275735] scsi host1: ata_piix
[    1.276459] ata1: PATA max UDMA/33 cmd 0x1f0 ctl 0x3f6 bmdma 0xd000 irq 14
[    1.277473] ata2: PATA max UDMA/33 cmd 0x170 ctl 0x376 bmdma 0xd008 irq 15
[    1.278638] libphy: Fixed MDIO Bus: probed
[    1.279371] tun: Universal TUN/TAP device driver, 1.6
[    1.280198] tun: (C) 1999-2004 Max Krasnyansky <maxk@qualcomm.com>
[    1.281269] PPP generic driver version 2.4.2
[    1.282351] ehci_hcd: USB 2.0 'Enhanced' Host Controller (EHCI) Driver
[    1.283302] ehci-pci: EHCI PCI platform driver
[    1.284067] ehci-platform: EHCI generic platform driver
[    1.284883] ohci_hcd: USB 1.1 'Open' Host Controller (OHCI) Driver
[    1.285784] ohci-pci: OHCI PCI platform driver
[    1.286538] ohci-platform: OHCI generic platform driver
[    1.287436] uhci_hcd: USB Universal Host Controller Interface driver
[    1.288503] i8042: PNP: PS/2 Controller [PNP0303:PS2K,PNP0f03:PS2M] at 0x60,0x64 irq 1,12
[    1.290273] serio: i8042 KBD port at 0x60,0x64 irq 1
[    1.291099] serio: i8042 AUX port at 0x60,0x64 irq 12
[    1.292206] mousedev: PS/2 mouse device common for all mice
[    1.293564] input: AT Translated Set 2 keyboard as /devices/platform/i8042/serio0/input/input2
[    1.295520] rtc_cmos rtc_cmos: rtc core: registered rtc_cmos as rtc0
[    1.296773] rtc_cmos rtc_cmos: alarms up to one day, 114 bytes nvram
[    1.297709] i2c /dev entries driver
[    1.298360] device-mapper: uevent: version 1.0.3
[    1.299241] device-mapper: ioctl: 4.34.0-ioctl (2015-10-28) initialised: dm-devel@redhat.com
[    1.300610] ledtrig-cpu: registered to indicate activity on CPUs
[    1.302208] NET: Registered protocol family 10
[    1.306681] NET: Registered protocol family 17
[    1.307460] Key type dns_resolver registered
[    1.308939] registered taskstats version 1
[    1.309726] Loading compiled-in X.509 certificates
[    1.310981] Loaded X.509 cert 'Build time autogenerated kernel key: 9e5e2330314f2a00b0409bdb338e201244d5149f'
[    1.312548] zswap: loaded using pool lzo/zbud
[    1.314671] Key type trusted registered
[    1.317937] Key type encrypted registered
[    1.318738] AppArmor: AppArmor sha1 policy hashing enabled
[    1.319639] ima: No TPM chip found, activating TPM-bypass!
[    1.320497] ima: Allocated hash algorithm: sha1
[    1.321254] evm: HMAC attrs: 0x1
[    1.322145]   Magic number: 13:23:545
[    1.322801] tty ttyS21: hash matches
[    1.323512] rtc_cmos rtc_cmos: setting system clock to 2021-03-22 18:32:34 UTC (1616437954)
[    1.325008] BIOS EDD facility v0.16 2004-Jun-25, 0 devices found
[    1.325994] EDD information not available.
[    1.461164] Freeing unused kernel memory: 1492K
[    1.461992] Write protecting the kernel read-only data: 14336k
[    1.463304] Freeing unused kernel memory: 1588K
[    1.464183] Freeing unused kernel memory: 52K
Loading, please wait...
starting version 229
[    1.474007] random: systemd-udevd: uninitialized urandom read (16 bytes read, 3 bits of entropy available)
[    1.474525] random: udevadm: uninitialized urandom read (16 bytes read, 3 bits of entropy available)
[    1.474541] random: udevadm: uninitialized urandom read (16 bytes read, 3 bits of entropy available)
[    1.479350] random: systemd-udevd: uninitialized urandom read (16 bytes read, 3 bits of entropy available)
[    1.483556] random: systemd-udevd: uninitialized urandom read (16 bytes read, 3 bits of entropy available)
[    1.484452] random: udevadm: uninitialized urandom read (16 bytes read, 3 bits of entropy available)
[    1.484489] random: udevadm: uninitialized urandom read (16 bytes read, 3 bits of entropy available)
[    1.484594] random: udevadm: uninitialized urandom read (16 bytes read, 3 bits of entropy available)
[    1.484636] random: udevadm: uninitialized urandom read (16 bytes read, 3 bits of entropy available)
[    1.484675] random: udevadm: uninitialized urandom read (16 bytes read, 3 bits of entropy available)
[    1.532540] e1000: Intel(R) PRO/1000 Network Driver - version 7.3.21-k8-NAPI
[    1.533603] e1000: Copyright (c) 1999-2006 Intel Corporation.
[    1.541241] Fusion MPT base driver 3.04.20
[    1.542065] Copyright (c) 1999-2008 LSI Corporation
[    1.550810] Fusion MPT SPI Host driver 3.04.20
[    1.556414] AVX2 version of gcm_enc/dec engaged.
[    1.557553] AES CTR mode by8 optimization enabled
[    1.838564] input: ImExPS/2 Generic Explorer Mouse as /devices/platform/i8042/serio1/input/input4
[    1.889586] e1000 0000:00:03.0 eth0: (PCI:33MHz:32-bit) 02:d9:59:5c:1c:7b
[    1.890735] e1000 0000:00:03.0 eth0: Intel(R) PRO/1000 Network Connection
[    1.892566] mptbase: ioc0: Initiating bringup
[    2.498561] ioc0: LSI53C1030 A0: Capabilities={Initiator}
[    2.659947] scsi host2: ioc0: LSI53C1030 A0, FwRev=00000000h, Ports=1, MaxQ=256, IRQ=20
[    3.662159] scsi 2:0:0:0: Direct-Access     VBOX     HARDDISK         1.0  PQ: 0 ANSI: 5
[    3.663638] scsi target2:0:0: Beginning Domain Validation
[    3.665476] scsi target2:0:0: Domain Validation skipping write tests
[    3.666431] scsi target2:0:0: Ending Domain Validation
[    3.667257] scsi target2:0:0: asynchronous
[    3.668299] scsi 2:0:1:0: Direct-Access     VBOX     HARDDISK         1.0  PQ: 0 ANSI: 5
[    3.669693] scsi target2:0:1: Beginning Domain Validation
[    3.671226] scsi target2:0:1: Domain Validation skipping write tests
[    3.672251] scsi target2:0:1: Ending Domain Validation
[    3.673328] scsi target2:0:1: asynchronous
[    3.679855] sd 2:0:0:0: Attached scsi generic sg0 type 0
[    3.680846] sd 2:0:0:0: [sda] 83886080 512-byte logical blocks: (42.9 GB/40.0 GiB)
[    3.681010] sd 2:0:1:0: [sdb] 20480 512-byte logical blocks: (10.5 MB/10.0 MiB)
[    3.681115] sd 2:0:1:0: [sdb] Write Protect is off
[    3.681250] sd 2:0:1:0: [sdb] Incomplete mode parameter data
[    3.681251] sd 2:0:1:0: [sdb] Assuming drive cache: write through
[    3.686134] sd 2:0:1:0: Attached scsi generic sg1 type 0
[    3.687130] sd 2:0:0:0: [sda] Write Protect is off
[    3.688048] sd 2:0:0:0: [sda] Incomplete mode parameter data
[    3.688941] sd 2:0:0:0: [sda] Assuming drive cache: write through
[    3.691290] sd 2:0:1:0: [sdb] Attached SCSI disk
[    3.699451]  sda: sda1
[    3.700630] sd 2:0:0:0: [sda] Attached SCSI disk
[    4.527098] e1000 0000:00:08.0 eth1: (PCI:33MHz:32-bit) 08:00:27:cf:6a:7a
[    4.528762] e1000 0000:00:08.0 eth1: Intel(R) PRO/1000 Network Connection
[    4.531167] e1000 0000:00:03.0 enp0s3: renamed from eth0
[    4.542673] e1000 0000:00:08.0 enp0s8: renamed from eth1
Begin: Loading essential drivers ... [    5.962111] md: linear personality registered for level -1
[    5.964553] md: multipath personality registered for level -4
[    5.967268] md: raid0 personality registered for level 0
[    5.970677] md: raid1 personality registered for level 1
[    6.042236] raid6: sse2x1   gen()  7048 MB/s
[    6.110697] raid6: sse2x1   xor()  6668 MB/s
[    6.178786] raid6: sse2x2   gen() 14458 MB/s
[    6.247143] raid6: sse2x2   xor()  9420 MB/s
[    6.314528] raid6: sse2x4   gen() 14991 MB/s
[    6.382046] raid6: sse2x4   xor()  7958 MB/s
[    6.449993] raid6: avx2x1   gen() 15548 MB/s
[    6.518211] raid6: avx2x2   gen() 19606 MB/s
[    6.586625] raid6: avx2x4   gen() 20583 MB/s
[    6.587394] raid6: using algorithm avx2x4 gen() 20583 MB/s
[    6.588272] raid6: using avx2x2 recovery algorithm
[    6.590121] xor: automatically using best checksumming function:
[    6.630488]    avx       : 12209.000 MB/sec
[    6.632640] async_tx: api initialized (async)
[    6.641801] md: raid6 personality registered for level 6
[    6.643285] md: raid5 personality registered for level 5
[    6.644393] md: raid4 personality registered for level 4
[    6.650070] md: raid10 personality registered for level 10
done.
Begin: Running /scripts/init-premount ... done.
Begin: Mounting root file system ... Begin: Running /scripts/local-top ... done.
Begin: Running /scripts/local-premount ... [    6.676140] Btrfs loaded
Scanning for Btrfs filesystems
done.
Warning: fsck not present, so skipping root file system
[    6.698974] EXT4-fs (sda1): mounted filesystem with ordered data mode. Opts: (null)
done.
Begin: Running /scripts/local-bottom ... done.
Begin: Running /scripts/init-bottom ... done.
[    6.774477] systemd[1]: systemd 229 running in system mode. (+PAM +AUDIT +SELINUX +IMA +APPARMOR +SMACK +SYSVINIT +UTMP +LIBCRYPTSETUP +GCRYPT +GNUTLS +ACL +XZ -LZ4 +SECCOMP +BLKID +ELFUTILS +KMOD -IDN)
[    6.777581] systemd[1]: Detected virtualization oracle.
[    6.778478] systemd[1]: Detected architecture x86-64.

Welcome to [1mUbuntu 16.04.7 LTS[0m!

[    6.781561] systemd[1]: Set hostname to <ubuntu>.
[    6.783955] systemd[1]: Initializing machine ID from random generator.
[    6.784935] systemd[1]: Installed transient /etc/machine-id file.
[    6.896849] systemd[1]: Listening on udev Kernel Socket.
[[0;32m  OK  [0m] Listening on udev Kernel Socket.
[    6.899054] systemd[1]: Set up automount Arbitrary Executable File Formats File System Automount Point.
[[0;32m  OK  [0m] Set up automount Arbitrary Executab...ats File System Automount Point.
[    6.901766] systemd[1]: Started Forward Password Requests to Wall Directory Watch.
[[0;32m  OK  [0m] Started Forward Password Requests to Wall Directory Watch.
[    6.904382] systemd[1]: Listening on udev Control Socket.
[[0;32m  OK  [0m] Listening on udev Control Socket.
[    6.906126] systemd[1]: Listening on Journal Socket (/dev/log).
[[0;32m  OK  [0m] Listening on Journal Socket (/dev/log).
[    6.908084] systemd[1]: Reached target Swap.
[[0;32m  OK  [0m] Reached target Swap.
[    6.910032] systemd[1]: Reached target Encrypted Volumes.
[[0;32m  OK  [0m] Reached target Encrypted Volumes.
[    6.911888] systemd[1]: Started Trigger resolvconf update for networkd DNS.
[[0;32m  OK  [0m] Started Trigger resolvconf update for networkd DNS.
[    6.914398] systemd[1]: Listening on /dev/initctl Compatibility Named Pipe.
[[0;32m  OK  [0m] Listening on /dev/initctl Compatibility Named Pipe.
[    6.916306] systemd[1]: Reached target System Time Synchronized.
[[0;32m  OK  [0m] Reached target System Time Synchronized.
[    6.918217] systemd[1]: Listening on Journal Socket.
[[0;32m  OK  [0m] Listening on Journal Socket.
[    6.919782] systemd[1]: Listening on LVM2 metadata daemon socket.
[[0;32m  OK  [0m] Listening on LVM2 metadata daemon socket.
[    6.921687] systemd[1]: Listening on Syslog Socket.
[[0;32m  OK  [0m] Listening on Syslog Socket.
[    6.923235] systemd[1]: Listening on LVM2 poll daemon socket.
[[0;32m  OK  [0m] Listening on LVM2 poll daemon socket.
[    6.925069] systemd[1]: Reached target User and Group Name Lookups.
[[0;32m  OK  [0m] Reached target User and Group Name Lookups.
[    6.927743] systemd[1]: Listening on Journal Audit Socket.
[[0;32m  OK  [0m] Listening on Journal Audit Socket.
[    6.929703] systemd[1]: Created slice System Slice.
[[0;32m  OK  [0m] Created slice System Slice.
[    6.946152] systemd[1]: Starting Journal Service...
         Starting Journal Service...
[    6.949114] systemd[1]: Mounting POSIX Message Queue File System...
         Mounting POSIX Message Queue File System...
[    6.952320] systemd[1]: Starting Load Kernel Modules...
         Starting Load Kernel Modules...
[    6.955113] systemd[1]: Mounting Debug File System...
         Mounting Debug File System...
[    6.961526] systemd[1]: Starting Create list of required static device nodes for the current kernel...
         Starting Create list of required st... nodes for the current kernel...
[    6.966511] systemd[1]: Starting Uncomplicated firewall...
         Starting Uncomplicated firewall...
[    6.968800] systemd[1]: Created slice system-serial\x2dgetty.slice.
[[0;32m  OK  [0[    6.970161] Loading iSCSI transport class v2.0-870.
m] Created slice system-serial\x2dgetty.slice.
[    6.972034] systemd[1]: Starting Set console keymap...
         Starting Set console keymap...
[    6.974433] systemd[1]: Starting Nameserver information manager...
         Starting Nameserver information manager...
[    6.979733] systemd[1]: Starting Remount Root and Kernel File Systems...
         Starting Remount Root and Kernel File Systems...
[    6.981845] systemd[1]: Created slice User and Session Slice.
[[0;32m  OK  [0m] Created slice User and Session Slice.
[    6.984726] systemd[1]: Mounting Huge Pages File System...
         Mounting Huge Pages File System...
[    6.987724] iscsi: registered transport (tcp)
[    6.987741] systemd[1]: Reached target Slices.
[[0;32m  OK  [0m] Reached target Slices.
[    6.990530] systemd[1]: Listening on Device-mapper event daemon FIFOs.
[    6.991677] EXT4-fs (sda1): re-mounted. Opts: (null)
[[0;32m  OK  [0m] Listening on Device-mapper event daemon FIFOs.
[    6.994129] systemd[1]: Starting Monitoring of LVM2 mirrors, snapshots etc. using dmeventd or progress polling...
         Starting Monitoring of LVM2 mirrors... dmeventd or progress polling...
[    6.999817] systemd[1]: Mounted Huge Pages File System.
[[0;32m  OK  [0m] Mounted Huge Pages File System.
[    7.002344] systemd[1]: Mounted Debug File System.
[[0;32m  OK  [0m] Mounted Debug File System.
[    7.005700] systemd[1]: Mounted POSIX Message Queue File System.
[[0;32m  OK  [0m] Mounted POSIX Message Queue File System.
[    7.007840] systemd[1]: Started Journal Service.
[[0;32m  OK  [0m] Started Journal Service.
[[0;32m  OK  [0m] Started Create list of required sta...ce nodes for the current kernel.
[[0;32m  OK  [0m] Started Uncomplicated firewall.
[    7.028152] iscsi: registered transport (iser)
[[0;32m  OK  [0m] Started Load Kernel Modules.
[[0;32m  OK  [0m] Started Remount Root and Kernel File Systems.
[[0;32m  OK  [0m] Started LVM2 metadata daemon.
         Starting Load/Save Random Seed...
         Starting udev Coldplug all Devices...
         Mounting FUSE Control File System...
         Starting Apply Kernel Variables...
         Starting Create Static Device Nodes in /dev...
         Starting Flush Journal to Persistent Storage...
[[0;32m  OK  [0m] Mounted FUSE Control File System.
[[0;32m  OK  [0m] Started Set console keymap.
[[0;32m  OK  [0m] Started Nameserver information manager.
[[0;32m  OK  [0m] Started Load/Save Random Seed.
[    7.065524] systemd-journald[365]: Received request to flush runtime journal from PID 1
[[0;32m  OK  [0m] Started Flush Journal to Persistent Storage.
[[0;32m  OK  [0m] Started Apply Kernel Variables.
[[0;32m  OK  [0m] Started Create Static Device Nodes in /dev.
         Starting udev Kernel Device Manager...
[[0;32m  OK  [0m] Started udev Coldplug all Devices.
[[0;32m  OK  [0m] Started udev Kernel Device Manager.
[[0;32m  OK  [0m] Started Dispatch Password Requests to Console Directory Watch.
[[0;32m  OK  [0m] Found device /dev/ttyS0.
[[0;32m  OK  [0m] Listening on Load/Save RF Kill Switch Status /dev/rfkill Watch.
[[0;32m  OK  [0m] Started Monitoring of LVM2 mirrors,...ng dmeventd or progress polling.
[[0;32m  OK  [0m] Reached target Local File Systems (Pre).
[[0;32m  OK  [0m] Reached target Local File Systems.
         Starting Commit a transient machine-id on disk...
         Starting Tell Plymouth To Write Out Runtime Data...
         Starting Set console font and keymap...
         Starting Initial cloud-init job (pre-networking)...
         Starting Create Volatile Files and Directories...
         Starting LSB: AppArmor initialization...
[[0;32m  OK  [0m] Started Create Volatile Files and Directories.
[[0;32m  OK  [0m] Started Tell Plymouth To Write Out Runtime Data.
         Starting Update UTMP about System Boot/Shutdown...
[[0;32m  OK  [0m] Started Commit a transient machine-id on disk.
[[0;32m  OK  [0m] Started Update UTMP about System Boot/Shutdown.
[[0;32m  OK  [0m] Started Set console font and keymap.
[[0;32m  OK  [0m] Created slice system-getty.slice.
[    8.088776] cloud-init[614]: Cloud-init v. 20.4.1-0ubuntu1~16.04.1 running 'init-local' at Mon, 22 Mar 2021 18:32:41 +0000. Up 7.86 seconds.
[[0;32m  OK  [0m] Started LSB: AppArmor initialization.
         Starting Load AppArmor profiles managed internally by snapd...
[[0;32m  OK  [0m] Started Initial cloud-init job (pre-networking).
[[0;32m  OK  [0m] Started Load AppArmor profiles managed internally by snapd.
[[0;32m  OK  [0m] Reached target Network (Pre).
         Starting Raise network interfaces...
[[0;32m  OK  [0m] Started Raise network interfaces.
         Starting Initial cloud-init job (metadata service crawler)...
[[0;32m  OK  [0m] Reached target Network.
[    8.959343] cloud-init[952]: Cloud-init v. 20.4.1-0ubuntu1~16.04.1 running 'init' at Mon, 22 Mar 2021 18:32:42 +0000. Up 8.53 seconds.
[    8.961498] cloud-init[952]: ci-info: ++++++++++++++++++++++++++++++++++++++Net device info+++++++++++++++++++++++++++++++++++++++
[    8.963076] cloud-init[952]: ci-info: +--------+-------+----------------------------+---------------+--------+-------------------+
[    8.964726] cloud-init[952]: ci-info: | Device |   Up  |          Address           |      Mask     | Scope  |     Hw-Address    |
[    8.966257] cloud-init[952]: ci-info: +--------+-------+----------------------------+---------------+--------+-------------------+
[    8.967645] cloud-init[952]: ci-info: | enp0s3 |  True |         10.0.2.15          | 255.255.255.0 | global | 02:d9:59:5c:1c:7b |
[    8.968957] cloud-init[952]: ci-info: | enp0s3 |  True | fe80::d9:59ff:fe5c:1c7b/64 |       .       |  link  | 02:d9:59:5c:1c:7b |
[    8.970332] cloud-init[952]: ci-info: | enp0s8 | False |             .              |       .       |   .    | 08:00:27:cf:6a:7a |
[    8.972011] cloud-init[952]: ci-info: |   lo   |  True |         127.0.0.1          |   255.0.0.0   |  host  |         .         |
[    8.973428] cloud-init[952]: ci-info: |   lo   |  True |          ::1/128           |       .       |  host  |         .         |
[    8.974861] cloud-init[952]: ci-info: +--------+-------+----------------------------+---------------+--------+-------------------+
[    8.976441] cloud-init[952]: ci-info: +++++++++++++++++++++++++++Route IPv4 info++++++++++++++++++++++++++++
[    8.978277] cloud-init[952]: ci-info: +-------+-------------+----------+---------------+-----------+-------+
[    8.979919] cloud-init[952]: ci-info: | Route | Destination | Gateway  |    Genmask    | Interface | Flags |
[    8.981385] cloud-init[952]: ci-info: +-------+-------------+----------+---------------+-----------+-------+
[    8.982660] cloud-init[952]: ci-info: |   0   |   0.0.0.0   | 10.0.2.2 |    0.0.0.0    |   enp0s3  |   UG  |
[    8.983934] cloud-init[952]: ci-info: |   1   |   10.0.2.0  | 0.0.0.0  | 255.255.255.0 |   enp0s3  |   U   |
[    8.985216] cloud-init[952]: ci-info: +-------+-------------+----------+---------------+-----------+-------+
[    8.986489] cloud-init[952]: ci-info: +++++++++++++++++++Route IPv6 info+++++++++++++++++++
[    8.987831] cloud-init[952]: ci-info: +-------+-------------+---------+-----------+-------+
[    8.989142] cloud-init[952]: ci-info: | Route | Destination | Gateway | Interface | Flags |
[    8.990252] cloud-init[952]: ci-info: +-------+-------------+---------+-----------+-------+
[    8.991468] cloud-init[952]: ci-info: |   0   |  fe80::/64  |    ::   |   enp0s3  |   U   |[[0;32m  OK  [0m] Started Initial cloud-init job (metadata service crawler).
[[0;32m  OK  [0m] 
Reached target Network is Online.
[    8.994550] cloud-init[952]: ci-info: |   3   |   ff00::/8  |    ::   |   enp0s3  |   U   |
[    8.995688] cloud-init[952]: ci-info: +-------+-------------+---------+-----------+-------+
[    8.996897] cloud-init[952]: Generating public/private rsa key pair.
[    8.997798] cloud-init[952]: Your identification has been saved in /etc/ssh/ssh_host_rsa_key.
[    8.998992] cloud-init[952]: Your public key has been saved in /etc/ssh/ssh_host_rsa_key.pub.
[    9.000310] cloud-init[952]: The key fingerprint is:
[    9.001189] cloud-init[952]: SHA256:f1K1ukRiM348vv2sq07Tcrtoum/Ee6gikRaiBSV575I root@ubuntu-xenial
[    9.002356] cloud-init[952]: The key's randomart image is:
[    9.003181] cloud-init[952]: +---[RSA 2048]----+
[    9.003894]          Starting iSCSI initiator daemon (iscsid)...
[[0;32m  OK  [0m] Reached target Cloud-config availability.
[[0;32m  OK  [0m] Reached target System Initialization.
[[0;32m  OK  [0m] Started Daily apt download activities.
[[0;32m  OK  [0m] Started Daily apt upgrade and clean activities.
         Starting Socket activation for snappy daemon.
cloud-init[952]: [[0;32m  OK  [0m|  .o.            |
[    9.008487] cloud-init[952]: |  o..            |
] [    9.009061] cloud-init[952]: |   o .        .  |
[    9.009117] cloud-init[952]: |    o o      . . |
[    9.009896] cloud-init[952]: |   o + oS =.o .  |
[    9.010213] cloud-init[952]: |  . E =  + Boo   |
[    9.011097] cloud-init[952]: |     o .  +.@oo  |
[    9.011369] cloud-init[952]: |      . .  B=O.o |
Started ACPI Events Check.
[[0;32m  OK  [0m] Reached target Paths.
[[0;32m  OK  [0m[    9.011955] cloud-init[952]: ] Listening on ACPID Listen Socket.
[[0;32m  OK  [0m] Listening on UUID daemon activation socket.
|       . .+OO+*=o|         Starting LXD - unix socket.
[[0;32m  OK  [0m] Started Daily Cleanup of Temporary Directories.
[[0;32m  OK  [0m] Started Message of the Day.
[[0;32m  OK  [0m] Reached target Timers.
[[0;32m  OK  [0m] Listening on D-Bus System Message Bus Socket.
[[0;32m  OK  [0m] Listening on Socket activation for snappy daemon.

[    9.018007] [[0;32m  OK  [0m] Listening on LXD - unix socket.
[[0;32m  OK  [0m] Reached target Sockets.
[[0;32m  OK  [0m] Reached target Basic System.
cloud-init[[0;32m  OK  [0m] Started D-Bus System Message Bus.
[952]: +----[SHA256]-----+
[    9.022854] cloud-init[952]: Generating public/private dsa key pair.
[    9.023908] cloud-init[952]: Your identification has been saved in /etc/ssh/ssh_host_dsa_key.
[    9.025015] cloud-init[952]: Your public key has been saved in /etc/ssh/ssh_host_dsa_key.pub.
[    9.026388] cloud-init[952]: The key fingerprint is:
[    9.027559] cloud-init[952]: SHA256:Qu5+j6h3KduV4/XGaag9Xnaqw6zmu27b36knItiGbi8 root@ubuntu-xenial
[    9.029060] cloud-init[952]: The key's randomart image is:
[    9.030035] cloud-init[952]: +---[DSA 1024]----+
[    9.030791] cloud-init[952]: |                 |
[    9.031881] cloud-init[952]: |                 |
[    9.032659] cloud-init[952]: |      .          |
[    9.033635] cloud-init[952]: |     o           |
[    9.034607] cloud-init[952]: |      o S        |
[    9.035449] cloud-init[952]: |     . .   .     |
[    9.036373] cloud-init[952]: |      . +.+o.oo..|
[    9.037226] cloud-init[952]: |     .oE+Bo**===.|
[    9.037943] cloud-init[952]: |    .o***B%B*OB..|
[    9.038731] cloud-init[952]: +----[SHA256]-----+
[    9.039478] cloud-init[952]: Generating public/private ecdsa key pair.
[    9.040410] cloud-init[952]: Your identification has been saved in /etc/ssh/ssh_host_ecdsa_key.
[    9.041653] cloud-init[952]: Your public key has been saved in /etc/ssh/ssh_host_ecdsa_key.pub.
[    9.042826] cloud-init[952]: The key fingerprint is:
[    9.043902] cloud-init[952]: SHA256:aWVh6Di12lx38iB7XR5QIJKAq1uKrBBuUuWyhlHweaI root@ubuntu-xenial
[    9.045258] cloud-init[952]: The key's randomart image is:
[    9.046149] cloud-init[952]: +---[ECDSA 256]---+
[    9.046932] cloud-init[952]: |.     ...o+. .o. |
[    9.047765] cloud-init[952]: | o . .  oo....   |
[    9.048686]          Starting /etc/rc.local Compatibility...
cloud-init         Starting Pollinate to seed the pseudo random number generator...
[[0;32m  OK  [0m] Started Deferred execution scheduler.
         Starting LXD - container startup/shutdown...
[[0;32m  OK  [0m] Started FUSE filesystem for LXC.[952]: 
|  = o .+ .o   .  |
[    9.054165] cloud-init[952]: | o = .o o+o + ...|
[    9.055289]          Starting System Logging Service...
[[0;32m  OK  [0m] Started ACPI event daemon.
         Starting LSB: MD monitoring daemon...
[[0;32m  OK  [0m] Started Regular background program processing daemon.
         Starting Virtualbox guest utils...
         Starting Login Service...
         Starting Snap Daemon...
         Starting Accounts Service...
         Starting LSB: Record successful boot for GRUB...
[[0;32m  OK  [0m] Started /etc/rc.local Compatibility.
cloud-init[952]: |E o o  =S. + * o.|
[    9.079619] cloud-init[952]: |.= + ...o . . o .|
[    9.080487] cloud-init[952]: |=o+ +      .     |
[    9.082958] cloud-init[952]: |++ o             |
[[0;32m  OK  [0m] [    9.088334] cloud-init[952]: |o                |
[    9.088949] cloud-init[952]: +----[SHA256]-----+
[    9.089526] cloud-init[952]: Generating public/private ed25519 key pair.
[    9.090081] cloud-init[952]: Your identification has been saved in /etc/ssh/ssh_host_ed25519_key.
[    9.090847] cloud-init[952]: Your public key has been saved in /etc/ssh/ssh_host_ed25519_key.pub.
[    9.091725] Started iSCSI initiator daemon (iscsid).cloud-init[952]: The key fingerprint is:
[    9.092695] cloud-init[952]: SHA256:vOB8SQjkKkNY7jVMdjno58+1vNqyTeV1sKk8/0i7Av4 root@ubuntu-xenial
[    9.092871] cloud-init[952]: The key's randomart image is:
[    9.094249] cloud-init[952]: +--[ED25519 256]--+
[    9.094586] cloud-init[952]: |  . +...         |
[    9.095524] cloud-init[952]: |.o *..o          |
[    9.095857] cloud-init[952]: |....*  .      .  |
[    9.096029] cloud-init[952]: |.. o.o.o       + |

[[0;32m  OK  [0m] Started LSB: Record successful boot for GRUB.
[    9.096487] cloud-init[952]: |o o  oo S   . + .|
[    9.099800] cloud-init[952]: | o   o.o oo+ o . |
[    9.116366] cloud-init[952]: |      oo++.o= .  |
[    9.116569] cloud-init[952]: |       .+++ .+ o |
[    9.117143] cloud-init[952]: |        o++oE.=o.|
[    9.117694] cloud-init[952]: +----[SHA256]-----+
         Starting Login to default iSCSI targets...
[[0;32m  OK  [0m] Started System Logging Service.
[[0;32m  OK  [0m] Started LSB: MD monitoring daemon.
[[0;32m  OK  [0m] Started Login Service.
[[0;32m  OK  [0m] Started Unattended Upgrades Shutdown.
[[0;32m  OK  [0m] Started Login to default iSCSI targets.
[[0;32m  OK  [0m] Reached target Remote File Systems (Pre).
[[0;32m  OK  [0m] Reached target Remote File Systems.
         Starting LSB: Set the CPU Frequency Scaling governor to "ondemand"...
         Starting LSB: daemon to balance interrupts for SMP systems...
         Starting Permit User Sessions...
         Starting LSB: automatic crash report generation...
[[0;32m  OK  [0m] Started Permit User Sessions.
         Starting Terminate Plymouth Boot Screen...
         Starting Hold until boot process finishes up...
[[0;32m  OK  [0m] Started LSB: Set the CPU Frequency Scaling governor to "ondemand".
[[0;32m  OK  [0m] Started Hold until boot process finishes up.
[[0;32m  OK  [0m] Started Terminate Plymouth Boot Screen.
         Starting Authenticate and Authorize Users to Run Privileged Tasks...
[[0;32m  OK  [0m] Started Serial Getty on ttyS0.
[[0;32m  OK  [0m] Started Getty on tty1.
[[0;32m  OK  [0m] Reached target Login Prompts.
         Starting Set console scheme...
[[0;32m  OK  [0m] Started LSB: daemon to balance interrupts for SMP systems.
[[0;32m  OK  [0m] Started Set console scheme.
[[0;32m  OK  [0m] Started LSB: automatic crash report generation.
[[0;32m  OK  [0m] Started Virtualbox guest utils.
[[0;32m  OK  [0m] Started Authenticate and Authorize Users to Run Privileged Tasks.
[[0;32m  OK  [0m] Started Accounts Service.
[[0;32m  OK  [0m] Started LXD - container startup/shutdown.
[[0;32m  OK  [0m] Started Snap Daemon.
         Starting Wait until snapd is fully seeded...
[[0;32m  OK  [0m] Started Pollinate to seed the pseudo random number generator.
         Starting OpenBSD Secure Shell server...
[[0;32m  OK  [0m] Started OpenBSD Secure Shell server.
[[0;32m  OK  [0m] Started Wait until snapd is fully seeded.
         Starting Apply the settings specified in cloud-config...
[[0;32m  OK  [0m] Reached target Multi-User System.
[[0;32m  OK  [0m] Reached target Graphical Interface.
         Starting Update UTMP about System Runlevel Changes...
[[0;32m  OK  [0m] Started Update UTMP about System Runlevel Changes.
[   10.775630] cloud-init[1285]: Generating locales (this might take a while)...
[   11.419738] cloud-init[1285]:   en_US.UTF-8... done
[   11.420969] cloud-init[1285]: Generation complete.
[   11.651803] cloud-init[1285]: Cloud-init v. 20.4.1-0ubuntu1~16.04.1 running 'modules:config' at Mon, 22 Mar 2021 18:32:44 +0000. Up 10.69 seconds.
[[0;32m  OK  [0m] Started Apply the settings specified in cloud-config.
         Starting Execute cloud user/final scripts...
ci-info: no authorized SSH keys fingerprints found for user ubuntu.
<14>Mar 22 18:32:45 ec2: 
<14>Mar 22 18:32:45 ec2: #############################################################
<14>Mar 22 18:32:45 ec2: -----BEGIN SSH HOST KEY FINGERPRINTS-----
<14>Mar 22 18:32:45 ec2: 1024 SHA256:Qu5+j6h3KduV4/XGaag9Xnaqw6zmu27b36knItiGbi8 root@ubuntu-xenial (DSA)
<14>Mar 22 18:32:45 ec2: 256 SHA256:aWVh6Di12lx38iB7XR5QIJKAq1uKrBBuUuWyhlHweaI root@ubuntu-xenial (ECDSA)
<14>Mar 22 18:32:45 ec2: 256 SHA256:vOB8SQjkKkNY7jVMdjno58+1vNqyTeV1sKk8/0i7Av4 root@ubuntu-xenial (ED25519)
<14>Mar 22 18:32:45 ec2: 2048 SHA256:f1K1ukRiM348vv2sq07Tcrtoum/Ee6gikRaiBSV575I root@ubuntu-xenial (RSA)
<14>Mar 22 18:32:45 ec2: -----END SSH HOST KEY FINGERPRINTS-----
<14>Mar 22 18:32:45 ec2: #############################################################
-----BEGIN SSH HOST KEY KEYS-----
ecdsa-sha2-nistp256 AAAAE2VjZHNhLXNoYTItbmlzdHAyNTYAAAAIbmlzdHAyNTYAAABBBHaAXj/PHxnagC5UrTRGuhSqUxYEAMklqRtzOTvJHM8evy7e+6D5M8TsBSBmBPtFW8XIlqtVLy7ML6KfFcpaD/8= root@ubuntu-xenial
ssh-ed25519 AAAAC3NzaC1lZDI1NTE5AAAAIPdrncTGm6n2qFHiWKFO7aDVPxdkp0Ah+u9QOHuJj8u1 root@ubuntu-xenial
ssh-rsa AAAAB3NzaC1yc2EAAAADAQABAAABAQDb3XVBdHazHFQKguxi65wJYYoezeXhRjpi/xv2+D3KLdgZc8s6TByOKyIWkYN9DmDU+xjQCdqzjm+ws7pAtncumGlPBe/zCU5xwVzvf6nQuFDXYqCUyHaOdYyhm6s45AnvgLOnnmC8EMgKskN860AXi9vccnZCTBZs4Ai+i4GJOJGDB5tJBJhKbFQJ8Jv/ogtadrv1PjGdXyRG9Kr9gUgQzKEJBR7iBHNZY4fAjxSmXEVG8rhOuB3cTsL26/RadY9TLIda/97zmmLo0+J6nKGL0AJQRO1XmzM55JIJrCF55uia/d+uOQx4QAOm6WJZVhHDTmatKvLUFNPKlFkEiVEv root@ubuntu-xenial
-----END SSH HOST KEY KEYS-----
[   12.050203] cloud-init[1328]: Cloud-init v. 20.4.1-0ubuntu1~16.04.1 running 'modules:final' at Mon, 22 Mar 2021 18:32:45 +0000. Up 11.93 seconds.
[   12.051868] cloud-init[1328]: ci-info: no authorized SSH keys fingerprints found for user ubuntu.
[   12.054229] cloud-init[1328]: Cloud-init v. 20.4.1-0ubuntu1~16.04.1 finished at Mon, 22 Mar 2021 18:32:45 +0000. Datasource DataSourceNoCloud [seed=/dev/sdb][dsmode=net].  Up 12.04 seconds
[[0;32m  OK  [0m] Started Execute cloud user/final scripts.
[[0;32m  OK  [0m] Reached target Cloud-init target.

Ubuntu 16.04.7 LTS ubuntu-xenial ttyS0

ubuntu-xenial login: 